../Core/Inc/rhdinterface.h:129:20:write_pin	1
../Core/Inc/rhdinterface.h:155:20:allocate_sample_memory	2
../Core/Inc/rhdinterface.h:168:20:free_sample_memory	1
../Core/Inc/userfunctions.h:85:20:wait_ms	1
../Core/Inc/userfunctions.h:97:20:enable_interrupt_timer	2
../Core/Src/main.c:111:5:main	5
../Core/Src/main.c:250:6:SystemClock_Config	4
../Core/Src/main.c:308:6:PeriphCommonClock_Config	2
../Core/Src/main.c:335:13:MX_SPI1_Init	2
../Core/Src/main.c:382:13:MX_SPI3_Init	2
../Core/Src/main.c:430:13:MX_TIM1_Init	9
../Core/Src/main.c:521:13:MX_TIM2_Init	7
../Core/Src/main.c:588:13:MX_TIM3_Init	4
../Core/Src/main.c:636:13:MX_USART3_UART_Init	5
../Core/Src/main.c:682:13:MX_DMA_Init	1
../Core/Src/main.c:706:13:MX_GPIO_Init	1
../Core/Src/main.c:797:6:Error_Handler	1
