../Core/Inc/rhdinterface.h:129:20:write_pin	24	static
../Core/Inc/rhdinterface.h:155:20:allocate_sample_memory	16	static
../Core/Inc/rhdinterface.h:168:20:free_sample_memory	8	static
../Core/Inc/userfunctions.h:85:20:wait_ms	16	static
../Core/Inc/userfunctions.h:97:20:enable_interrupt_timer	16	static
../Core/Src/main.c:111:5:main	8	static
../Core/Src/main.c:250:6:SystemClock_Config	120	static
../Core/Src/main.c:308:6:PeriphCommonClock_Config	192	static
../Core/Src/main.c:335:13:MX_SPI1_Init	8	static
../Core/Src/main.c:382:13:MX_SPI3_Init	8	static
../Core/Src/main.c:430:13:MX_TIM1_Init	136	static
../Core/Src/main.c:521:13:MX_TIM2_Init	72	static
../Core/Src/main.c:588:13:MX_TIM3_Init	48	static
../Core/Src/main.c:636:13:MX_USART3_UART_Init	8	static
../Core/Src/main.c:682:13:MX_DMA_Init	16	static
../Core/Src/main.c:706:13:MX_GPIO_Init	56	static
../Core/Src/main.c:797:6:Error_Handler	4	static,ignoring_inline_asm
