../Core/Src/rhsinterface.c:261:6:handle_error.part.0	8	static
../Core/Src/rhsinterface.c:261:6:handle_error	8	static
../Core/Src/rhsinterface.c:283:6:copy_next_aux_commands_to_MOSI	0	static
../Core/Src/rhsinterface.c:299:6:sample_processing_routine	16	static
../Core/Src/rhsinterface.c:361:6:initialize_spi_with_dma	0	static
../Core/Src/rhsinterface.c:408:6:end_spi_with_dma	0	static
../Core/Src/rhsinterface.c:465:8:calculate_sample_rate	32	static
../Core/Src/rhsinterface.c:498:6:send_spi_command	16	static
../Core/Src/rhsinterface.c:422:6:write_initial_reg_values	248	static
../Core/Src/rhsinterface.c:510:6:create_convert_sequence	0	static
../Core/Src/rhsinterface.c:542:5:create_command_list_RHS_register_config	24	static
../Core/Src/rhsinterface.c:651:5:create_command_list_RHS_register_read	0	static
../Core/Src/rhsinterface.c:715:5:create_command_list_set_stim_magnitudes	24	static
../Core/Src/rhsinterface.c:742:5:create_command_list_set_stim_magnitudes_all_channels	32	static
../Core/Src/rhsinterface.c:769:5:create_command_list_config_charge_recovery	24	static
../Core/Src/rhsinterface.c:795:5:create_command_list_dummy	0	static
../Core/Src/rhsinterface.c:811:5:create_command_list_zcheck_DAC	56	static
../Core/Src/rhsinterface.c:858:6:HAL_SPI_TxRxCpltCallback	8	static
../Core/Src/rhsinterface.c:867:6:HAL_SPI_ErrorCallback	0	static
../Core/Src/rhsinterface.c:874:6:HAL_UART_TxCpltCallback	0	static
../Core/Src/rhsinterface.c:1210:6:process_trigger	0	static
