../Core/Src/userfunctions.c:40:5:loop_escape	0	static
../Core/Src/userfunctions.c:53:6:write_data_to_memory	12	static
../Core/Src/userfunctions.c:72:6:transmit_data_realtime	0	static
../Core/Src/userfunctions.c:141:6:configure_registers	8	static
../Core/Src/userfunctions.c:199:6:configure_stim_sequences	160	static
../Core/Src/userfunctions.c:284:6:handle_compliance_result	0	static
../Core/Src/userfunctions.c:298:6:configure_convert_commands	0	static
../Core/Src/userfunctions.c:316:6:configure_aux_commands	16	static
../Core/Src/userfunctions.c:355:6:transmit_dma_to_usart	8	static
../Core/Src/userfunctions.c:99:6:transmit_data_offline	24	static
