../Core/Inc/rhsinterface.h:135:20:write_pin	24	static
../Core/Inc/rhsinterface.h:161:20:allocate_sample_memory	16	static
../Core/Inc/rhsinterface.h:174:20:free_sample_memory	8	static
../Core/Inc/userfunctions.h:89:20:wait_ms	16	static
../Core/Inc/userfunctions.h:101:20:enable_interrupt_timer	16	static
../Core/Src/main.c:107:5:main	8	static
../Core/Src/main.c:242:6:SystemClock_Config	128	static
../Core/Src/main.c:294:13:SystemPower_Config	8	static
../Core/Src/main.c:319:13:MX_GPDMA1_Init	16	static
../Core/Src/main.c:351:13:MX_ICACHE_Init	8	static
../Core/Src/main.c:383:13:MX_SPI1_Init	24	static
../Core/Src/main.c:440:13:MX_TIM3_Init	48	static
../Core/Src/main.c:488:13:MX_USART1_UART_Init	8	static
../Core/Src/main.c:538:13:MX_GPIO_Init	56	static
../Core/Src/main.c:641:6:Error_Handler	4	static,ignoring_inline_asm
