../Core/Inc/rhsinterface.h:135:20:write_pin	1
../Core/Inc/rhsinterface.h:161:20:allocate_sample_memory	2
../Core/Inc/rhsinterface.h:174:20:free_sample_memory	1
../Core/Inc/userfunctions.h:89:20:wait_ms	1
../Core/Inc/userfunctions.h:101:20:enable_interrupt_timer	2
../Core/Src/main.c:107:5:main	5
../Core/Src/main.c:242:6:SystemClock_Config	4
../Core/Src/main.c:294:13:SystemPower_Config	2
../Core/Src/main.c:319:13:MX_GPDMA1_Init	1
../Core/Src/main.c:351:13:MX_ICACHE_Init	3
../Core/Src/main.c:383:13:MX_SPI1_Init	3
../Core/Src/main.c:440:13:MX_TIM3_Init	4
../Core/Src/main.c:488:13:MX_USART1_UART_Init	5
../Core/Src/main.c:538:13:MX_GPIO_Init	1
../Core/Src/main.c:641:6:Error_Handler	1
