../Core/Src/rhsinterface.c:261:6:handle_error.part.0	8	static
../Core/Src/rhsinterface.c:261:6:handle_error	8	static
../Core/Src/rhsinterface.c:283:6:copy_next_aux_commands_to_MOSI	0	static
../Core/Src/rhsinterface.c:299:6:sample_processing_routine	16	static
../Core/Src/rhsinterface.c:361:6:initialize_spi_with_dma	0	static
../Core/Src/rhsinterface.c:425:6:end_spi_with_dma	0	static
../Core/Src/rhsinterface.c:482:8:calculate_sample_rate	8	static
../Core/Src/rhsinterface.c:515:6:send_spi_command	16	static
../Core/Src/rhsinterface.c:439:6:write_initial_reg_values	248	static
../Core/Src/rhsinterface.c:527:6:create_convert_sequence	0	static
../Core/Src/rhsinterface.c:559:5:create_command_list_RHS_register_config	24	static
../Core/Src/rhsinterface.c:668:5:create_command_list_RHS_register_read	0	static
../Core/Src/rhsinterface.c:732:5:create_command_list_set_stim_magnitudes	24	static
../Core/Src/rhsinterface.c:759:5:create_command_list_set_stim_magnitudes_all_channels	32	static
../Core/Src/rhsinterface.c:786:5:create_command_list_config_charge_recovery	24	static
../Core/Src/rhsinterface.c:812:5:create_command_list_dummy	0	static
../Core/Src/rhsinterface.c:828:5:create_command_list_zcheck_DAC	88	static
../Core/Src/rhsinterface.c:875:6:HAL_SPI_TxRxCpltCallback	8	static
../Core/Src/rhsinterface.c:884:6:HAL_SPI_ErrorCallback	0	static
../Core/Src/rhsinterface.c:891:6:HAL_UART_TxCpltCallback	0	static
../Core/Src/rhsinterface.c:1144:6:process_trigger	0	static
