../Core/Src/stimscheduler.c:37:23:num_commands_in_buffer	0	static
../Core/Src/stimscheduler.c:102:20:load_write_to_next	24	static
../Core/Src/stimscheduler.c:163:6:initialize_stim_sequences	20	static
../Core/Src/stimscheduler.c:182:6:initialize_command_buffer	0	static
../Core/Src/stimscheduler.c:194:9:register_differs	8	static
../Core/Src/stimscheduler.c:370:6:sync_parameters_queue	32	static
../Core/Src/stimscheduler.c:410:6:sync_parameters_immediate	136	static
../Core/Src/stimscheduler.c:444:6:set_parameters_for_segment	48	static
../Core/Src/stimscheduler.c:599:6:process_stim_sequences	32	static
