Archive member included to satisfy reference by file (symbol)

C:/ST/STM32CubeIDE_1.9.0/STM32CubeIDE/plugins/com.st.stm32cube.ide.mcu.externaltools.gnu-tools-for-stm32.13.3.rel1.win32_1.0.0.202411081344/tools/bin/../lib/gcc/arm-none-eabi/13.3.1/../../../../arm-none-eabi/lib/thumb/v7e-m+dp/hard\libc_nano.a(libc_a-exit.o)
                              C:/ST/STM32CubeIDE_1.9.0/STM32CubeIDE/plugins/com.st.stm32cube.ide.mcu.externaltools.gnu-tools-for-stm32.13.3.rel1.win32_1.0.0.202411081344/tools/bin/../lib/gcc/arm-none-eabi/13.3.1/../../../../arm-none-eabi/lib/thumb/v7e-m+dp/hard/crt0.o (exit)
C:/ST/STM32CubeIDE_1.9.0/STM32CubeIDE/plugins/com.st.stm32cube.ide.mcu.externaltools.gnu-tools-for-stm32.13.3.rel1.win32_1.0.0.202411081344/tools/bin/../lib/gcc/arm-none-eabi/13.3.1/../../../../arm-none-eabi/lib/thumb/v7e-m+dp/hard\libc_nano.a(libc_a-malloc.o)
                              ./Core/Src/main.o (malloc)
C:/ST/STM32CubeIDE_1.9.0/STM32CubeIDE/plugins/com.st.stm32cube.ide.mcu.externaltools.gnu-tools-for-stm32.13.3.rel1.win32_1.0.0.202411081344/tools/bin/../lib/gcc/arm-none-eabi/13.3.1/../../../../arm-none-eabi/lib/thumb/v7e-m+dp/hard\libc_nano.a(libc_a-mallocr.o)
                              C:/ST/STM32CubeIDE_1.9.0/STM32CubeIDE/plugins/com.st.stm32cube.ide.mcu.externaltools.gnu-tools-for-stm32.13.3.rel1.win32_1.0.0.202411081344/tools/bin/../lib/gcc/arm-none-eabi/13.3.1/../../../../arm-none-eabi/lib/thumb/v7e-m+dp/hard\libc_nano.a(libc_a-malloc.o) (_malloc_r)
C:/ST/STM32CubeIDE_1.9.0/STM32CubeIDE/plugins/com.st.stm32cube.ide.mcu.externaltools.gnu-tools-for-stm32.13.3.rel1.win32_1.0.0.202411081344/tools/bin/../lib/gcc/arm-none-eabi/13.3.1/../../../../arm-none-eabi/lib/thumb/v7e-m+dp/hard\libc_nano.a(libc_a-mlock.o)
                              C:/ST/STM32CubeIDE_1.9.0/STM32CubeIDE/plugins/com.st.stm32cube.ide.mcu.externaltools.gnu-tools-for-stm32.13.3.rel1.win32_1.0.0.202411081344/tools/bin/../lib/gcc/arm-none-eabi/13.3.1/../../../../arm-none-eabi/lib/thumb/v7e-m+dp/hard\libc_nano.a(libc_a-mallocr.o) (__malloc_lock)
C:/ST/STM32CubeIDE_1.9.0/STM32CubeIDE/plugins/com.st.stm32cube.ide.mcu.externaltools.gnu-tools-for-stm32.13.3.rel1.win32_1.0.0.202411081344/tools/bin/../lib/gcc/arm-none-eabi/13.3.1/../../../../arm-none-eabi/lib/thumb/v7e-m+dp/hard\libc_nano.a(libc_a-findfp.o)
                              C:/ST/STM32CubeIDE_1.9.0/STM32CubeIDE/plugins/com.st.stm32cube.ide.mcu.externaltools.gnu-tools-for-stm32.13.3.rel1.win32_1.0.0.202411081344/tools/bin/../lib/gcc/arm-none-eabi/13.3.1/../../../../arm-none-eabi/lib/thumb/v7e-m+dp/hard\libc_nano.a(libc_a-exit.o) (__stdio_exit_handler)
C:/ST/STM32CubeIDE_1.9.0/STM32CubeIDE/plugins/com.st.stm32cube.ide.mcu.externaltools.gnu-tools-for-stm32.13.3.rel1.win32_1.0.0.202411081344/tools/bin/../lib/gcc/arm-none-eabi/13.3.1/../../../../arm-none-eabi/lib/thumb/v7e-m+dp/hard\libc_nano.a(libc_a-fwalk.o)
                              C:/ST/STM32CubeIDE_1.9.0/STM32CubeIDE/plugins/com.st.stm32cube.ide.mcu.externaltools.gnu-tools-for-stm32.13.3.rel1.win32_1.0.0.202411081344/tools/bin/../lib/gcc/arm-none-eabi/13.3.1/../../../../arm-none-eabi/lib/thumb/v7e-m+dp/hard\libc_nano.a(libc_a-findfp.o) (_fwalk_sglue)
C:/ST/STM32CubeIDE_1.9.0/STM32CubeIDE/plugins/com.st.stm32cube.ide.mcu.externaltools.gnu-tools-for-stm32.13.3.rel1.win32_1.0.0.202411081344/tools/bin/../lib/gcc/arm-none-eabi/13.3.1/../../../../arm-none-eabi/lib/thumb/v7e-m+dp/hard\libc_nano.a(libc_a-stdio.o)
                              C:/ST/STM32CubeIDE_1.9.0/STM32CubeIDE/plugins/com.st.stm32cube.ide.mcu.externaltools.gnu-tools-for-stm32.13.3.rel1.win32_1.0.0.202411081344/tools/bin/../lib/gcc/arm-none-eabi/13.3.1/../../../../arm-none-eabi/lib/thumb/v7e-m+dp/hard\libc_nano.a(libc_a-findfp.o) (__sread)
C:/ST/STM32CubeIDE_1.9.0/STM32CubeIDE/plugins/com.st.stm32cube.ide.mcu.externaltools.gnu-tools-for-stm32.13.3.rel1.win32_1.0.0.202411081344/tools/bin/../lib/gcc/arm-none-eabi/13.3.1/../../../../arm-none-eabi/lib/thumb/v7e-m+dp/hard\libc_nano.a(libc_a-memset.o)
                              C:/ST/STM32CubeIDE_1.9.0/STM32CubeIDE/plugins/com.st.stm32cube.ide.mcu.externaltools.gnu-tools-for-stm32.13.3.rel1.win32_1.0.0.202411081344/tools/bin/../lib/gcc/arm-none-eabi/13.3.1/../../../../arm-none-eabi/lib/thumb/v7e-m+dp/hard/crt0.o (memset)
C:/ST/STM32CubeIDE_1.9.0/STM32CubeIDE/plugins/com.st.stm32cube.ide.mcu.externaltools.gnu-tools-for-stm32.13.3.rel1.win32_1.0.0.202411081344/tools/bin/../lib/gcc/arm-none-eabi/13.3.1/../../../../arm-none-eabi/lib/thumb/v7e-m+dp/hard\libc_nano.a(libc_a-closer.o)
                              C:/ST/STM32CubeIDE_1.9.0/STM32CubeIDE/plugins/com.st.stm32cube.ide.mcu.externaltools.gnu-tools-for-stm32.13.3.rel1.win32_1.0.0.202411081344/tools/bin/../lib/gcc/arm-none-eabi/13.3.1/../../../../arm-none-eabi/lib/thumb/v7e-m+dp/hard\libc_nano.a(libc_a-stdio.o) (_close_r)
[...]
Memory Configuration

Name             Origin             Length             Attributes
ITCMRAM          0x00000000         0x00010000         xrw
DTCMRAM          0x20000000         0x00020000         xrw
FLASH            0x08000000         0x00100000         xr
RAM_D1           0x24000000         0x00050000         xrw
RAM_D2           0x30000000         0x00008000         xrw
RAM_D3           0x38000000         0x00004000         xrw
*default*        0x00000000         0xffffffff

Linker script and memory map

LOAD C:/ST/STM32CubeIDE_1.9.0/STM32CubeIDE/plugins/com.st.stm32cube.ide.mcu.externaltools.gnu-tools-for-stm32.13.3.rel1.win32_1.0.0.202411081344/tools/bin/../lib/gcc/arm-none-eabi/13.3.1/thumb/v7e-m+dp/hard/crti.o
LOAD C:/ST/STM32CubeIDE_1.9.0/STM32CubeIDE/plugins/com.st.stm32cube.ide.mcu.externaltools.gnu-tools-for-stm32.13.3.rel1.win32_1.0.0.202411081344/tools/bin/../lib/gcc/arm-none-eabi/13.3.1/thumb/v7e-m+dp/hard/crtbegin.o
LOAD C:/ST/STM32CubeIDE_1.9.0/STM32CubeIDE/plugins/com.st.stm32cube.ide.mcu.externaltools.gnu-tools-for-stm32.13.3.rel1.win32_1.0.0.202411081344/tools/bin/../lib/gcc/arm-none-eabi/13.3.1/../../../../arm-none-eabi/lib/thumb/v7e-m+dp/hard/crt0.o
LOAD ./Core/Src/main.o
LOAD ./Core/Src/rhdinterface.o
LOAD ./Core/Src/rhdregisters.o
LOAD ./Core/Src/stm32h7xx_hal_msp.o
LOAD ./Core/Src/stm32h7xx_it.o
LOAD ./Core/Src/syscalls.o
LOAD ./Core/Src/sysmem.o
LOAD ./Core/Src/system_stm32h7xx.o
LOAD ./Core/Src/userfunctions.o
LOAD ./Core/Startup/startup_stm32h723zgtx.o
LOAD ./Drivers/STM32H7xx_HAL_Driver/Src/stm32h7xx_hal.o
LOAD ./Drivers/STM32H7xx_HAL_Driver/Src/stm32h7xx_hal_cortex.o
LOAD ./Drivers/STM32H7xx_HAL_Driver/Src/stm32h7xx_hal_dma.o
LOAD ./Drivers/STM32H7xx_HAL_Driver/Src/stm32h7xx_hal_dma_ex.o
LOAD ./Drivers/STM32H7xx_HAL_Driver/Src/stm32h7xx_hal_exti.o
LOAD ./Drivers/STM32H7xx_HAL_Driver/Src/stm32h7xx_hal_flash.o
LOAD ./Drivers/STM32H7xx_HAL_Driver/Src/stm32h7xx_hal_flash_ex.o
LOAD ./Drivers/STM32H7xx_HAL_Driver/Src/stm32h7xx_hal_gpio.o
LOAD ./Drivers/STM32H7xx_HAL_Driver/Src/stm32h7xx_hal_hsem.o
LOAD ./Drivers/STM32H7xx_HAL_Driver/Src/stm32h7xx_hal_i2c.o
LOAD ./Drivers/STM32H7xx_HAL_Driver/Src/stm32h7xx_hal_i2c_ex.o
LOAD ./Drivers/STM32H7xx_HAL_Driver/Src/stm32h7xx_hal_mdma.o
LOAD ./Drivers/STM32H7xx_HAL_Driver/Src/stm32h7xx_hal_pwr.o
LOAD ./Drivers/STM32H7xx_HAL_Driver/Src/stm32h7xx_hal_pwr_ex.o
LOAD ./Drivers/STM32H7xx_HAL_Driver/Src/stm32h7xx_hal_rcc.o
LOAD ./Drivers/STM32H7xx_HAL_Driver/Src/stm32h7xx_hal_rcc_ex.o
LOAD ./Drivers/STM32H7xx_HAL_Driver/Src/stm32h7xx_hal_spi.o
LOAD ./Drivers/STM32H7xx_HAL_Driver/Src/stm32h7xx_hal_spi_ex.o
LOAD ./Drivers/STM32H7xx_HAL_Driver/Src/stm32h7xx_hal_tim.o
LOAD ./Drivers/STM32H7xx_HAL_Driver/Src/stm32h7xx_hal_tim_ex.o
LOAD ./Drivers/STM32H7xx_HAL_Driver/Src/stm32h7xx_hal_uart.o
LOAD ./Drivers/STM32H7xx_HAL_Driver/Src/stm32h7xx_hal_uart_ex.o
START GROUP
LOAD C:/ST/STM32CubeIDE_1.9.0/STM32CubeIDE/plugins/com.st.stm32cube.ide.mcu.externaltools.gnu-tools-for-stm32.13.3.rel1.win32_1.0.0.202411081344/tools/bin/../lib/gcc/arm-none-eabi/13.3.1/../../../../arm-none-eabi/lib/thumb/v7e-m+dp/hard\libc_nano.a
LOAD C:/ST/STM32CubeIDE_1.9.0/STM32CubeIDE/plugins/com.st.stm32cube.ide.mcu.externaltools.gnu-tools-for-stm32.13.3.rel1.win32_1.0.0.202411081344/tools/bin/../lib/gcc/arm-none-eabi/13.3.1/../../../../arm-none-eabi/lib/thumb/v7e-m+dp/hard\libm.a
END GROUP
START GROUP
LOAD C:/ST/STM32CubeIDE_1.9.0/STM32CubeIDE/plugins/com.st.stm32cube.ide.mcu.externaltools.gnu-tools-for-stm32.13.3.rel1.win32_1.0.0.202411081344/tools/bin/../lib/gcc/arm-none-eabi/13.3.1/thumb/v7e-m+dp/hard\libgcc.a
LOAD C:/ST/STM32CubeIDE_1.9.0/STM32CubeIDE/plugins/com.st.stm32cube.ide.mcu.externaltools.gnu-tools-for-stm32.13.3.rel1.win32_1.0.0.202411081344/tools/bin/../lib/gcc/arm-none-eabi/13.3.1/../../../../arm-none-eabi/lib/thumb/v7e-m+dp/hard\libc_nano.a
END GROUP
START GROUP
LOAD C:/ST/STM32CubeIDE_1.9.0/STM32CubeIDE/plugins/com.st.stm32cube.ide.mcu.externaltools.gnu-tools-for-stm32.13.3.rel1.win32_1.0.0.202411081344/tools/bin/../lib/gcc/arm-none-eabi/13.3.1/thumb/v7e-m+dp/hard\libgcc.a
LOAD C:/ST/STM32CubeIDE_1.9.0/STM32CubeIDE/plugins/com.st.stm32cube.ide.mcu.externaltools.gnu-tools-for-stm32.13.3.rel1.win32_1.0.0.202411081344/tools/bin/../lib/gcc/arm-none-eabi/13.3.1/../../../../arm-none-eabi/lib/thumb/v7e-m+dp/hard\libc_nano.a
LOAD C:/ST/STM32CubeIDE_1.9.0/STM32CubeIDE/plugins/com.st.stm32cube.ide.mcu.externaltools.gnu-tools-for-stm32.13.3.rel1.win32_1.0.0.202411081344/tools/bin/../lib/gcc/arm-none-eabi/13.3.1/../../../../arm-none-eabi/lib/thumb/v7e-m+dp/hard\libnosys.a
END GROUP
START GROUP
LOAD C:/ST/STM32CubeIDE_1.9.0/STM32CubeIDE/plugins/com.st.stm32cube.ide.mcu.externaltools.gnu-tools-for-stm32.13.3.rel1.win32_1.0.0.202411081344/tools/bin/../lib/gcc/arm-none-eabi/13.3.1/thumb/v7e-m+dp/hard\libgcc.a
LOAD C:/ST/STM32CubeIDE_1.9.0/STM32CubeIDE/plugins/com.st.stm32cube.ide.mcu.externaltools.gnu-tools-for-stm32.13.3.rel1.win32_1.0.0.202411081344/tools/bin/../lib/gcc/arm-none-eabi/13.3.1/../../../../arm-none-eabi/lib/thumb/v7e-m+dp/hard\libc_nano.a
LOAD C:/ST/STM32CubeIDE_1.9.0/STM32CubeIDE/plugins/com.st.stm32cube.ide.mcu.externaltools.gnu-tools-for-stm32.13.3.rel1.win32_1.0.0.202411081344/tools/bin/../lib/gcc/arm-none-eabi/13.3.1/../../../../arm-none-eabi/lib/thumb/v7e-m+dp/hard\libnosys.a
END GROUP
LOAD C:/ST/STM32CubeIDE_1.9.0/STM32CubeIDE/plugins/com.st.stm32cube.ide.mcu.externaltools.gnu-tools-for-stm32.13.3.rel1.win32_1.0.0.202411081344/tools/bin/../lib/gcc/arm-none-eabi/13.3.1/thumb/v7e-m+dp/hard/crtend.o
LOAD C:/ST/STM32CubeIDE_1.9.0/STM32CubeIDE/plugins/com.st.stm32cube.ide.mcu.externaltools.gnu-tools-for-stm32.13.3.rel1.win32_1.0.0.202411081344/tools/bin/../lib/gcc/arm-none-eabi/13.3.1/thumb/v7e-m+dp/hard/crtn.o
                0x24050000                        _estack = (ORIGIN (RAM_D1) + LENGTH (RAM_D1))
                0x00000200                        _Min_Heap_Size = 0x200
                0x00000400                        _Min_Stack_Size = 0x400

.isr_vector     0x08000000      0x2cc
                0x08000000                        . = ALIGN (0x4)
 *(.isr_vector)
 .isr_vector    0x08000000      0x2cc ./Core/Startup/startup_stm32h723zgtx.o
                0x08000000                g_pfnVectors
                0x080002cc                        . = ALIGN (0x4)

.text           0x080002d0     0xd340
                0x080002d0                        . = ALIGN (0x4)
 *(.text)
 .text          0x080002d0       0x40 C:/ST/STM32CubeIDE_1.9.0/STM32CubeIDE/plugins/com.st.stm32cube.ide.mcu.externaltools.gnu-tools-for-stm32.13.3.rel1.win32_1.0.0.202411081344/tools/bin/../lib/gcc/arm-none-eabi/13.3.1/thumb/v7e-m+dp/hard/crtbegin.o
 .text          0x08000310       0x30 C:/ST/STM32CubeIDE_1.9.0/STM32CubeIDE/plugins/com.st.stm32cube.ide.mcu.externaltools.gnu-tools-for-stm32.13.3.rel1.win32_1.0.0.202411081344/tools/bin/../lib/gcc/arm-none-eabi/13.3.1/thumb/v7e-m+dp/hard\libgcc.a(_aeabi_uldivmod.o)
                0x08000310                __aeabi_uldivmod
 .text          0x08000340      0x2f8 C:/ST/STM32CubeIDE_1.9.0/STM32CubeIDE/plugins/com.st.stm32cube.ide.mcu.externaltools.gnu-tools-for-stm32.13.3.rel1.win32_1.0.0.202411081344/tools/bin/../lib/gcc/arm-none-eabi/13.3.1/thumb/v7e-m+dp/hard\libgcc.a(_udivmoddi4.o)
                0x08000340                __udivmoddi4
 .text          0x08000638        0x4 C:/ST/STM32CubeIDE_1.9.0/STM32CubeIDE/plugins/com.st.stm32cube.ide.mcu.externaltools.gnu-tools-for-stm32.13.3.rel1.win32_1.0.0.202411081344/tools/bin/../lib/gcc/arm-none-eabi/13.3.1/thumb/v7e-m+dp/hard\libgcc.a(_dvmd_tls.o)
                0x08000638                __aeabi_idiv0
                0x08000638                __aeabi_ldiv0
 *(.text*)
 .text.write_pin
                0x0800063c       0x24 ./Core/Src/main.o
 .text.allocate_sample_memory
                0x08000660       0x5c ./Core/Src/main.o
 .text.free_sample_memory
                0x080006bc       0x18 ./Core/Src/main.o
 .text.wait_ms  0x080006d4       0x18 ./Core/Src/main.o
 .text.enable_interrupt_timer
                0x080006ec       0x2c ./Core/Src/main.o
 .text.main     0x08000718      0x100 ./Core/Src/main.o
                0x08000718                main
 .text.SystemClock_Config
                0x08000818       0xdc ./Core/Src/main.o
                0x08000818                SystemClock_Config
 .text.MX_SPI3_Init
                0x080008f4       0xb0 ./Core/Src/main.o
 .text.MX_TIM3_Init
                0x080009a4       0xb0 ./Core/Src/main.o
 .text.MX_USART3_UART_Init
                0x08000a54       0x9c ./Core/Src/main.o
 .text.MX_DMA_Init
                0x08000af0       0x60 ./Core/Src/main.o
 .text.MX_GPIO_Init
                0x08000b50      0x20c ./Core/Src/main.o
 .text.Error_Handler
                0x08000d5c        0xc ./Core/Src/main.o
                0x08000d5c                Error_Handler
 .text.convert_command
                0x08000d68       0x32 ./Core/Src/rhdinterface.o
 .text.calibrate_command
                0x08000d9a       0x12 ./Core/Src/rhdinterface.o
 .text.write_command
                0x08000dac       0x38 ./Core/Src/rhdinterface.o
 .text.read_command
                0x08000de4       0x1e ./Core/Src/rhdinterface.o
 .text.write_pin
                0x08000e02       0x24 ./Core/Src/rhdinterface.o
 .text.extract_error_code_bit
                0x08000e26       0x34 ./Core/Src/rhdinterface.o
 *fill*         0x08000e5a        0x2 
 .text.transfer_sequence_spi_dma
                0x08000e5c       0x2c ./Core/Src/rhdinterface.o
 .text.spi_txrx_cplt_callback
                0x08000e88       0x54 ./Core/Src/rhdinterface.o
 .text.spi_error_callback
                0x08000edc       0x18 ./Core/Src/rhdinterface.o
 .text.send_receive_spi_command
                0x08000ef4       0x48 ./Core/Src/rhdinterface.o
 .text.cycle_aux_commands
                0x08000f3c       0x68 ./Core/Src/rhdinterface.o
 .text.handle_error
                0x08000fa4       0x90 ./Core/Src/rhdinterface.o
                0x08000fa4                handle_error
 .text.copy_next_aux_commands_to_MOSI
                0x08001034       0x44 ./Core/Src/rhdinterface.o
                0x08001034                copy_next_aux_commands_to_MOSI
 .text.sample_processing_routine
                0x08001078       0x7c ./Core/Src/rhdinterface.o
                0x08001078                sample_processing_routine
 .text.initialize_spi_with_dma
                0x080010f4        0xe ./Core/Src/rhdinterface.o
                0x080010f4                initialize_spi_with_dma
 .text.end_spi_with_dma
                0x08001102        0xe ./Core/Src/rhdinterface.o
                0x08001102                end_spi_with_dma
 .text.write_initial_reg_values
                0x08001110       0xd2 ./Core/Src/rhdinterface.o
                0x08001110                write_initial_reg_values
 *fill*         0x080011e2        0x2 
 .text.calculate_sample_rate
                0x080011e4       0xac ./Core/Src/rhdinterface.o
                0x080011e4                calculate_sample_rate
 .text.send_spi_command
                0x08001290       0x24 ./Core/Src/rhdinterface.o
                0x08001290                send_spi_command
 .text.create_convert_sequence
                0x080012b4       0x74 ./Core/Src/rhdinterface.o
                0x080012b4                create_convert_sequence
 .text.create_command_list_RHD_register_config
                0x08001328      0x376 ./Core/Src/rhdinterface.o
                0x08001328                create_command_list_RHD_register_config
 .text.create_command_list_dummy
                0x0800169e       0x44 ./Core/Src/rhdinterface.o
                0x0800169e                create_command_list_dummy
 *fill*         0x080016e2        0x2 
 .text.HAL_SPI_TxRxCpltCallback
                0x080016e4       0x20 ./Core/Src/rhdinterface.o
                0x080016e4                HAL_SPI_TxRxCpltCallback
 .text.HAL_SPI_ErrorCallback
                0x08001704       0x14 ./Core/Src/rhdinterface.o
                0x08001704                HAL_SPI_ErrorCallback
 .text.HAL_UART_TxCpltCallback
                0x08001718       0x20 ./Core/Src/rhdinterface.o
                0x08001718                HAL_UART_TxCpltCallback
 .text.channel_out_of_range
                0x08001738       0x2c ./Core/Src/rhdregisters.o
 .text.set_DigOutHiZ
                0x08001764       0x20 ./Core/Src/rhdregisters.o
 *fill*         0x08001784        0x4 
 .text.set_DSP_cutoff_freq
                0x08001788      0x188 ./Core/Src/rhdregisters.o
 .text.power_up_all_amps
                0x08001910       0x34 ./Core/Src/rhdregisters.o
 *fill*         0x08001944        0x4 
 .text.rH1_from_upper_bandwidth
                0x08001948       0x88 ./Core/Src/rhdregisters.o
 .text.rH2_from_upper_bandwidth
                0x080019d0       0x88 ./Core/Src/rhdregisters.o
 .text.rL_from_lower_bandwidth
                0x08001a58      0x120 ./Core/Src/rhdregisters.o
 .text.upper_bandwidth_from_rH1
                0x08001b78       0xc8 ./Core/Src/rhdregisters.o
 .text.upper_bandwidth_from_rH2
                0x08001c40       0xc8 ./Core/Src/rhdregisters.o
 .text.lower_bandwidth_from_rL
                0x08001d08      0x160 ./Core/Src/rhdregisters.o
 .text.set_upper_bandwidth
                0x08001e68      0x29c ./Core/Src/rhdregisters.o
 *fill*         0x08002104        0x4 
 .text.set_lower_bandwidth
                0x08002108      0x1b0 ./Core/Src/rhdregisters.o
 .text.set_biases_based_on_sample_rate
                0x080022b8      0x180 ./Core/Src/rhdregisters.o
 .text.set_zcheck_scale
                0x08002438       0x44 ./Core/Src/rhdregisters.o
                0x08002438                set_zcheck_scale
 .text.set_zcheck_polarity
                0x0800247c       0x28 ./Core/Src/rhdregisters.o
                0x0800247c                set_zcheck_polarity
 .text.set_zcheck_channel
                0x080024a4       0x34 ./Core/Src/rhdregisters.o
                0x080024a4                set_zcheck_channel
 .text.set_default_rhd_settings
                0x080024d8      0x118 ./Core/Src/rhdregisters.o
                0x080024d8                set_default_rhd_settings
 .text.get_register_value
                0x080025f0      0x314 ./Core/Src/rhdregisters.o
                0x080025f0                get_register_value
 .text.HAL_MspInit
                0x08002904       0x34 ./Core/Src/stm32h7xx_hal_msp.o
                0x08002904                HAL_MspInit
 .text.HAL_SPI_MspInit
                0x08002938      0x26c ./Core/Src/stm32h7xx_hal_msp.o
                0x08002938                HAL_SPI_MspInit
 .text.HAL_TIM_OC_MspInit
                0x08002ba4       0x50 ./Core/Src/stm32h7xx_hal_msp.o
                0x08002ba4                HAL_TIM_OC_MspInit
 .text.HAL_UART_MspInit
                0x08002bf4      0x198 ./Core/Src/stm32h7xx_hal_msp.o
                0x08002bf4                HAL_UART_MspInit
 .text.NMI_Handler
                0x08002d8c        0x8 ./Core/Src/stm32h7xx_it.o
                0x08002d8c                NMI_Handler
 .text.HardFault_Handler
                0x08002d94        0x8 ./Core/Src/stm32h7xx_it.o
                0x08002d94                HardFault_Handler
 .text.MemManage_Handler
                0x08002d9c        0x8 ./Core/Src/stm32h7xx_it.o
                0x08002d9c                MemManage_Handler
 .text.BusFault_Handler
                0x08002da4        0x8 ./Core/Src/stm32h7xx_it.o
                0x08002da4                BusFault_Handler
 .text.UsageFault_Handler
                0x08002dac        0x8 ./Core/Src/stm32h7xx_it.o
                0x08002dac                UsageFault_Handler
 .text.SVC_Handler
                0x08002db4        0xe ./Core/Src/stm32h7xx_it.o
                0x08002db4                SVC_Handler
 .text.DebugMon_Handler
                0x08002dc2        0xe ./Core/Src/stm32h7xx_it.o
                0x08002dc2                DebugMon_Handler
 .text.PendSV_Handler
                0x08002dd0        0xe ./Core/Src/stm32h7xx_it.o
                0x08002dd0                PendSV_Handler
 *fill*         0x08002dde        0x2 
 .text.SysTick_Handler
                0x08002de0       0x24 ./Core/Src/stm32h7xx_it.o
                0x08002de0                SysTick_Handler
 .text.DMA1_Stream0_IRQHandler
                0x08002e04       0x14 ./Core/Src/stm32h7xx_it.o
                0x08002e04                DMA1_Stream0_IRQHandler
 .text.DMA1_Stream1_IRQHandler
                0x08002e18       0x14 ./Core/Src/stm32h7xx_it.o
                0x08002e18                DMA1_Stream1_IRQHandler
 .text.DMA1_Stream2_IRQHandler
                0x08002e2c       0x14 ./Core/Src/stm32h7xx_it.o
                0x08002e2c                DMA1_Stream2_IRQHandler
 .text.TIM3_IRQHandler
                0x08002e40       0x14 ./Core/Src/stm32h7xx_it.o
                0x08002e40                TIM3_IRQHandler
 .text.USART3_IRQHandler
                0x08002e54       0x14 ./Core/Src/stm32h7xx_it.o
                0x08002e54                USART3_IRQHandler
 .text.SPI3_IRQHandler
                0x08002e68       0x14 ./Core/Src/stm32h7xx_it.o
                0x08002e68                SPI3_IRQHandler
 .text.HAL_TIM_PeriodElapsedCallback
                0x08002e7c       0x20 ./Core/Src/stm32h7xx_it.o
                0x08002e7c                HAL_TIM_PeriodElapsedCallback
 .text._sbrk    0x08002e9c       0x6c ./Core/Src/sysmem.o
                0x08002e9c                _sbrk
 .text.SystemInit
                0x08002f08       0xf0 ./Core/Src/system_stm32h7xx.o
                0x08002f08                SystemInit
 .text.read_command
                0x08002ff8       0x1e ./Core/Src/userfunctions.o
 *fill*         0x08003016        0x2 
 .text.loop_escape
                0x08003018       0x2c ./Core/Src/userfunctions.o
                0x08003018                loop_escape
 .text.write_data_to_memory
                0x08003044       0x60 ./Core/Src/userfunctions.o
                0x08003044                write_data_to_memory
 .text.transmit_data_realtime
                0x080030a4        0xe ./Core/Src/userfunctions.o
                0x080030a4                transmit_data_realtime
 *fill*         0x080030b2        0x2 
 .text.transmit_data_offline
                0x080030b4       0xec ./Core/Src/userfunctions.o
                0x080030b4                transmit_data_offline
 .text.configure_registers
                0x080031a0       0x14 ./Core/Src/userfunctions.o
                0x080031a0                configure_registers
 .text.configure_convert_commands
                0x080031b4        0xe ./Core/Src/userfunctions.o
                0x080031b4                configure_convert_commands
 *fill*         0x080031c2        0x2 
 .text.configure_aux_commands
                0x080031c4       0x4c ./Core/Src/userfunctions.o
                0x080031c4                configure_aux_commands
 .text.transmit_dma_to_usart
                0x08003210       0x30 ./Core/Src/userfunctions.o
                0x08003210                transmit_dma_to_usart
 .text.Reset_Handler
                0x08003240       0x50 ./Core/Startup/startup_stm32h723zgtx.o
                0x08003240                Reset_Handler
 .text.Default_Handler
                0x08003290        0x2 ./Core/Startup/startup_stm32h723zgtx.o
                0x08003290                RTC_Alarm_IRQHandler
                0x08003290                EXTI2_IRQHandler
                0x08003290                TIM8_CC_IRQHandler
                0x08003290                UART8_IRQHandler
                0x08003290                SPI4_IRQHandler
                0x08003290                FDCAN3_IT0_IRQHandler
                0x08003290                TIM1_CC_IRQHandler
                0x08003290                BDMA_Channel6_IRQHandler
                0x08003290                DMA2_Stream5_IRQHandler
                0x08003290                DMA1_Stream5_IRQHandler
                0x08003290                CORDIC_IRQHandler
                0x08003290                BDMA_Channel1_IRQHandler
                0x08003290                TAMP_STAMP_IRQHandler
                0x08003290                EXTI3_IRQHandler
                0x08003290                LPTIM4_IRQHandler
                0x08003290                TIM8_TRG_COM_TIM14_IRQHandler
                0x08003290                LPTIM2_IRQHandler
                0x08003290                DFSDM1_FLT1_IRQHandler
                0x08003290                DMAMUX2_OVR_IRQHandler
                0x08003290                TIM8_UP_TIM13_IRQHandler
                0x08003290                I2C3_ER_IRQHandler
                0x08003290                DFSDM1_FLT2_IRQHandler
                0x08003290                I2C5_EV_IRQHandler
                0x08003290                USART10_IRQHandler
                0x08003290                MDMA_IRQHandler
                0x08003290                LPTIM3_IRQHandler
                0x08003290                HSEM1_IRQHandler
                0x08003290                EXTI0_IRQHandler
                0x08003290                I2C2_EV_IRQHandler
                0x08003290                FPU_IRQHandler
                0x08003290                OTG_HS_WKUP_IRQHandler
                0x08003290                FDCAN1_IT1_IRQHandler
                0x08003290                LTDC_ER_IRQHandler
                0x08003290                DMA2_Stream2_IRQHandler
                0x08003290                SPI1_IRQHandler
                0x08003290                OCTOSPI1_IRQHandler
                0x08003290                TIM6_DAC_IRQHandler
                0x08003290                DMA2_Stream3_IRQHandler
                0x08003290                OCTOSPI2_IRQHandler
                0x08003290                DFSDM1_FLT3_IRQHandler
                0x08003290                TIM23_IRQHandler
                0x08003290                USART6_IRQHandler
                0x08003290                TIM17_IRQHandler
                0x08003290                BDMA_Channel7_IRQHandler
                0x08003290                LPTIM5_IRQHandler
                0x08003290                UART5_IRQHandler
                0x08003290                ADC3_IRQHandler
                0x08003290                DMA2_Stream0_IRQHandler
                0x08003290                TIM4_IRQHandler
                0x08003290                BDMA_Channel2_IRQHandler
                0x08003290                I2C1_EV_IRQHandler
                0x08003290                DMA1_Stream6_IRQHandler
                0x08003290                DMAMUX1_OVR_IRQHandler
                0x08003290                TIM16_IRQHandler
                0x08003290                UART4_IRQHandler
                0x08003290                BDMA_Channel5_IRQHandler
                0x08003290                RCC_IRQHandler
                0x08003290                UART9_IRQHandler
                0x08003290                TIM8_BRK_TIM12_IRQHandler
                0x08003290                TIM1_TRG_COM_IRQHandler
                0x08003290                Default_Handler
                0x08003290                ECC_IRQHandler
                0x08003290                FMAC_IRQHandler
                0x08003290                CEC_IRQHandler
                0x08003290                EXTI15_10_IRQHandler
                0x08003290                BDMA_Channel0_IRQHandler
                0x08003290                ADC_IRQHandler
                0x08003290                I2C5_ER_IRQHandler
                0x08003290                DMA1_Stream7_IRQHandler
                0x08003290                SPI5_IRQHandler
                0x08003290                TIM7_IRQHandler
                0x08003290                FDCAN3_IT1_IRQHandler
                0x08003290                SDMMC1_IRQHandler
                0x08003290                TIM5_IRQHandler
                0x08003290                DMA2_Stream7_IRQHandler
                0x08003290                TIM15_IRQHandler
                0x08003290                PVD_AVD_IRQHandler
                0x08003290                I2C3_EV_IRQHandler
                0x08003290                EXTI9_5_IRQHandler
                0x08003290                RTC_WKUP_IRQHandler
                0x08003290                LTDC_IRQHandler
                0x08003290                ETH_WKUP_IRQHandler
                0x08003290                SPDIF_RX_IRQHandler
                0x08003290                SPI2_IRQHandler
                0x08003290                OTG_HS_EP1_IN_IRQHandler
                0x08003290                TIM24_IRQHandler
                0x08003290                CRS_IRQHandler
                0x08003290                EXTI4_IRQHandler
                0x08003290                RNG_IRQHandler
                0x08003290                FDCAN2_IT1_IRQHandler
                0x08003290                ETH_IRQHandler
                0x08003290                TIM1_UP_IRQHandler
                0x08003290                BDMA_Channel4_IRQHandler
                0x08003290                OTG_HS_EP1_OUT_IRQHandler
                0x08003290                WWDG_IRQHandler
                0x08003290                SPI6_IRQHandler
                0x08003290                MDIOS_IRQHandler
                0x08003290                I2C4_EV_IRQHandler
                0x08003290                FDCAN2_IT0_IRQHandler
                0x08003290                LPUART1_IRQHandler
                0x08003290                FDCAN1_IT0_IRQHandler
                0x08003290                TIM2_IRQHandler
                0x08003290                OTG_HS_IRQHandler
                0x08003290                DMA2D_IRQHandler
                0x08003290                TIM1_BRK_IRQHandler
                0x08003290                EXTI1_IRQHandler
                0x08003290                SDMMC2_IRQHandler
                0x08003290                BDMA_Channel3_IRQHandler
                0x08003290                DTS_IRQHandler
                0x08003290                UART7_IRQHandler
                0x08003290                MDIOS_WKUP_IRQHandler
                0x08003290                USART2_IRQHandler
                0x08003290                DFSDM1_FLT0_IRQHandler
                0x08003290                SAI4_IRQHandler
                0x08003290                I2C2_ER_IRQHandler
                0x08003290                DMA2_Stream1_IRQHandler
                0x08003290                FLASH_IRQHandler
                0x08003290                DMA2_Stream4_IRQHandler
                0x08003290                USART1_IRQHandler
                0x08003290                WAKEUP_PIN_IRQHandler
                0x08003290                DMA1_Stream4_IRQHandler
                0x08003290                I2C1_ER_IRQHandler
                0x08003290                FMC_IRQHandler
                0x08003290                FDCAN_CAL_IRQHandler
                0x08003290                SWPMI1_IRQHandler
                0x08003290                COMP1_IRQHandler
                0x08003290                LPTIM1_IRQHandler
                0x08003290                DCMI_PSSI_IRQHandler
                0x08003290                I2C4_ER_IRQHandler
                0x08003290                DMA2_Stream6_IRQHandler
                0x08003290                SAI1_IRQHandler
                0x08003290                DMA1_Stream3_IRQHandler
 *fill*         0x08003292        0x2 
 .text.HAL_Init
                0x08003294       0x78 ./Drivers/STM32H7xx_HAL_Driver/Src/stm32h7xx_hal.o
                0x08003294                HAL_Init
 .text.HAL_InitTick
                0x0800330c       0x6c ./Drivers/STM32H7xx_HAL_Driver/Src/stm32h7xx_hal.o
                0x0800330c                HAL_InitTick
 .text.HAL_IncTick
                0x08003378       0x28 ./Drivers/STM32H7xx_HAL_Driver/Src/stm32h7xx_hal.o
                0x08003378                HAL_IncTick
 .text.HAL_GetTick
                0x080033a0       0x18 ./Drivers/STM32H7xx_HAL_Driver/Src/stm32h7xx_hal.o
                0x080033a0                HAL_GetTick
 .text.HAL_Delay
                0x080033b8       0x48 ./Drivers/STM32H7xx_HAL_Driver/Src/stm32h7xx_hal.o
                0x080033b8                HAL_Delay
 .text.__NVIC_SetPriorityGrouping
                0x08003400       0x48 ./Drivers/STM32H7xx_HAL_Driver/Src/stm32h7xx_hal_cortex.o
 .text.__NVIC_GetPriorityGrouping
                0x08003448       0x1c ./Drivers/STM32H7xx_HAL_Driver/Src/stm32h7xx_hal_cortex.o
 .text.__NVIC_EnableIRQ
                0x08003464       0x3c ./Drivers/STM32H7xx_HAL_Driver/Src/stm32h7xx_hal_cortex.o
 .text.__NVIC_SetPriority
                0x080034a0       0x54 ./Drivers/STM32H7xx_HAL_Driver/Src/stm32h7xx_hal_cortex.o
 .text.NVIC_EncodePriority
                0x080034f4       0x66 ./Drivers/STM32H7xx_HAL_Driver/Src/stm32h7xx_hal_cortex.o
 *fill*         0x0800355a        0x2 
 .text.SysTick_Config
                0x0800355c       0x44 ./Drivers/STM32H7xx_HAL_Driver/Src/stm32h7xx_hal_cortex.o
 .text.HAL_NVIC_SetPriorityGrouping
                0x080035a0       0x16 ./Drivers/STM32H7xx_HAL_Driver/Src/stm32h7xx_hal_cortex.o
                0x080035a0                HAL_NVIC_SetPriorityGrouping
 .text.HAL_NVIC_SetPriority
                0x080035b6       0x34 ./Drivers/STM32H7xx_HAL_Driver/Src/stm32h7xx_hal_cortex.o
                0x080035b6                HAL_NVIC_SetPriority
 .text.HAL_NVIC_EnableIRQ
                0x080035ea       0x1c ./Drivers/STM32H7xx_HAL_Driver/Src/stm32h7xx_hal_cortex.o
                0x080035ea                HAL_NVIC_EnableIRQ
 .text.HAL_SYSTICK_Config
                0x08003606       0x18 ./Drivers/STM32H7xx_HAL_Driver/Src/stm32h7xx_hal_cortex.o
                0x08003606                HAL_SYSTICK_Config
 *fill*         0x0800361e        0x2 
 .text.HAL_DMA_Init
                0x08003620      0x6b0 ./Drivers/STM32H7xx_HAL_Driver/Src/stm32h7xx_hal_dma.o
                0x08003620                HAL_DMA_Init
 .text.HAL_DMA_Start_IT
                0x08003cd0      0x4d4 ./Drivers/STM32H7xx_HAL_Driver/Src/stm32h7xx_hal_dma.o
                0x08003cd0                HAL_DMA_Start_IT
 .text.HAL_DMA_Abort
                0x080041a4      0x63c ./Drivers/STM32H7xx_HAL_Driver/Src/stm32h7xx_hal_dma.o
                0x080041a4                HAL_DMA_Abort
 .text.HAL_DMA_Abort_IT
                0x080047e0      0x48c ./Drivers/STM32H7xx_HAL_Driver/Src/stm32h7xx_hal_dma.o
                0x080047e0                HAL_DMA_Abort_IT
 .text.HAL_DMA_IRQHandler
                0x08004c6c      0xe54 ./Drivers/STM32H7xx_HAL_Driver/Src/stm32h7xx_hal_dma.o
                0x08004c6c                HAL_DMA_IRQHandler
 .text.HAL_DMA_GetError
                0x08005ac0       0x18 ./Drivers/STM32H7xx_HAL_Driver/Src/stm32h7xx_hal_dma.o
                0x08005ac0                HAL_DMA_GetError
 .text.DMA_SetConfig
                0x08005ad8      0x358 ./Drivers/STM32H7xx_HAL_Driver/Src/stm32h7xx_hal_dma.o
 .text.DMA_CalcBaseAndBitshift
                0x08005e30      0x164 ./Drivers/STM32H7xx_HAL_Driver/Src/stm32h7xx_hal_dma.o
 .text.DMA_CheckFifoParam
                0x08005f94       0xf8 ./Drivers/STM32H7xx_HAL_Driver/Src/stm32h7xx_hal_dma.o
 .text.DMA_CalcDMAMUXChannelBaseAndMask
                0x0800608c      0x134 ./Drivers/STM32H7xx_HAL_Driver/Src/stm32h7xx_hal_dma.o
 .text.DMA_CalcDMAMUXRequestGenBaseAndMask
                0x080061c0       0xe8 ./Drivers/STM32H7xx_HAL_Driver/Src/stm32h7xx_hal_dma.o
 .text.HAL_GPIO_Init
                0x080062a8      0x350 ./Drivers/STM32H7xx_HAL_Driver/Src/stm32h7xx_hal_gpio.o
                0x080062a8                HAL_GPIO_Init
 .text.HAL_GPIO_WritePin
                0x080065f8       0x32 ./Drivers/STM32H7xx_HAL_Driver/Src/stm32h7xx_hal_gpio.o
                0x080065f8                HAL_GPIO_WritePin
 *fill*         0x0800662a        0x2 
 .text.HAL_PWREx_ConfigSupply
                0x0800662c       0x74 ./Drivers/STM32H7xx_HAL_Driver/Src/stm32h7xx_hal_pwr_ex.o
                0x0800662c                HAL_PWREx_ConfigSupply
 .text.HAL_RCC_OscConfig
                0x080066a0      0x7b4 ./Drivers/STM32H7xx_HAL_Driver/Src/stm32h7xx_hal_rcc.o
                0x080066a0                HAL_RCC_OscConfig
 .text.HAL_RCC_ClockConfig
                0x08006e54      0x36c ./Drivers/STM32H7xx_HAL_Driver/Src/stm32h7xx_hal_rcc.o
                0x08006e54                HAL_RCC_ClockConfig
 .text.HAL_RCC_GetSysClockFreq
                0x080071c0      0x2f4 ./Drivers/STM32H7xx_HAL_Driver/Src/stm32h7xx_hal_rcc.o
                0x080071c0                HAL_RCC_GetSysClockFreq
 .text.HAL_RCC_GetHCLKFreq
                0x080074b4       0x60 ./Drivers/STM32H7xx_HAL_Driver/Src/stm32h7xx_hal_rcc.o
                0x080074b4                HAL_RCC_GetHCLKFreq
 .text.HAL_RCC_GetPCLK1Freq
                0x08007514       0x2c ./Drivers/STM32H7xx_HAL_Driver/Src/stm32h7xx_hal_rcc.o
                0x08007514                HAL_RCC_GetPCLK1Freq
 .text.HAL_RCC_GetPCLK2Freq
                0x08007540       0x2c ./Drivers/STM32H7xx_HAL_Driver/Src/stm32h7xx_hal_rcc.o
                0x08007540                HAL_RCC_GetPCLK2Freq
 .text.HAL_RCCEx_PeriphCLKConfig
                0x0800756c     0x1340 ./Drivers/STM32H7xx_HAL_Driver/Src/stm32h7xx_hal_rcc_ex.o
                0x0800756c                HAL_RCCEx_PeriphCLKConfig
 .text.HAL_RCCEx_GetD3PCLK1Freq
                0x080088ac       0x2c ./Drivers/STM32H7xx_HAL_Driver/Src/stm32h7xx_hal_rcc_ex.o
                0x080088ac                HAL_RCCEx_GetD3PCLK1Freq
 .text.HAL_RCCEx_GetPLL2ClockFreq
                0x080088d8      0x2a8 ./Drivers/STM32H7xx_HAL_Driver/Src/stm32h7xx_hal_rcc_ex.o
                0x080088d8                HAL_RCCEx_GetPLL2ClockFreq
 .text.HAL_RCCEx_GetPLL3ClockFreq
                0x08008b80      0x2a8 ./Drivers/STM32H7xx_HAL_Driver/Src/stm32h7xx_hal_rcc_ex.o
                0x08008b80                HAL_RCCEx_GetPLL3ClockFreq
 .text.RCCEx_PLL2_Config
                0x08008e28      0x164 ./Drivers/STM32H7xx_HAL_Driver/Src/stm32h7xx_hal_rcc_ex.o
 .text.RCCEx_PLL3_Config
                0x08008f8c      0x164 ./Drivers/STM32H7xx_HAL_Driver/Src/stm32h7xx_hal_rcc_ex.o
 .text.HAL_SPI_Init
                0x080090f0      0x248 ./Drivers/STM32H7xx_HAL_Driver/Src/stm32h7xx_hal_spi.o
                0x080090f0                HAL_SPI_Init
 .text.HAL_SPI_TransmitReceive_DMA
                0x08009338      0x370 ./Drivers/STM32H7xx_HAL_Driver/Src/stm32h7xx_hal_spi.o
                0x08009338                HAL_SPI_TransmitReceive_DMA
 .text.HAL_SPI_IRQHandler
                0x080096a8      0x39c ./Drivers/STM32H7xx_HAL_Driver/Src/stm32h7xx_hal_spi.o
                0x080096a8                HAL_SPI_IRQHandler
 .text.HAL_SPI_TxCpltCallback
                0x08009a44       0x14 ./Drivers/STM32H7xx_HAL_Driver/Src/stm32h7xx_hal_spi.o
                0x08009a44                HAL_SPI_TxCpltCallback
 .text.HAL_SPI_RxCpltCallback
                0x08009a58       0x14 ./Drivers/STM32H7xx_HAL_Driver/Src/stm32h7xx_hal_spi.o
                0x08009a58                HAL_SPI_RxCpltCallback
 .text.HAL_SPI_TxRxHalfCpltCallback
                0x08009a6c       0x14 ./Drivers/STM32H7xx_HAL_Driver/Src/stm32h7xx_hal_spi.o
                0x08009a6c                HAL_SPI_TxRxHalfCpltCallback
 .text.HAL_SPI_SuspendCallback
                0x08009a80       0x14 ./Drivers/STM32H7xx_HAL_Driver/Src/stm32h7xx_hal_spi.o
                0x08009a80                HAL_SPI_SuspendCallback
 .text.SPI_DMATransmitReceiveCplt
                0x08009a94       0x46 ./Drivers/STM32H7xx_HAL_Driver/Src/stm32h7xx_hal_spi.o
 .text.SPI_DMAHalfTransmitReceiveCplt
                0x08009ada       0x1c ./Drivers/STM32H7xx_HAL_Driver/Src/stm32h7xx_hal_spi.o
 .text.SPI_DMAError
                0x08009af6       0x46 ./Drivers/STM32H7xx_HAL_Driver/Src/stm32h7xx_hal_spi.o
 .text.SPI_DMAAbortOnError
                0x08009b3c       0x34 ./Drivers/STM32H7xx_HAL_Driver/Src/stm32h7xx_hal_spi.o
 .text.SPI_CloseTransfer
                0x08009b70      0x140 ./Drivers/STM32H7xx_HAL_Driver/Src/stm32h7xx_hal_spi.o
 .text.SPI_GetPacketSize
                0x08009cb0       0x36 ./Drivers/STM32H7xx_HAL_Driver/Src/stm32h7xx_hal_spi.o
 *fill*         0x08009ce6        0x2 
 .text.HAL_TIM_Base_Start_IT
                0x08009ce8      0x10c ./Drivers/STM32H7xx_HAL_Driver/Src/stm32h7xx_hal_tim.o
                0x08009ce8                HAL_TIM_Base_Start_IT
 .text.HAL_TIM_Base_Stop_IT
                0x08009df4       0x5e ./Drivers/STM32H7xx_HAL_Driver/Src/stm32h7xx_hal_tim.o
                0x08009df4                HAL_TIM_Base_Stop_IT
 .text.HAL_TIM_OC_Init
                0x08009e52       0xae ./Drivers/STM32H7xx_HAL_Driver/Src/stm32h7xx_hal_tim.o
                0x08009e52                HAL_TIM_OC_Init
 .text.HAL_TIM_IRQHandler
                0x08009f00      0x20e ./Drivers/STM32H7xx_HAL_Driver/Src/stm32h7xx_hal_tim.o
                0x08009f00                HAL_TIM_IRQHandler
 *fill*         0x0800a10e        0x2 
 .text.HAL_TIM_OC_ConfigChannel
                0x0800a110       0xf4 ./Drivers/STM32H7xx_HAL_Driver/Src/stm32h7xx_hal_tim.o
                0x0800a110                HAL_TIM_OC_ConfigChannel
 .text.HAL_TIM_OC_DelayElapsedCallback
                0x0800a204       0x14 ./Drivers/STM32H7xx_HAL_Driver/Src/stm32h7xx_hal_tim.o
                0x0800a204                HAL_TIM_OC_DelayElapsedCallback
 .text.HAL_TIM_IC_CaptureCallback
                0x0800a218       0x14 ./Drivers/STM32H7xx_HAL_Driver/Src/stm32h7xx_hal_tim.o
                0x0800a218                HAL_TIM_IC_CaptureCallback
 .text.HAL_TIM_PWM_PulseFinishedCallback
                0x0800a22c       0x14 ./Drivers/STM32H7xx_HAL_Driver/Src/stm32h7xx_hal_tim.o
                0x0800a22c                HAL_TIM_PWM_PulseFinishedCallback
 .text.HAL_TIM_TriggerCallback
                0x0800a240       0x14 ./Drivers/STM32H7xx_HAL_Driver/Src/stm32h7xx_hal_tim.o
                0x0800a240                HAL_TIM_TriggerCallback
 .text.TIM_Base_SetConfig
                0x0800a254      0x158 ./Drivers/STM32H7xx_HAL_Driver/Src/stm32h7xx_hal_tim.o
                0x0800a254                TIM_Base_SetConfig
 .text.TIM_OC1_SetConfig
                0x0800a3ac      0x120 ./Drivers/STM32H7xx_HAL_Driver/Src/stm32h7xx_hal_tim.o
 .text.TIM_OC2_SetConfig
                0x0800a4cc      0x114 ./Drivers/STM32H7xx_HAL_Driver/Src/stm32h7xx_hal_tim.o
                0x0800a4cc                TIM_OC2_SetConfig
 .text.TIM_OC3_SetConfig
                0x0800a5e0      0x110 ./Drivers/STM32H7xx_HAL_Driver/Src/stm32h7xx_hal_tim.o
 .text.TIM_OC4_SetConfig
                0x0800a6f0       0xd4 ./Drivers/STM32H7xx_HAL_Driver/Src/stm32h7xx_hal_tim.o
 .text.TIM_OC5_SetConfig
                0x0800a7c4       0xc8 ./Drivers/STM32H7xx_HAL_Driver/Src/stm32h7xx_hal_tim.o
 .text.TIM_OC6_SetConfig
                0x0800a88c       0xcc ./Drivers/STM32H7xx_HAL_Driver/Src/stm32h7xx_hal_tim.o
 .text.HAL_TIMEx_MasterConfigSynchronization
                0x0800a958      0x138 ./Drivers/STM32H7xx_HAL_Driver/Src/stm32h7xx_hal_tim_ex.o
                0x0800a958                HAL_TIMEx_MasterConfigSynchronization
 .text.HAL_TIMEx_CommutCallback
                0x0800aa90       0x14 ./Drivers/STM32H7xx_HAL_Driver/Src/stm32h7xx_hal_tim_ex.o
                0x0800aa90                HAL_TIMEx_CommutCallback
 .text.HAL_TIMEx_BreakCallback
                0x0800aaa4       0x14 ./Drivers/STM32H7xx_HAL_Driver/Src/stm32h7xx_hal_tim_ex.o
                0x0800aaa4                HAL_TIMEx_BreakCallback
 .text.HAL_TIMEx_Break2Callback
                0x0800aab8       0x14 ./Drivers/STM32H7xx_HAL_Driver/Src/stm32h7xx_hal_tim_ex.o
                0x0800aab8                HAL_TIMEx_Break2Callback
 .text.HAL_UART_Init
                0x0800aacc       0xa0 ./Drivers/STM32H7xx_HAL_Driver/Src/stm32h7xx_hal_uart.o
                0x0800aacc                HAL_UART_Init
 .text.HAL_UART_Transmit_DMA
                0x0800ab6c      0x100 ./Drivers/STM32H7xx_HAL_Driver/Src/stm32h7xx_hal_uart.o
                0x0800ab6c                HAL_UART_Transmit_DMA
 .text.HAL_UART_IRQHandler
                0x0800ac6c      0x7ac ./Drivers/STM32H7xx_HAL_Driver/Src/stm32h7xx_hal_uart.o
                0x0800ac6c                HAL_UART_IRQHandler
 .text.HAL_UART_TxHalfCpltCallback
                0x0800b418       0x14 ./Drivers/STM32H7xx_HAL_Driver/Src/stm32h7xx_hal_uart.o
                0x0800b418                HAL_UART_TxHalfCpltCallback
 .text.HAL_UART_ErrorCallback
                0x0800b42c       0x14 ./Drivers/STM32H7xx_HAL_Driver/Src/stm32h7xx_hal_uart.o
                0x0800b42c                HAL_UART_ErrorCallback
 .text.HAL_UARTEx_RxEventCallback
                0x0800b440       0x18 ./Drivers/STM32H7xx_HAL_Driver/Src/stm32h7xx_hal_uart.o
                0x0800b440                HAL_UARTEx_RxEventCallback
 .text.UART_SetConfig
                0x0800b458      0xcd8 ./Drivers/STM32H7xx_HAL_Driver/Src/stm32h7xx_hal_uart.o
                0x0800b458                UART_SetConfig
 .text.UART_AdvFeatureConfig
                0x0800c130      0x144 ./Drivers/STM32H7xx_HAL_Driver/Src/stm32h7xx_hal_uart.o
                0x0800c130                UART_AdvFeatureConfig
 .text.UART_CheckIdleState
                0x0800c274      0x154 ./Drivers/STM32H7xx_HAL_Driver/Src/stm32h7xx_hal_uart.o
                0x0800c274                UART_CheckIdleState
 .text.UART_WaitOnFlagUntilTimeout
                0x0800c3c8       0xda ./Drivers/STM32H7xx_HAL_Driver/Src/stm32h7xx_hal_uart.o
                0x0800c3c8                UART_WaitOnFlagUntilTimeout
 .text.UART_EndTxTransfer
                0x0800c4a2       0x82 ./Drivers/STM32H7xx_HAL_Driver/Src/stm32h7xx_hal_uart.o
 .text.UART_EndRxTransfer
                0x0800c524       0xcc ./Drivers/STM32H7xx_HAL_Driver/Src/stm32h7xx_hal_uart.o
 .text.UART_DMATransmitCplt
                0x0800c5f0       0x96 ./Drivers/STM32H7xx_HAL_Driver/Src/stm32h7xx_hal_uart.o
 .text.UART_DMATxHalfCplt
                0x0800c686       0x1c ./Drivers/STM32H7xx_HAL_Driver/Src/stm32h7xx_hal_uart.o
 .text.UART_DMAError
                0x0800c6a2       0x80 ./Drivers/STM32H7xx_HAL_Driver/Src/stm32h7xx_hal_uart.o
 .text.UART_DMAAbortOnError
                0x0800c722       0x24 ./Drivers/STM32H7xx_HAL_Driver/Src/stm32h7xx_hal_uart.o
 .text.UART_EndTransmit_IT
                0x0800c746       0x56 ./Drivers/STM32H7xx_HAL_Driver/Src/stm32h7xx_hal_uart.o
 .text.HAL_UARTEx_WakeupCallback
                0x0800c79c       0x14 ./Drivers/STM32H7xx_HAL_Driver/Src/stm32h7xx_hal_uart_ex.o
                0x0800c79c                HAL_UARTEx_WakeupCallback
 .text.HAL_UARTEx_RxFifoFullCallback
                0x0800c7b0       0x14 ./Drivers/STM32H7xx_HAL_Driver/Src/stm32h7xx_hal_uart_ex.o
                0x0800c7b0                HAL_UARTEx_RxFifoFullCallback
 .text.HAL_UARTEx_TxFifoEmptyCallback
                0x0800c7c4       0x14 ./Drivers/STM32H7xx_HAL_Driver/Src/stm32h7xx_hal_uart_ex.o
                0x0800c7c4                HAL_UARTEx_TxFifoEmptyCallback
 .text.HAL_UARTEx_DisableFifoMode
                0x0800c7d8       0x72 ./Drivers/STM32H7xx_HAL_Driver/Src/stm32h7xx_hal_uart_ex.o
                0x0800c7d8                HAL_UARTEx_DisableFifoMode
 .text.HAL_UARTEx_SetTxFifoThreshold
                0x0800c84a       0x7c ./Drivers/STM32H7xx_HAL_Driver/Src/stm32h7xx_hal_uart_ex.o
                0x0800c84a                HAL_UARTEx_SetTxFifoThreshold
 .text.HAL_UARTEx_SetRxFifoThreshold
                0x0800c8c6       0x7c ./Drivers/STM32H7xx_HAL_Driver/Src/stm32h7xx_hal_uart_ex.o
                0x0800c8c6                HAL_UARTEx_SetRxFifoThreshold
 *fill*         0x0800c942        0x2 
 .text.UARTEx_SetNbDataToProcess
                0x0800c944       0x9c ./Drivers/STM32H7xx_HAL_Driver/Src/stm32h7xx_hal_uart_ex.o
 .text.malloc   0x0800c9e0       0x10 C:/ST/STM32CubeIDE_1.9.0/STM32CubeIDE/plugins/com.st.stm32cube.ide.mcu.externaltools.gnu-tools-for-stm32.13.3.rel1.win32_1.0.0.202411081344/tools/bin/../lib/gcc/arm-none-eabi/13.3.1/../../../../arm-none-eabi/lib/thumb/v7e-m+dp/hard\libc_nano.a(libc_a-malloc.o)
                0x0800c9e0                malloc
 .text.free     0x0800c9f0       0x10 C:/ST/STM32CubeIDE_1.9.0/STM32CubeIDE/plugins/com.st.stm32cube.ide.mcu.externaltools.gnu-tools-for-stm32.13.3.rel1.win32_1.0.0.202411081344/tools/bin/../lib/gcc/arm-none-eabi/13.3.1/../../../../arm-none-eabi/lib/thumb/v7e-m+dp/hard\libc_nano.a(libc_a-malloc.o)
                0x0800c9f0                free
 .text.sbrk_aligned
                0x0800ca00       0x44 C:/ST/STM32CubeIDE_1.9.0/STM32CubeIDE/plugins/com.st.stm32cube.ide.mcu.externaltools.gnu-tools-for-stm32.13.3.rel1.win32_1.0.0.202411081344/tools/bin/../lib/gcc/arm-none-eabi/13.3.1/../../../../arm-none-eabi/lib/thumb/v7e-m+dp/hard\libc_nano.a(libc_a-mallocr.o)
 .text._malloc_r
                0x0800ca44      0x100 C:/ST/STM32CubeIDE_1.9.0/STM32CubeIDE/plugins/com.st.stm32cube.ide.mcu.externaltools.gnu-tools-for-stm32.13.3.rel1.win32_1.0.0.202411081344/tools/bin/../lib/gcc/arm-none-eabi/13.3.1/../../../../arm-none-eabi/lib/thumb/v7e-m+dp/hard\libc_nano.a(libc_a-mallocr.o)
                0x0800ca44                _malloc_r
 .text.__malloc_lock
                0x0800cb44        0xc C:/ST/STM32CubeIDE_1.9.0/STM32CubeIDE/plugins/com.st.stm32cube.ide.mcu.externaltools.gnu-tools-for-stm32.13.3.rel1.win32_1.0.0.202411081344/tools/bin/../lib/gcc/arm-none-eabi/13.3.1/../../../../arm-none-eabi/lib/thumb/v7e-m+dp/hard\libc_nano.a(libc_a-mlock.o)
                0x0800cb44                __malloc_lock
 .text.__malloc_unlock
                0x0800cb50        0xc C:/ST/STM32CubeIDE_1.9.0/STM32CubeIDE/plugins/com.st.stm32cube.ide.mcu.externaltools.gnu-tools-for-stm32.13.3.rel1.win32_1.0.0.202411081344/tools/bin/../lib/gcc/arm-none-eabi/13.3.1/../../../../arm-none-eabi/lib/thumb/v7e-m+dp/hard\libc_nano.a(libc_a-mlock.o)
                0x0800cb50                __malloc_unlock
 .text.memset   0x0800cb5c       0x10 C:/ST/STM32CubeIDE_1.9.0/STM32CubeIDE/plugins/com.st.stm32cube.ide.mcu.externaltools.gnu-tools-for-stm32.13.3.rel1.win32_1.0.0.202411081344/tools/bin/../lib/gcc/arm-none-eabi/13.3.1/../../../../arm-none-eabi/lib/thumb/v7e-m+dp/hard\libc_nano.a(libc_a-memset.o)
                0x0800cb5c                memset
 .text._sbrk_r  0x0800cb6c       0x20 C:/ST/STM32CubeIDE_1.9.0/STM32CubeIDE/plugins/com.st.stm32cube.ide.mcu.externaltools.gnu-tools-for-stm32.13.3.rel1.win32_1.0.0.202411081344/tools/bin/../lib/gcc/arm-none-eabi/13.3.1/../../../../arm-none-eabi/lib/thumb/v7e-m+dp/hard\libc_nano.a(libc_a-sbrkr.o)
                0x0800cb6c                _sbrk_r
 .text.__errno  0x0800cb8c        0xc C:/ST/STM32CubeIDE_1.9.0/STM32CubeIDE/plugins/com.st.stm32cube.ide.mcu.externaltools.gnu-tools-for-stm32.13.3.rel1.win32_1.0.0.202411081344/tools/bin/../lib/gcc/arm-none-eabi/13.3.1/../../../../arm-none-eabi/lib/thumb/v7e-m+dp/hard\libc_nano.a(libc_a-errno.o)
                0x0800cb8c                __errno
 .text.__libc_init_array
                0x0800cb98       0x48 C:/ST/STM32CubeIDE_1.9.0/STM32CubeIDE/plugins/com.st.stm32cube.ide.mcu.externaltools.gnu-tools-for-stm32.13.3.rel1.win32_1.0.0.202411081344/tools/bin/../lib/gcc/arm-none-eabi/13.3.1/../../../../arm-none-eabi/lib/thumb/v7e-m+dp/hard\libc_nano.a(libc_a-init.o)
                0x0800cb98                __libc_init_array
 .text.__retarget_lock_acquire_recursive
                0x0800cbe0        0x2 C:/ST/STM32CubeIDE_1.9.0/STM32CubeIDE/plugins/com.st.stm32cube.ide.mcu.externaltools.gnu-tools-for-stm32.13.3.rel1.win32_1.0.0.202411081344/tools/bin/../lib/gcc/arm-none-eabi/13.3.1/../../../../arm-none-eabi/lib/thumb/v7e-m+dp/hard\libc_nano.a(libc_a-lock.o)
                0x0800cbe0                __retarget_lock_acquire_recursive
 .text.__retarget_lock_release_recursive
                0x0800cbe2        0x2 C:/ST/STM32CubeIDE_1.9.0/STM32CubeIDE/plugins/com.st.stm32cube.ide.mcu.externaltools.gnu-tools-for-stm32.13.3.rel1.win32_1.0.0.202411081344/tools/bin/../lib/gcc/arm-none-eabi/13.3.1/../../../../arm-none-eabi/lib/thumb/v7e-m+dp/hard\libc_nano.a(libc_a-lock.o)
                0x0800cbe2                __retarget_lock_release_recursive
 .text._free_r  0x0800cbe4       0x94 C:/ST/STM32CubeIDE_1.9.0/STM32CubeIDE/plugins/com.st.stm32cube.ide.mcu.externaltools.gnu-tools-for-stm32.13.3.rel1.win32_1.0.0.202411081344/tools/bin/../lib/gcc/arm-none-eabi/13.3.1/../../../../arm-none-eabi/lib/thumb/v7e-m+dp/hard\libc_nano.a(libc_a-freer.o)
                0x0800cbe4                _free_r
 .text.log10    0x0800cc78       0x64 C:/ST/STM32CubeIDE_1.9.0/STM32CubeIDE/plugins/com.st.stm32cube.ide.mcu.externaltools.gnu-tools-for-stm32.13.3.rel1.win32_1.0.0.202411081344/tools/bin/../lib/gcc/arm-none-eabi/13.3.1/../../../../arm-none-eabi/lib/thumb/v7e-m+dp/hard\libm.a(libm_a-w_log10.o)
                0x0800cc78                log10
 *fill*         0x0800ccdc        0x4 
 .text.sqrt     0x0800cce0       0x40 C:/ST/STM32CubeIDE_1.9.0/STM32CubeIDE/plugins/com.st.stm32cube.ide.mcu.externaltools.gnu-tools-for-stm32.13.3.rel1.win32_1.0.0.202411081344/tools/bin/../lib/gcc/arm-none-eabi/13.3.1/../../../../arm-none-eabi/lib/thumb/v7e-m+dp/hard\libm.a(libm_a-w_sqrt.o)
                0x0800cce0                sqrt
 .text.nan      0x0800cd20       0x10 C:/ST/STM32CubeIDE_1.9.0/STM32CubeIDE/plugins/com.st.stm32cube.ide.mcu.externaltools.gnu-tools-for-stm32.13.3.rel1.win32_1.0.0.202411081344/tools/bin/../lib/gcc/arm-none-eabi/13.3.1/../../../../arm-none-eabi/lib/thumb/v7e-m+dp/hard\libm.a(libm_a-s_nan.o)
                0x0800cd20                nan
 .text.log      0x0800cd30      0x1f0 C:/ST/STM32CubeIDE_1.9.0/STM32CubeIDE/plugins/com.st.stm32cube.ide.mcu.externaltools.gnu-tools-for-stm32.13.3.rel1.win32_1.0.0.202411081344/tools/bin/../lib/gcc/arm-none-eabi/13.3.1/../../../../arm-none-eabi/lib/thumb/v7e-m+dp/hard\libm.a(libm_a-log.o)
                0x0800cd30                log
 .text.checkint
                0x0800cf20       0x68 C:/ST/STM32CubeIDE_1.9.0/STM32CubeIDE/plugins/com.st.stm32cube.ide.mcu.externaltools.gnu-tools-for-stm32.13.3.rel1.win32_1.0.0.202411081344/tools/bin/../lib/gcc/arm-none-eabi/13.3.1/../../../../arm-none-eabi/lib/thumb/v7e-m+dp/hard\libm.a(libm_a-pow.o)
 .text.pow      0x0800cf88      0x4a0 C:/ST/STM32CubeIDE_1.9.0/STM32CubeIDE/plugins/com.st.stm32cube.ide.mcu.externaltools.gnu-tools-for-stm32.13.3.rel1.win32_1.0.0.202411081344/tools/bin/../lib/gcc/arm-none-eabi/13.3.1/../../../../arm-none-eabi/lib/thumb/v7e-m+dp/hard\libm.a(libm_a-pow.o)
                0x0800cf88                pow
 .text.__ieee754_sqrt
                0x0800d428        0x6 C:/ST/STM32CubeIDE_1.9.0/STM32CubeIDE/plugins/com.st.stm32cube.ide.mcu.externaltools.gnu-tools-for-stm32.13.3.rel1.win32_1.0.0.202411081344/tools/bin/../lib/gcc/arm-none-eabi/13.3.1/../../../../arm-none-eabi/lib/thumb/v7e-m+dp/hard\libm.a(libm_a-e_sqrt.o)
                0x0800d428                __ieee754_sqrt
 *fill*         0x0800d42e        0x2 
 .text.__ieee754_log10
                0x0800d430       0xdc C:/ST/STM32CubeIDE_1.9.0/STM32CubeIDE/plugins/com.st.stm32cube.ide.mcu.externaltools.gnu-tools-for-stm32.13.3.rel1.win32_1.0.0.202411081344/tools/bin/../lib/gcc/arm-none-eabi/13.3.1/../../../../arm-none-eabi/lib/thumb/v7e-m+dp/hard\libm.a(libm_a-e_log10.o)
                0x0800d430                __ieee754_log10
 .text.with_errno
                0x0800d50c       0x1c C:/ST/STM32CubeIDE_1.9.0/STM32CubeIDE/plugins/com.st.stm32cube.ide.mcu.externaltools.gnu-tools-for-stm32.13.3.rel1.win32_1.0.0.202411081344/tools/bin/../lib/gcc/arm-none-eabi/13.3.1/../../../../arm-none-eabi/lib/thumb/v7e-m+dp/hard\libm.a(libm_a-math_err.o)
 .text.xflow    0x0800d528       0x22 C:/ST/STM32CubeIDE_1.9.0/STM32CubeIDE/plugins/com.st.stm32cube.ide.mcu.externaltools.gnu-tools-for-stm32.13.3.rel1.win32_1.0.0.202411081344/tools/bin/../lib/gcc/arm-none-eabi/13.3.1/../../../../arm-none-eabi/lib/thumb/v7e-m+dp/hard\libm.a(libm_a-math_err.o)
 *fill*         0x0800d54a        0x6 
 .text.__math_uflow
                0x0800d550       0x10 C:/ST/STM32CubeIDE_1.9.0/STM32CubeIDE/plugins/com.st.stm32cube.ide.mcu.externaltools.gnu-tools-for-stm32.13.3.rel1.win32_1.0.0.202411081344/tools/bin/../lib/gcc/arm-none-eabi/13.3.1/../../../../arm-none-eabi/lib/thumb/v7e-m+dp/hard\libm.a(libm_a-math_err.o)
                0x0800d550                __math_uflow
 .text.__math_oflow
                0x0800d560       0x10 C:/ST/STM32CubeIDE_1.9.0/STM32CubeIDE/plugins/com.st.stm32cube.ide.mcu.externaltools.gnu-tools-for-stm32.13.3.rel1.win32_1.0.0.202411081344/tools/bin/../lib/gcc/arm-none-eabi/13.3.1/../../../../arm-none-eabi/lib/thumb/v7e-m+dp/hard\libm.a(libm_a-math_err.o)
                0x0800d560                __math_oflow
 .text.__math_divzero
                0x0800d570       0x30 C:/ST/STM32CubeIDE_1.9.0/STM32CubeIDE/plugins/com.st.stm32cube.ide.mcu.externaltools.gnu-tools-for-stm32.13.3.rel1.win32_1.0.0.202411081344/tools/bin/../lib/gcc/arm-none-eabi/13.3.1/../../../../arm-none-eabi/lib/thumb/v7e-m+dp/hard\libm.a(libm_a-math_err.o)
                0x0800d570                __math_divzero
 .text.__math_invalid
                0x0800d5a0       0x1e C:/ST/STM32CubeIDE_1.9.0/STM32CubeIDE/plugins/com.st.stm32cube.ide.mcu.externaltools.gnu-tools-for-stm32.13.3.rel1.win32_1.0.0.202411081344/tools/bin/../lib/gcc/arm-none-eabi/13.3.1/../../../../arm-none-eabi/lib/thumb/v7e-m+dp/hard\libm.a(libm_a-math_err.o)
                0x0800d5a0                __math_invalid
 .text.__math_check_uflow
                0x0800d5be       0x12 C:/ST/STM32CubeIDE_1.9.0/STM32CubeIDE/plugins/com.st.stm32cube.ide.mcu.externaltools.gnu-tools-for-stm32.13.3.rel1.win32_1.0.0.202411081344/tools/bin/../lib/gcc/arm-none-eabi/13.3.1/../../../../arm-none-eabi/lib/thumb/v7e-m+dp/hard\libm.a(libm_a-math_err.o)
                0x0800d5be                __math_check_uflow
 .text.__math_check_oflow
                0x0800d5d0       0x28 C:/ST/STM32CubeIDE_1.9.0/STM32CubeIDE/plugins/com.st.stm32cube.ide.mcu.externaltools.gnu-tools-for-stm32.13.3.rel1.win32_1.0.0.202411081344/tools/bin/../lib/gcc/arm-none-eabi/13.3.1/../../../../arm-none-eabi/lib/thumb/v7e-m+dp/hard\libm.a(libm_a-math_err.o)
                0x0800d5d0                __math_check_oflow
 *(.glue_7)
 .glue_7        0x0800d5f8        0x0 linker stubs
 *(.glue_7t)
 .glue_7t       0x0800d5f8        0x0 linker stubs
 *(.eh_frame)
 .eh_frame      0x0800d5f8        0x0 C:/ST/STM32CubeIDE_1.9.0/STM32CubeIDE/plugins/com.st.stm32cube.ide.mcu.externaltools.gnu-tools-for-stm32.13.3.rel1.win32_1.0.0.202411081344/tools/bin/../lib/gcc/arm-none-eabi/13.3.1/thumb/v7e-m+dp/hard/crtbegin.o
 *(.init)
 .init          0x0800d5f8        0x4 C:/ST/STM32CubeIDE_1.9.0/STM32CubeIDE/plugins/com.st.stm32cube.ide.mcu.externaltools.gnu-tools-for-stm32.13.3.rel1.win32_1.0.0.202411081344/tools/bin/../lib/gcc/arm-none-eabi/13.3.1/thumb/v7e-m+dp/hard/crti.o
                0x0800d5f8                _init
 .init          0x0800d5fc        0x8 C:/ST/STM32CubeIDE_1.9.0/STM32CubeIDE/plugins/com.st.stm32cube.ide.mcu.externaltools.gnu-tools-for-stm32.13.3.rel1.win32_1.0.0.202411081344/tools/bin/../lib/gcc/arm-none-eabi/13.3.1/thumb/v7e-m+dp/hard/crtn.o
 *(.fini)
 .fini          0x0800d604        0x4 C:/ST/STM32CubeIDE_1.9.0/STM32CubeIDE/plugins/com.st.stm32cube.ide.mcu.externaltools.gnu-tools-for-stm32.13.3.rel1.win32_1.0.0.202411081344/tools/bin/../lib/gcc/arm-none-eabi/13.3.1/thumb/v7e-m+dp/hard/crti.o
                0x0800d604                _fini
 .fini          0x0800d608        0x8 C:/ST/STM32CubeIDE_1.9.0/STM32CubeIDE/plugins/com.st.stm32cube.ide.mcu.externaltools.gnu-tools-for-stm32.13.3.rel1.win32_1.0.0.202411081344/tools/bin/../lib/gcc/arm-none-eabi/13.3.1/thumb/v7e-m+dp/hard/crtn.o
                0x0800d610                        . = ALIGN (0x4)
                0x0800d610                        _etext = .

.vfp11_veneer   0x0800d610        0x0
 .vfp11_veneer  0x0800d610        0x0 linker stubs

.v4_bx          0x0800d610        0x0
 .v4_bx         0x0800d610        0x0 linker stubs

.iplt           0x0800d610        0x0
 .iplt          0x0800d610        0x0 C:/ST/STM32CubeIDE_1.9.0/STM32CubeIDE/plugins/com.st.stm32cube.ide.mcu.externaltools.gnu-tools-for-stm32.13.3.rel1.win32_1.0.0.202411081344/tools/bin/../lib/gcc/arm-none-eabi/13.3.1/thumb/v7e-m+dp/hard/crtbegin.o

.rodata         0x0800d610     0x2190
                0x0800d610                        . = ALIGN (0x4)
 *(.rodata)
 *(.rodata*)
 .rodata.D1CorePrescTable
                0x0800d610       0x10 ./Core/Src/system_stm32h7xx.o
                0x0800d610                D1CorePrescTable
 .rodata.flagBitshiftOffset.0
                0x0800d620        0x8 ./Drivers/STM32H7xx_HAL_Driver/Src/stm32h7xx_hal_dma.o
 .rodata.UARTPrescTable
                0x0800d628       0x18 ./Drivers/STM32H7xx_HAL_Driver/Src/stm32h7xx_hal_uart.o
                0x0800d628                UARTPrescTable
 .rodata.numerator.1
                0x0800d640        0x8 ./Drivers/STM32H7xx_HAL_Driver/Src/stm32h7xx_hal_uart_ex.o
 .rodata.denominator.0
                0x0800d648        0x8 ./Drivers/STM32H7xx_HAL_Driver/Src/stm32h7xx_hal_uart_ex.o
 .rodata.log10.str1.1
                0x0800d650        0x1 C:/ST/STM32CubeIDE_1.9.0/STM32CubeIDE/plugins/com.st.stm32cube.ide.mcu.externaltools.gnu-tools-for-stm32.13.3.rel1.win32_1.0.0.202411081344/tools/bin/../lib/gcc/arm-none-eabi/13.3.1/../../../../arm-none-eabi/lib/thumb/v7e-m+dp/hard\libm.a(libm_a-w_log10.o)
 *fill*         0x0800d651        0x7 
 .rodata.__log_data
                0x0800d658      0x890 C:/ST/STM32CubeIDE_1.9.0/STM32CubeIDE/plugins/com.st.stm32cube.ide.mcu.externaltools.gnu-tools-for-stm32.13.3.rel1.win32_1.0.0.202411081344/tools/bin/../lib/gcc/arm-none-eabi/13.3.1/../../../../arm-none-eabi/lib/thumb/v7e-m+dp/hard\libm.a(libm_a-log_data.o)
                0x0800d658                __log_data
 .rodata.__pow_log_data
                0x0800dee8     0x1048 C:/ST/STM32CubeIDE_1.9.0/STM32CubeIDE/plugins/com.st.stm32cube.ide.mcu.externaltools.gnu-tools-for-stm32.13.3.rel1.win32_1.0.0.202411081344/tools/bin/../lib/gcc/arm-none-eabi/13.3.1/../../../../arm-none-eabi/lib/thumb/v7e-m+dp/hard\libm.a(libm_a-pow_log_data.o)
                0x0800dee8                __pow_log_data
 .rodata.__exp_data
                0x0800ef30      0x870 C:/ST/STM32CubeIDE_1.9.0/STM32CubeIDE/plugins/com.st.stm32cube.ide.mcu.externaltools.gnu-tools-for-stm32.13.3.rel1.win32_1.0.0.202411081344/tools/bin/../lib/gcc/arm-none-eabi/13.3.1/../../../../arm-none-eabi/lib/thumb/v7e-m+dp/hard\libm.a(libm_a-exp_data.o)
                0x0800ef30                __exp_data
                0x0800f7a0                        . = ALIGN (0x4)

.ARM.extab
 *(.ARM.extab* .gnu.linkonce.armextab.*)

.ARM            0x0800f7a0        0x8
                0x0800f7a0                        __exidx_start = .
 *(.ARM.exidx*)
 .ARM.exidx     0x0800f7a0        0x8 C:/ST/STM32CubeIDE_1.9.0/STM32CubeIDE/plugins/com.st.stm32cube.ide.mcu.externaltools.gnu-tools-for-stm32.13.3.rel1.win32_1.0.0.202411081344/tools/bin/../lib/gcc/arm-none-eabi/13.3.1/thumb/v7e-m+dp/hard\libgcc.a(_udivmoddi4.o)
                0x0800f7a8                        __exidx_end = .

.rel.dyn        0x0800f7a8        0x0
 .rel.iplt      0x0800f7a8        0x0 C:/ST/STM32CubeIDE_1.9.0/STM32CubeIDE/plugins/com.st.stm32cube.ide.mcu.externaltools.gnu-tools-for-stm32.13.3.rel1.win32_1.0.0.202411081344/tools/bin/../lib/gcc/arm-none-eabi/13.3.1/thumb/v7e-m+dp/hard/crtbegin.o

.preinit_array  0x0800f7a8        0x0
                0x0800f7a8                        PROVIDE (__preinit_array_start = .)
 *(.preinit_array*)
                0x0800f7a8                        PROVIDE (__preinit_array_end = .)

.init_array     0x0800f7a8        0x4
                0x0800f7a8                        PROVIDE (__init_array_start = .)
 *(SORT_BY_NAME(.init_array.*))
 *(.init_array*)
 .init_array    0x0800f7a8        0x4 C:/ST/STM32CubeIDE_1.9.0/STM32CubeIDE/plugins/com.st.stm32cube.ide.mcu.externaltools.gnu-tools-for-stm32.13.3.rel1.win32_1.0.0.202411081344/tools/bin/../lib/gcc/arm-none-eabi/13.3.1/thumb/v7e-m+dp/hard/crtbegin.o
                0x0800f7ac                        PROVIDE (__init_array_end = .)

.fini_array     0x0800f7ac        0x4
                [!provide]                        PROVIDE (__fini_array_start = .)
 *(SORT_BY_NAME(.fini_array.*))
 *(.fini_array*)
 .fini_array    0x0800f7ac        0x4 C:/ST/STM32CubeIDE_1.9.0/STM32CubeIDE/plugins/com.st.stm32cube.ide.mcu.externaltools.gnu-tools-for-stm32.13.3.rel1.win32_1.0.0.202411081344/tools/bin/../lib/gcc/arm-none-eabi/13.3.1/thumb/v7e-m+dp/hard/crtbegin.o
                [!provide]                        PROVIDE (__fini_array_end = .)
                0x0800f7b0                        _sidata = LOADADDR (.data)

.data           0x24000000       0x68 load address 0x0800f7b0
                0x24000000                        . = ALIGN (0x4)
                0x24000000                        _sdata = .
 *(.data)
 *(.data*)
 .data.per_channel_sample_memory_capacity
                0x24000000        0x4 ./Core/Src/rhdinterface.o
                0x24000000                per_channel_sample_memory_capacity
 .data.uart_ready
                0x24000004        0x1 ./Core/Src/rhdinterface.o
                0x24000004                uart_ready
 .data.command_transfer_state
                0x24000005        0x1 ./Core/Src/rhdinterface.o
 *fill*         0x24000006        0x2 
 .data.SystemCoreClock
                0x24000008        0x4 ./Core/Src/system_stm32h7xx.o
                0x24000008                SystemCoreClock
 .data.SystemD2Clock
                0x2400000c        0x4 ./Core/Src/system_stm32h7xx.o
                0x2400000c                SystemD2Clock
 .data.uwTickPrio
                0x24000010        0x4 ./Drivers/STM32H7xx_HAL_Driver/Src/stm32h7xx_hal.o
                0x24000010                uwTickPrio
 .data.uwTickFreq
                0x24000014        0x1 ./Drivers/STM32H7xx_HAL_Driver/Src/stm32h7xx_hal.o
                0x24000014                uwTickFreq
 *fill*         0x24000015        0x3 
 .data._impure_ptr
                0x24000018        0x4 C:/ST/STM32CubeIDE_1.9.0/STM32CubeIDE/plugins/com.st.stm32cube.ide.mcu.externaltools.gnu-tools-for-stm32.13.3.rel1.win32_1.0.0.202411081344/tools/bin/../lib/gcc/arm-none-eabi/13.3.1/../../../../arm-none-eabi/lib/thumb/v7e-m+dp/hard\libc_nano.a(libc_a-impure.o)
                0x24000018                _impure_ptr
 .data._impure_data
                0x2400001c       0x4c C:/ST/STM32CubeIDE_1.9.0/STM32CubeIDE/plugins/com.st.stm32cube.ide.mcu.externaltools.gnu-tools-for-stm32.13.3.rel1.win32_1.0.0.202411081344/tools/bin/../lib/gcc/arm-none-eabi/13.3.1/../../../../arm-none-eabi/lib/thumb/v7e-m+dp/hard\libc_nano.a(libc_a-impure.o)
                0x2400001c                _impure_data
 *(.RamFunc)
 *(.RamFunc*)
                0x24000068                        . = ALIGN (0x4)
                0x24000068                        _edata = .

.igot.plt       0x24000068        0x0 load address 0x0800f818
 .igot.plt      0x24000068        0x0 C:/ST/STM32CubeIDE_1.9.0/STM32CubeIDE/plugins/com.st.stm32cube.ide.mcu.externaltools.gnu-tools-for-stm32.13.3.rel1.win32_1.0.0.202411081344/tools/bin/../lib/gcc/arm-none-eabi/13.3.1/thumb/v7e-m+dp/hard/crtbegin.o
                0x24000068                        . = ALIGN (0x4)

.bss            0x24000068      0x840 load address 0x0800f818
                0x24000068                        _sbss = .
                0x24000068                        __bss_start__ = _sbss
 *(.bss)
 .bss           0x24000068       0x1c C:/ST/STM32CubeIDE_1.9.0/STM32CubeIDE/plugins/com.st.stm32cube.ide.mcu.externaltools.gnu-tools-for-stm32.13.3.rel1.win32_1.0.0.202411081344/tools/bin/../lib/gcc/arm-none-eabi/13.3.1/thumb/v7e-m+dp/hard/crtbegin.o
 *(.bss*)
 .bss.hspi3     0x24000084       0x88 ./Core/Src/main.o
                0x24000084                hspi3
 .bss.hdma_spi3_rx
                0x2400010c       0x78 ./Core/Src/main.o
                0x2400010c                hdma_spi3_rx
 .bss.hdma_spi3_tx
                0x24000184       0x78 ./Core/Src/main.o
                0x24000184                hdma_spi3_tx
 .bss.htim3     0x240001fc       0x4c ./Core/Src/main.o
                0x240001fc                htim3
 .bss.huart3    0x24000248       0x94 ./Core/Src/main.o
                0x24000248                huart3
 .bss.hdma_usart3_tx
                0x240002dc       0x78 ./Core/Src/main.o
                0x240002dc                hdma_usart3_tx
 .bss.command_sequence_MOSI
                0x24000354       0x46 ./Core/Src/rhdinterface.o
                0x24000354                command_sequence_MOSI
 *fill*         0x2400039a        0x2 
 .bss.command_sequence_MISO
                0x2400039c       0x46 ./Core/Src/rhdinterface.o
                0x2400039c                command_sequence_MISO
 *fill*         0x240003e2        0x2 
 .bss.next_aux_commands
                0x240003e4        0x6 ./Core/Src/rhdinterface.o
                0x240003e4                next_aux_commands
 .bss.sample_counter
                0x240003ea        0x2 ./Core/Src/rhdinterface.o
                0x240003ea                sample_counter
 .bss.sample_memory
                0x240003ec        0x4 ./Core/Src/rhdinterface.o
                0x240003ec                sample_memory
 .bss.aux_command_list
                0x240003f0      0x300 ./Core/Src/rhdinterface.o
                0x240003f0                aux_command_list
 .bss.main_loop_active
                0x240006f0        0x1 ./Core/Src/rhdinterface.o
                0x240006f0                main_loop_active
 .bss.sample_interrupt_occurred
                0x240006f1        0x1 ./Core/Src/rhdinterface.o
                0x240006f1                sample_interrupt_occurred
 .bss.main_pin_status
                0x240006f2        0x1 ./Core/Src/rhdinterface.o
                0x240006f2                main_pin_status
 *fill*         0x240006f3        0x5 
 .bss.parameters
                0x240006f8       0x50 ./Core/Src/rhdinterface.o
                0x240006f8                parameters
 .bss.aux_command_index
                0x24000748        0x1 ./Core/Src/rhdinterface.o
 .bss.reception_in_progress
                0x24000749        0x1 ./Core/Src/rhdinterface.o
 *fill*         0x2400074a        0x6 
 .bss.SysTick_counter
                0x24000750        0x8 ./Core/Src/stm32h7xx_it.o
                0x24000750                SysTick_counter
 .bss.__sbrk_heap_end
                0x24000758        0x4 ./Core/Src/sysmem.o
 .bss.uwTick    0x2400075c        0x4 ./Drivers/STM32H7xx_HAL_Driver/Src/stm32h7xx_hal.o
                0x2400075c                uwTick
 .bss.__malloc_sbrk_start
                0x24000760        0x4 C:/ST/STM32CubeIDE_1.9.0/STM32CubeIDE/plugins/com.st.stm32cube.ide.mcu.externaltools.gnu-tools-for-stm32.13.3.rel1.win32_1.0.0.202411081344/tools/bin/../lib/gcc/arm-none-eabi/13.3.1/../../../../arm-none-eabi/lib/thumb/v7e-m+dp/hard\libc_nano.a(libc_a-mallocr.o)
                0x24000760                __malloc_sbrk_start
 .bss.__malloc_free_list
                0x24000764        0x4 C:/ST/STM32CubeIDE_1.9.0/STM32CubeIDE/plugins/com.st.stm32cube.ide.mcu.externaltools.gnu-tools-for-stm32.13.3.rel1.win32_1.0.0.202411081344/tools/bin/../lib/gcc/arm-none-eabi/13.3.1/../../../../arm-none-eabi/lib/thumb/v7e-m+dp/hard\libc_nano.a(libc_a-mallocr.o)
                0x24000764                __malloc_free_list
 .bss.__sf      0x24000768      0x138 C:/ST/STM32CubeIDE_1.9.0/STM32CubeIDE/plugins/com.st.stm32cube.ide.mcu.externaltools.gnu-tools-for-stm32.13.3.rel1.win32_1.0.0.202411081344/tools/bin/../lib/gcc/arm-none-eabi/13.3.1/../../../../arm-none-eabi/lib/thumb/v7e-m+dp/hard\libc_nano.a(libc_a-findfp.o)
                0x24000768                __sf
 .bss.errno     0x240008a0        0x4 C:/ST/STM32CubeIDE_1.9.0/STM32CubeIDE/plugins/com.st.stm32cube.ide.mcu.externaltools.gnu-tools-for-stm32.13.3.rel1.win32_1.0.0.202411081344/tools/bin/../lib/gcc/arm-none-eabi/13.3.1/../../../../arm-none-eabi/lib/thumb/v7e-m+dp/hard\libc_nano.a(libc_a-reent.o)
                0x240008a0                errno
 .bss.__lock___malloc_recursive_mutex
                0x240008a4        0x1 C:/ST/STM32CubeIDE_1.9.0/STM32CubeIDE/plugins/com.st.stm32cube.ide.mcu.externaltools.gnu-tools-for-stm32.13.3.rel1.win32_1.0.0.202411081344/tools/bin/../lib/gcc/arm-none-eabi/13.3.1/../../../../arm-none-eabi/lib/thumb/v7e-m+dp/hard\libc_nano.a(libc_a-lock.o)
                0x240008a4                __lock___malloc_recursive_mutex
 *(COMMON)
                0x240008a8                        . = ALIGN (0x4)
 *fill*         0x240008a5        0x3 
                0x240008a8                        _ebss = .
                0x240008a8                        __bss_end__ = _ebss

._user_heap_stack
                0x240008a8      0x600 load address 0x0800f818
                0x240008a8                        . = ALIGN (0x8)
                [!provide]                        PROVIDE (end = .)
                0x240008a8                        PROVIDE (_end = .)
                0x24000aa8                        . = (. + _Min_Heap_Size)
 *fill*         0x240008a8      0x200 
                0x24000ea8                        . = (. + _Min_Stack_Size)
 *fill*         0x24000aa8      0x400 
                0x24000ea8                        . = ALIGN (0x8)

/DISCARD/
 libc.a(*)
 libm.a(*)
 libgcc.a(*)

.ARM.attributes
                0x00000000       0x2e
 *(.ARM.attributes)
 .ARM.attributes
                0x00000000       0x20 C:/ST/STM32CubeIDE_1.9.0/STM32CubeIDE/plugins/com.st.stm32cube.ide.mcu.externaltools.gnu-tools-for-stm32.13.3.rel1.win32_1.0.0.202411081344/tools/bin/../lib/gcc/arm-none-eabi/13.3.1/thumb/v7e-m+dp/hard/crti.o
 .ARM.attributes
                0x00000020       0x32 C:/ST/STM32CubeIDE_1.9.0/STM32CubeIDE/plugins/com.st.stm32cube.ide.mcu.externaltools.gnu-tools-for-stm32.13.3.rel1.win32_1.0.0.202411081344/tools/bin/../lib/gcc/arm-none-eabi/13.3.1/thumb/v7e-m+dp/hard/crtbegin.o
 .ARM.attributes
                0x00000052       0x32 ./Core/Src/main.o
 .ARM.attributes
                0x00000084       0x32 ./Core/Src/rhdinterface.o
 .ARM.attributes
                0x000000b6       0x32 ./Core/Src/rhdregisters.o
 .ARM.attributes
                0x000000e8       0x32 ./Core/Src/stm32h7xx_hal_msp.o
 .ARM.attributes
                0x0000011a       0x32 ./Core/Src/stm32h7xx_it.o
 .ARM.attributes
                0x0000014c       0x32 ./Core/Src/sysmem.o
 .ARM.attributes
                0x0000017e       0x32 ./Core/Src/system_stm32h7xx.o
 .ARM.attributes
                0x000001b0       0x32 ./Core/Src/userfunctions.o
 .ARM.attributes
                0x000001e2       0x21 ./Core/Startup/startup_stm32h723zgtx.o
 .ARM.attributes
                0x00000203       0x32 ./Drivers/STM32H7xx_HAL_Driver/Src/stm32h7xx_hal.o
 .ARM.attributes
                0x00000235       0x32 ./Drivers/STM32H7xx_HAL_Driver/Src/stm32h7xx_hal_cortex.o
 .ARM.attributes
                0x00000267       0x32 ./Drivers/STM32H7xx_HAL_Driver/Src/stm32h7xx_hal_dma.o
 .ARM.attributes
                0x00000299       0x32 ./Drivers/STM32H7xx_HAL_Driver/Src/stm32h7xx_hal_gpio.o
 .ARM.attributes
                0x000002cb       0x32 ./Drivers/STM32H7xx_HAL_Driver/Src/stm32h7xx_hal_pwr_ex.o
 .ARM.attributes
                0x000002fd       0x32 ./Drivers/STM32H7xx_HAL_Driver/Src/stm32h7xx_hal_rcc.o
 .ARM.attributes
                0x0000032f       0x32 ./Drivers/STM32H7xx_HAL_Driver/Src/stm32h7xx_hal_rcc_ex.o
 .ARM.attributes
                0x00000361       0x32 ./Drivers/STM32H7xx_HAL_Driver/Src/stm32h7xx_hal_spi.o
 .ARM.attributes
                0x00000393       0x32 ./Drivers/STM32H7xx_HAL_Driver/Src/stm32h7xx_hal_tim.o
 .ARM.attributes
                0x000003c5       0x32 ./Drivers/STM32H7xx_HAL_Driver/Src/stm32h7xx_hal_tim_ex.o
 .ARM.attributes
                0x000003f7       0x32 ./Drivers/STM32H7xx_HAL_Driver/Src/stm32h7xx_hal_uart.o
 .ARM.attributes
                0x00000429       0x32 ./Drivers/STM32H7xx_HAL_Driver/Src/stm32h7xx_hal_uart_ex.o
 .ARM.attributes
                0x0000045b       0x32 C:/ST/STM32CubeIDE_1.9.0/STM32CubeIDE/plugins/com.st.stm32cube.ide.mcu.externaltools.gnu-tools-for-stm32.13.3.rel1.win32_1.0.0.202411081344/tools/bin/../lib/gcc/arm-none-eabi/13.3.1/../../../../arm-none-eabi/lib/thumb/v7e-m+dp/hard\libc_nano.a(libc_a-malloc.o)
 .ARM.attributes
                0x0000048d       0x32 C:/ST/STM32CubeIDE_1.9.0/STM32CubeIDE/plugins/com.st.stm32cube.ide.mcu.externaltools.gnu-tools-for-stm32.13.3.rel1.win32_1.0.0.202411081344/tools/bin/../lib/gcc/arm-none-eabi/13.3.1/../../../../arm-none-eabi/lib/thumb/v7e-m+dp/hard\libc_nano.a(libc_a-mallocr.o)
 .ARM.attributes
                0x000004bf       0x32 C:/ST/STM32CubeIDE_1.9.0/STM32CubeIDE/plugins/com.st.stm32cube.ide.mcu.externaltools.gnu-tools-for-stm32.13.3.rel1.win32_1.0.0.202411081344/tools/bin/../lib/gcc/arm-none-eabi/13.3.1/../../../../arm-none-eabi/lib/thumb/v7e-m+dp/hard\libc_nano.a(libc_a-mlock.o)
 .ARM.attributes
                0x000004f1       0x32 C:/ST/STM32CubeIDE_1.9.0/STM32CubeIDE/plugins/com.st.stm32cube.ide.mcu.externaltools.gnu-tools-for-stm32.13.3.rel1.win32_1.0.0.202411081344/tools/bin/../lib/gcc/arm-none-eabi/13.3.1/../../../../arm-none-eabi/lib/thumb/v7e-m+dp/hard\libc_nano.a(libc_a-findfp.o)
 .ARM.attributes
                0x00000523       0x32 C:/ST/STM32CubeIDE_1.9.0/STM32CubeIDE/plugins/com.st.stm32cube.ide.mcu.externaltools.gnu-tools-for-stm32.13.3.rel1.win32_1.0.0.202411081344/tools/bin/../lib/gcc/arm-none-eabi/13.3.1/../../../../arm-none-eabi/lib/thumb/v7e-m+dp/hard\libc_nano.a(libc_a-memset.o)
 .ARM.attributes
                0x00000555       0x32 C:/ST/STM32CubeIDE_1.9.0/STM32CubeIDE/plugins/com.st.stm32cube.ide.mcu.externaltools.gnu-tools-for-stm32.13.3.rel1.win32_1.0.0.202411081344/tools/bin/../lib/gcc/arm-none-eabi/13.3.1/../../../../arm-none-eabi/lib/thumb/v7e-m+dp/hard\libc_nano.a(libc_a-reent.o)
 .ARM.attributes
                0x00000587       0x32 C:/ST/STM32CubeIDE_1.9.0/STM32CubeIDE/plugins/com.st.stm32cube.ide.mcu.externaltools.gnu-tools-for-stm32.13.3.rel1.win32_1.0.0.202411081344/tools/bin/../lib/gcc/arm-none-eabi/13.3.1/../../../../arm-none-eabi/lib/thumb/v7e-m+dp/hard\libc_nano.a(libc_a-impure.o)
 .ARM.attributes
                0x000005b9       0x32 C:/ST/STM32CubeIDE_1.9.0/STM32CubeIDE/plugins/com.st.stm32cube.ide.mcu.externaltools.gnu-tools-for-stm32.13.3.rel1.win32_1.0.0.202411081344/tools/bin/../lib/gcc/arm-none-eabi/13.3.1/../../../../arm-none-eabi/lib/thumb/v7e-m+dp/hard\libc_nano.a(libc_a-sbrkr.o)
 .ARM.attributes
                0x000005eb       0x32 C:/ST/STM32CubeIDE_1.9.0/STM32CubeIDE/plugins/com.st.stm32cube.ide.mcu.externaltools.gnu-tools-for-stm32.13.3.rel1.win32_1.0.0.202411081344/tools/bin/../lib/gcc/arm-none-eabi/13.3.1/../../../../arm-none-eabi/lib/thumb/v7e-m+dp/hard\libc_nano.a(libc_a-errno.o)
 .ARM.attributes
                0x0000061d       0x32 C:/ST/STM32CubeIDE_1.9.0/STM32CubeIDE/plugins/com.st.stm32cube.ide.mcu.externaltools.gnu-tools-for-stm32.13.3.rel1.win32_1.0.0.202411081344/tools/bin/../lib/gcc/arm-none-eabi/13.3.1/../../../../arm-none-eabi/lib/thumb/v7e-m+dp/hard\libc_nano.a(libc_a-init.o)
 .ARM.attributes
                0x0000064f       0x32 C:/ST/STM32CubeIDE_1.9.0/STM32CubeIDE/plugins/com.st.stm32cube.ide.mcu.externaltools.gnu-tools-for-stm32.13.3.rel1.win32_1.0.0.202411081344/tools/bin/../lib/gcc/arm-none-eabi/13.3.1/../../../../arm-none-eabi/lib/thumb/v7e-m+dp/hard\libc_nano.a(libc_a-lock.o)
 .ARM.attributes
                0x00000681       0x32 C:/ST/STM32CubeIDE_1.9.0/STM32CubeIDE/plugins/com.st.stm32cube.ide.mcu.externaltools.gnu-tools-for-stm32.13.3.rel1.win32_1.0.0.202411081344/tools/bin/../lib/gcc/arm-none-eabi/13.3.1/../../../../arm-none-eabi/lib/thumb/v7e-m+dp/hard\libc_nano.a(libc_a-freer.o)
 .ARM.attributes
                0x000006b3       0x32 C:/ST/STM32CubeIDE_1.9.0/STM32CubeIDE/plugins/com.st.stm32cube.ide.mcu.externaltools.gnu-tools-for-stm32.13.3.rel1.win32_1.0.0.202411081344/tools/bin/../lib/gcc/arm-none-eabi/13.3.1/../../../../arm-none-eabi/lib/thumb/v7e-m+dp/hard\libm.a(libm_a-w_log10.o)
 .ARM.attributes
                0x000006e5       0x32 C:/ST/STM32CubeIDE_1.9.0/STM32CubeIDE/plugins/com.st.stm32cube.ide.mcu.externaltools.gnu-tools-for-stm32.13.3.rel1.win32_1.0.0.202411081344/tools/bin/../lib/gcc/arm-none-eabi/13.3.1/../../../../arm-none-eabi/lib/thumb/v7e-m+dp/hard\libm.a(libm_a-w_sqrt.o)
 .ARM.attributes
                0x00000717       0x32 C:/ST/STM32CubeIDE_1.9.0/STM32CubeIDE/plugins/com.st.stm32cube.ide.mcu.externaltools.gnu-tools-for-stm32.13.3.rel1.win32_1.0.0.202411081344/tools/bin/../lib/gcc/arm-none-eabi/13.3.1/../../../../arm-none-eabi/lib/thumb/v7e-m+dp/hard\libm.a(libm_a-s_nan.o)
 .ARM.attributes
                0x00000749       0x32 C:/ST/STM32CubeIDE_1.9.0/STM32CubeIDE/plugins/com.st.stm32cube.ide.mcu.externaltools.gnu-tools-for-stm32.13.3.rel1.win32_1.0.0.202411081344/tools/bin/../lib/gcc/arm-none-eabi/13.3.1/../../../../arm-none-eabi/lib/thumb/v7e-m+dp/hard\libm.a(libm_a-log.o)
 .ARM.attributes
                0x0000077b       0x32 C:/ST/STM32CubeIDE_1.9.0/STM32CubeIDE/plugins/com.st.stm32cube.ide.mcu.externaltools.gnu-tools-for-stm32.13.3.rel1.win32_1.0.0.202411081344/tools/bin/../lib/gcc/arm-none-eabi/13.3.1/../../../../arm-none-eabi/lib/thumb/v7e-m+dp/hard\libm.a(libm_a-log_data.o)
 .ARM.attributes
                0x000007ad       0x32 C:/ST/STM32CubeIDE_1.9.0/STM32CubeIDE/plugins/com.st.stm32cube.ide.mcu.externaltools.gnu-tools-for-stm32.13.3.rel1.win32_1.0.0.202411081344/tools/bin/../lib/gcc/arm-none-eabi/13.3.1/../../../../arm-none-eabi/lib/thumb/v7e-m+dp/hard\libm.a(libm_a-pow.o)
 .ARM.attributes
                0x000007df       0x32 C:/ST/STM32CubeIDE_1.9.0/STM32CubeIDE/plugins/com.st.stm32cube.ide.mcu.externaltools.gnu-tools-for-stm32.13.3.rel1.win32_1.0.0.202411081344/tools/bin/../lib/gcc/arm-none-eabi/13.3.1/../../../../arm-none-eabi/lib/thumb/v7e-m+dp/hard\libm.a(libm_a-pow_log_data.o)
 .ARM.attributes
                0x00000811       0x32 C:/ST/STM32CubeIDE_1.9.0/STM32CubeIDE/plugins/com.st.stm32cube.ide.mcu.externaltools.gnu-tools-for-stm32.13.3.rel1.win32_1.0.0.202411081344/tools/bin/../lib/gcc/arm-none-eabi/13.3.1/../../../../arm-none-eabi/lib/thumb/v7e-m+dp/hard\libm.a(libm_a-e_sqrt.o)
 .ARM.attributes
                0x00000843       0x32 C:/ST/STM32CubeIDE_1.9.0/STM32CubeIDE/plugins/com.st.stm32cube.ide.mcu.externaltools.gnu-tools-for-stm32.13.3.rel1.win32_1.0.0.202411081344/tools/bin/../lib/gcc/arm-none-eabi/13.3.1/../../../../arm-none-eabi/lib/thumb/v7e-m+dp/hard\libm.a(libm_a-e_log10.o)
 .ARM.attributes
                0x00000875       0x32 C:/ST/STM32CubeIDE_1.9.0/STM32CubeIDE/plugins/com.st.stm32cube.ide.mcu.externaltools.gnu-tools-for-stm32.13.3.rel1.win32_1.0.0.202411081344/tools/bin/../lib/gcc/arm-none-eabi/13.3.1/../../../../arm-none-eabi/lib/thumb/v7e-m+dp/hard\libm.a(libm_a-exp_data.o)
 .ARM.attributes
                0x000008a7       0x32 C:/ST/STM32CubeIDE_1.9.0/STM32CubeIDE/plugins/com.st.stm32cube.ide.mcu.externaltools.gnu-tools-for-stm32.13.3.rel1.win32_1.0.0.202411081344/tools/bin/../lib/gcc/arm-none-eabi/13.3.1/../../../../arm-none-eabi/lib/thumb/v7e-m+dp/hard\libm.a(libm_a-math_err.o)
 .ARM.attributes
                0x000008d9       0x20 C:/ST/STM32CubeIDE_1.9.0/STM32CubeIDE/plugins/com.st.stm32cube.ide.mcu.externaltools.gnu-tools-for-stm32.13.3.rel1.win32_1.0.0.202411081344/tools/bin/../lib/gcc/arm-none-eabi/13.3.1/thumb/v7e-m+dp/hard\libgcc.a(_aeabi_uldivmod.o)
 .ARM.attributes
                0x000008f9       0x32 C:/ST/STM32CubeIDE_1.9.0/STM32CubeIDE/plugins/com.st.stm32cube.ide.mcu.externaltools.gnu-tools-for-stm32.13.3.rel1.win32_1.0.0.202411081344/tools/bin/../lib/gcc/arm-none-eabi/13.3.1/thumb/v7e-m+dp/hard\libgcc.a(_udivmoddi4.o)
 .ARM.attributes
                0x0000092b       0x20 C:/ST/STM32CubeIDE_1.9.0/STM32CubeIDE/plugins/com.st.stm32cube.ide.mcu.externaltools.gnu-tools-for-stm32.13.3.rel1.win32_1.0.0.202411081344/tools/bin/../lib/gcc/arm-none-eabi/13.3.1/thumb/v7e-m+dp/hard\libgcc.a(_dvmd_tls.o)
 .ARM.attributes
                0x0000094b       0x20 C:/ST/STM32CubeIDE_1.9.0/STM32CubeIDE/plugins/com.st.stm32cube.ide.mcu.externaltools.gnu-tools-for-stm32.13.3.rel1.win32_1.0.0.202411081344/tools/bin/../lib/gcc/arm-none-eabi/13.3.1/thumb/v7e-m+dp/hard/crtn.o
OUTPUT(rhd_acquisition.elf elf32-littlearm)
LOAD linker stubs
LOAD C:/ST/STM32CubeIDE_1.9.0/STM32CubeIDE/plugins/com.st.stm32cube.ide.mcu.externaltools.gnu-tools-for-stm32.13.3.rel1.win32_1.0.0.202411081344/tools/bin/../lib/gcc/arm-none-eabi/13.3.1/../../../../arm-none-eabi/lib/thumb/v7e-m+dp/hard\libc.a
LOAD C:/ST/STM32CubeIDE_1.9.0/STM32CubeIDE/plugins/com.st.stm32cube.ide.mcu.externaltools.gnu-tools-for-stm32.13.3.rel1.win32_1.0.0.202411081344/tools/bin/../lib/gcc/arm-none-eabi/13.3.1/../../../../arm-none-eabi/lib/thumb/v7e-m+dp/hard\libm.a
LOAD C:/ST/STM32CubeIDE_1.9.0/STM32CubeIDE/plugins/com.st.stm32cube.ide.mcu.externaltools.gnu-tools-for-stm32.13.3.rel1.win32_1.0.0.202411081344/tools/bin/../lib/gcc/arm-none-eabi/13.3.1/thumb/v7e-m+dp/hard\libgcc.a

.debug_info     0x00000000    0x1b054
 .debug_info    0x00000000     0x2249 ./Core/Src/main.o
 .debug_info    0x00002249     0x1c4f ./Core/Src/rhdinterface.o
 .debug_info    0x00003e98      0xa76 ./Core/Src/rhdregisters.o
 .debug_info    0x0000490e     0x1d55 ./Core/Src/stm32h7xx_hal_msp.o
 .debug_info    0x00006663     0x10a6 ./Core/Src/stm32h7xx_it.o
 .debug_info    0x00007709      0x168 ./Core/Src/sysmem.o
 .debug_info    0x00007871      0xb2e ./Core/Src/system_stm32h7xx.o
 .debug_info    0x0000839f      0xc7c ./Core/Src/userfunctions.o
 .debug_info    0x0000901b       0x30 ./Core/Startup/startup_stm32h723zgtx.o
 .debug_info    0x0000904b     0x1698 ./Drivers/STM32H7xx_HAL_Driver/Src/stm32h7xx_hal.o
 .debug_info    0x0000a6e3     0x10a5 ./Drivers/STM32H7xx_HAL_Driver/Src/stm32h7xx_hal_cortex.o
 .debug_info    0x0000b788      0xb71 ./Drivers/STM32H7xx_HAL_Driver/Src/stm32h7xx_hal_dma.o
 .debug_info    0x0000c2f9      0xc6b ./Drivers/STM32H7xx_HAL_Driver/Src/stm32h7xx_hal_gpio.o
 .debug_info    0x0000cf64      0xdce ./Drivers/STM32H7xx_HAL_Driver/Src/stm32h7xx_hal_pwr_ex.o
 .debug_info    0x0000dd32      0xd82 ./Drivers/STM32H7xx_HAL_Driver/Src/stm32h7xx_hal_rcc.o
 .debug_info    0x0000eab4     0x120b ./Drivers/STM32H7xx_HAL_Driver/Src/stm32h7xx_hal_rcc_ex.o
 .debug_info    0x0000fcbf     0x144a ./Drivers/STM32H7xx_HAL_Driver/Src/stm32h7xx_hal_spi.o
 .debug_info    0x00011109     0x2bae ./Drivers/STM32H7xx_HAL_Driver/Src/stm32h7xx_hal_tim.o
 .debug_info    0x00013cb7     0x18c1 ./Drivers/STM32H7xx_HAL_Driver/Src/stm32h7xx_hal_tim_ex.o
 .debug_info    0x00015578     0x4b1d ./Drivers/STM32H7xx_HAL_Driver/Src/stm32h7xx_hal_uart.o
 .debug_info    0x0001a095      0xfbf ./Drivers/STM32H7xx_HAL_Driver/Src/stm32h7xx_hal_uart_ex.o

.debug_abbrev   0x00000000     0x329d
 .debug_abbrev  0x00000000      0x35c ./Core/Src/main.o
 .debug_abbrev  0x0000035c      0x421 ./Core/Src/rhdinterface.o
 .debug_abbrev  0x0000077d      0x276 ./Core/Src/rhdregisters.o
 .debug_abbrev  0x000009f3      0x27a ./Core/Src/stm32h7xx_hal_msp.o
 .debug_abbrev  0x00000c6d      0x203 ./Core/Src/stm32h7xx_it.o
 .debug_abbrev  0x00000e70       0xbc ./Core/Src/sysmem.o
 .debug_abbrev  0x00000f2c      0x13a ./Core/Src/system_stm32h7xx.o
 .debug_abbrev  0x00001066      0x274 ./Core/Src/userfunctions.o
 .debug_abbrev  0x000012da       0x24 ./Core/Startup/startup_stm32h723zgtx.o
 .debug_abbrev  0x000012fe      0x29e ./Drivers/STM32H7xx_HAL_Driver/Src/stm32h7xx_hal.o
 .debug_abbrev  0x0000159c      0x339 ./Drivers/STM32H7xx_HAL_Driver/Src/stm32h7xx_hal_cortex.o
 .debug_abbrev  0x000018d5      0x248 ./Drivers/STM32H7xx_HAL_Driver/Src/stm32h7xx_hal_dma.o
 .debug_abbrev  0x00001b1d      0x205 ./Drivers/STM32H7xx_HAL_Driver/Src/stm32h7xx_hal_gpio.o
 .debug_abbrev  0x00001d22      0x295 ./Drivers/STM32H7xx_HAL_Driver/Src/stm32h7xx_hal_pwr_ex.o
 .debug_abbrev  0x00001fb7      0x2b1 ./Drivers/STM32H7xx_HAL_Driver/Src/stm32h7xx_hal_rcc.o
 .debug_abbrev  0x00002268      0x269 ./Drivers/STM32H7xx_HAL_Driver/Src/stm32h7xx_hal_rcc_ex.o
 .debug_abbrev  0x000024d1      0x2b1 ./Drivers/STM32H7xx_HAL_Driver/Src/stm32h7xx_hal_spi.o
 .debug_abbrev  0x00002782      0x276 ./Drivers/STM32H7xx_HAL_Driver/Src/stm32h7xx_hal_tim.o
 .debug_abbrev  0x000029f8      0x296 ./Drivers/STM32H7xx_HAL_Driver/Src/stm32h7xx_hal_tim_ex.o
 .debug_abbrev  0x00002c8e      0x33d ./Drivers/STM32H7xx_HAL_Driver/Src/stm32h7xx_hal_uart.o
 .debug_abbrev  0x00002fcb      0x2d2 ./Drivers/STM32H7xx_HAL_Driver/Src/stm32h7xx_hal_uart_ex.o

.debug_aranges  0x00000000     0x14a0
 .debug_aranges
                0x00000000       0x80 ./Core/Src/main.o
 .debug_aranges
                0x00000080       0xf8 ./Core/Src/rhdinterface.o
 .debug_aranges
                0x00000178       0xa8 ./Core/Src/rhdregisters.o
 .debug_aranges
                0x00000220       0x50 ./Core/Src/stm32h7xx_hal_msp.o
 .debug_aranges
                0x00000270       0x98 ./Core/Src/stm32h7xx_it.o
 .debug_aranges
                0x00000308       0x20 ./Core/Src/sysmem.o
 .debug_aranges
                0x00000328       0x28 ./Core/Src/system_stm32h7xx.o
 .debug_aranges
                0x00000350       0x60 ./Core/Src/userfunctions.o
 .debug_aranges
                0x000003b0       0x28 ./Core/Startup/startup_stm32h723zgtx.o
 .debug_aranges
                0x000003d8      0x1c8 ./Drivers/STM32H7xx_HAL_Driver/Src/stm32h7xx_hal.o
 .debug_aranges
                0x000005a0      0x130 ./Drivers/STM32H7xx_HAL_Driver/Src/stm32h7xx_hal_cortex.o
 .debug_aranges
                0x000006d0       0xa0 ./Drivers/STM32H7xx_HAL_Driver/Src/stm32h7xx_hal_dma.o
 .debug_aranges
                0x00000770       0x58 ./Drivers/STM32H7xx_HAL_Driver/Src/stm32h7xx_hal_gpio.o
 .debug_aranges
                0x000007c8      0x148 ./Drivers/STM32H7xx_HAL_Driver/Src/stm32h7xx_hal_pwr_ex.o
 .debug_aranges
                0x00000910       0x88 ./Drivers/STM32H7xx_HAL_Driver/Src/stm32h7xx_hal_rcc.o
 .debug_aranges
                0x00000998       0xf8 ./Drivers/STM32H7xx_HAL_Driver/Src/stm32h7xx_hal_rcc_ex.o
 .debug_aranges
                0x00000a90      0x1a8 ./Drivers/STM32H7xx_HAL_Driver/Src/stm32h7xx_hal_spi.o
 .debug_aranges
                0x00000c38      0x3e0 ./Drivers/STM32H7xx_HAL_Driver/Src/stm32h7xx_hal_tim.o
 .debug_aranges
                0x00001018      0x198 ./Drivers/STM32H7xx_HAL_Driver/Src/stm32h7xx_hal_tim_ex.o
 .debug_aranges
                0x000011b0      0x248 ./Drivers/STM32H7xx_HAL_Driver/Src/stm32h7xx_hal_uart.o
 .debug_aranges
                0x000013f8       0xa8 ./Drivers/STM32H7xx_HAL_Driver/Src/stm32h7xx_hal_uart_ex.o

.debug_rnglists
                0x00000000     0x101b
 .debug_rnglists
                0x00000000       0x61 ./Core/Src/main.o
 .debug_rnglists
                0x00000061       0xbb ./Core/Src/rhdinterface.o
 .debug_rnglists
                0x0000011c       0x85 ./Core/Src/rhdregisters.o
 .debug_rnglists
                0x000001a1       0x39 ./Core/Src/stm32h7xx_hal_msp.o
 .debug_rnglists
                0x000001da       0x6d ./Core/Src/stm32h7xx_it.o
 .debug_rnglists
                0x00000247       0x13 ./Core/Src/sysmem.o
 .debug_rnglists
                0x0000025a       0x1b ./Core/Src/system_stm32h7xx.o
 .debug_rnglists
                0x00000275       0x44 ./Core/Src/userfunctions.o
 .debug_rnglists
                0x000002b9       0x19 ./Core/Startup/startup_stm32h723zgtx.o
 .debug_rnglists
                0x000002d2      0x155 ./Drivers/STM32H7xx_HAL_Driver/Src/stm32h7xx_hal.o
 .debug_rnglists
                0x00000427       0xe0 ./Drivers/STM32H7xx_HAL_Driver/Src/stm32h7xx_hal_cortex.o
 .debug_rnglists
                0x00000507       0x82 ./Drivers/STM32H7xx_HAL_Driver/Src/stm32h7xx_hal_dma.o
 .debug_rnglists
                0x00000589       0x3f ./Drivers/STM32H7xx_HAL_Driver/Src/stm32h7xx_hal_gpio.o
 .debug_rnglists
                0x000005c8       0xf5 ./Drivers/STM32H7xx_HAL_Driver/Src/stm32h7xx_hal_pwr_ex.o
 .debug_rnglists
                0x000006bd       0x68 ./Drivers/STM32H7xx_HAL_Driver/Src/stm32h7xx_hal_rcc.o
 .debug_rnglists
                0x00000725       0xc0 ./Drivers/STM32H7xx_HAL_Driver/Src/stm32h7xx_hal_rcc_ex.o
 .debug_rnglists
                0x000007e5      0x148 ./Drivers/STM32H7xx_HAL_Driver/Src/stm32h7xx_hal_spi.o
 .debug_rnglists
                0x0000092d      0x328 ./Drivers/STM32H7xx_HAL_Driver/Src/stm32h7xx_hal_tim.o
 .debug_rnglists
                0x00000c55      0x14d ./Drivers/STM32H7xx_HAL_Driver/Src/stm32h7xx_hal_tim_ex.o
 .debug_rnglists
                0x00000da2      0x1fa ./Drivers/STM32H7xx_HAL_Driver/Src/stm32h7xx_hal_uart.o
 .debug_rnglists
                0x00000f9c       0x7f ./Drivers/STM32H7xx_HAL_Driver/Src/stm32h7xx_hal_uart_ex.o

.debug_macro    0x00000000    0x34455
 .debug_macro   0x00000000      0x348 ./Core/Src/main.o
 .debug_macro   0x00000348      0xaf6 ./Core/Src/main.o
 .debug_macro   0x00000e3e      0x23e ./Core/Src/main.o
 .debug_macro   0x0000107c       0x2e ./Core/Src/main.o
 .debug_macro   0x000010aa       0x3b ./Core/Src/main.o
 .debug_macro   0x000010e5       0x22 ./Core/Src/main.o
 .debug_macro   0x00001107       0x8e ./Core/Src/main.o
 .debug_macro   0x00001195       0x51 ./Core/Src/main.o
 .debug_macro   0x000011e6      0x103 ./Core/Src/main.o
 .debug_macro   0x000012e9       0x6a ./Core/Src/main.o
 .debug_macro   0x00001353      0x1df ./Core/Src/main.o
 .debug_macro   0x00001532       0x1c ./Core/Src/main.o
 .debug_macro   0x0000154e       0x22 ./Core/Src/main.o
 .debug_macro   0x00001570       0xfb ./Core/Src/main.o
 .debug_macro   0x0000166b     0x1305 ./Core/Src/main.o
 .debug_macro   0x00002970      0x11f ./Core/Src/main.o
 .debug_macro   0x00002a8f       0x27 ./Core/Src/main.o
 .debug_macro   0x00002ab6    0x216c1 ./Core/Src/main.o
 .debug_macro   0x00024177       0x6d ./Core/Src/main.o
 .debug_macro   0x000241e4     0x3d64 ./Core/Src/main.o
 .debug_macro   0x00027f48      0x190 ./Core/Src/main.o
 .debug_macro   0x000280d8       0x61 ./Core/Src/main.o
 .debug_macro   0x00028139       0x29 ./Core/Src/main.o
 .debug_macro   0x00028162       0x43 ./Core/Src/main.o
 .debug_macro   0x000281a5       0x34 ./Core/Src/main.o
 .debug_macro   0x000281d9      0x370 ./Core/Src/main.o
 .debug_macro   0x00028549       0x16 ./Core/Src/main.o
 .debug_macro   0x0002855f       0x4a ./Core/Src/main.o
 .debug_macro   0x000285a9       0x34 ./Core/Src/main.o
 .debug_macro   0x000285dd       0x10 ./Core/Src/main.o
 .debug_macro   0x000285ed       0x58 ./Core/Src/main.o
 .debug_macro   0x00028645       0x8e ./Core/Src/main.o
 .debug_macro   0x000286d3       0x1c ./Core/Src/main.o
 .debug_macro   0x000286ef      0x185 ./Core/Src/main.o
 .debug_macro   0x00028874      0x19b ./Core/Src/main.o
 .debug_macro   0x00028a0f       0x5d ./Core/Src/main.o
 .debug_macro   0x00028a6c     0x2462 ./Core/Src/main.o
 .debug_macro   0x0002aece     0x1079 ./Core/Src/main.o
 .debug_macro   0x0002bf47      0x154 ./Core/Src/main.o
 .debug_macro   0x0002c09b      0x114 ./Core/Src/main.o
 .debug_macro   0x0002c1af      0x3fc ./Core/Src/main.o
 .debug_macro   0x0002c5ab       0xac ./Core/Src/main.o
 .debug_macro   0x0002c657      0x788 ./Core/Src/main.o
 .debug_macro   0x0002cddf      0x228 ./Core/Src/main.o
 .debug_macro   0x0002d007       0x66 ./Core/Src/main.o
 .debug_macro   0x0002d06d      0x3a6 ./Core/Src/main.o
 .debug_macro   0x0002d413      0x3f9 ./Core/Src/main.o
 .debug_macro   0x0002d80c      0x275 ./Core/Src/main.o
 .debug_macro   0x0002da81      0x3ca ./Core/Src/main.o
 .debug_macro   0x0002de4b      0x45c ./Core/Src/main.o
 .debug_macro   0x0002e2a7       0x3c ./Core/Src/main.o
 .debug_macro   0x0002e2e3       0x4a ./Core/Src/main.o
 .debug_macro   0x0002e32d      0x22c ./Core/Src/main.o
 .debug_macro   0x0002e559       0x67 ./Core/Src/main.o
 .debug_macro   0x0002e5c0       0xa5 ./Core/Src/main.o
 .debug_macro   0x0002e665      0x1c4 ./Core/Src/main.o
 .debug_macro   0x0002e829      0x22a ./Core/Src/main.o
 .debug_macro   0x0002ea53       0x35 ./Core/Src/main.o
 .debug_macro   0x0002ea88      0x5e4 ./Core/Src/main.o
 .debug_macro   0x0002f06c       0xc1 ./Core/Src/main.o
 .debug_macro   0x0002f12d      0xb24 ./Core/Src/main.o
 .debug_macro   0x0002fc51      0x29f ./Core/Src/main.o
 .debug_macro   0x0002fef0      0x693 ./Core/Src/main.o
 .debug_macro   0x00030583       0xa6 ./Core/Src/main.o
 .debug_macro   0x00030629      0x5f2 ./Core/Src/main.o
 .debug_macro   0x00030c1b       0xac ./Core/Src/main.o
 .debug_macro   0x00030cc7       0x5e ./Core/Src/main.o
 .debug_macro   0x00030d25       0x22 ./Core/Src/main.o
 .debug_macro   0x00030d47       0x2e ./Core/Src/main.o
 .debug_macro   0x00030d75       0x16 ./Core/Src/main.o
 .debug_macro   0x00030d8b       0x3c ./Core/Src/main.o
 .debug_macro   0x00030dc7       0x16 ./Core/Src/main.o
 .debug_macro   0x00030ddd       0x29 ./Core/Src/main.o
 .debug_macro   0x00030e06      0x344 ./Core/Src/rhdinterface.o
 .debug_macro   0x0003114a      0x134 ./Core/Src/rhdregisters.o
 .debug_macro   0x0003127e      0x2d1 ./Core/Src/stm32h7xx_hal_msp.o
 .debug_macro   0x0003154f      0x350 ./Core/Src/stm32h7xx_it.o
 .debug_macro   0x0003189f      0x112 ./Core/Src/sysmem.o