../Core/Src/rhdinterface.c:387:24:morton_deinterleave	0	static
../Core/Src/rhdinterface.c:188:6:handle_error.part.0	8	static
../Core/Src/rhdinterface.c:188:6:handle_error	8	static
../Core/Src/rhdinterface.c:210:6:copy_next_aux_commands_to_MOSI	0	static
../Core/Src/rhdinterface.c:226:6:sample_processing_routine	16	static
../Core/Src/rhdinterface.c:275:6:initialize_spi_with_dma	0	static
../Core/Src/rhdinterface.c:340:6:end_spi_with_dma	0	static
../Core/Src/rhdinterface.c:351:6:initialize_ddr_sclk_timers	8	static
../Core/Src/rhdinterface.c:368:6:end_ddr_sclk_timers	8	static
../Core/Src/rhdinterface.c:399:6:extract_ddr_words	8	static
../Core/Src/rhdinterface.c:456:8:calculate_sample_rate	8	static
../Core/Src/rhdinterface.c:489:6:send_spi_command	16	static
../Core/Src/rhdinterface.c:423:6:write_initial_reg_values	72	static
../Core/Src/rhdinterface.c:502:6:create_convert_sequence	0	static
../Core/Src/rhdinterface.c:525:5:create_command_list_RHD_register_config	48	static
../Core/Src/rhdinterface.c:593:5:create_command_list_RHD_sample_aux_ins	20	static
../Core/Src/rhdinterface.c:623:5:create_command_list_RHD_update_DigOut	24	static
../Core/Src/rhdinterface.c:639:5:create_command_list_dummy	0	static
../Core/Src/rhdinterface.c:655:5:create_command_list_zcheck_DAC	80	static
../Core/Src/rhdinterface.c:702:6:HAL_SPI_RxCpltCallback	8	static
../Core/Src/rhdinterface.c:711:6:HAL_SPI_ErrorCallback	0	static
../Core/Src/rhdinterface.c:718:6:HAL_UART_TxCpltCallback	0	static
