../Core/Src/stm32h7xx_hal_msp.c:70:6:HAL_MspInit	8	static
../Core/Src/stm32h7xx_hal_msp.c:92:6:HAL_SPI_MspInit	80	static
../Core/Src/stm32h7xx_hal_msp.c:222:6:HAL_SPI_MspDeInit	8	static
../Core/Src/stm32h7xx_hal_msp.c:287:6:HAL_TIM_Base_MspInit	40	static
../Core/Src/stm32h7xx_hal_msp.c:333:6:HAL_TIM_OC_MspInit	16	static
../Core/Src/stm32h7xx_hal_msp.c:353:6:HAL_TIM_MspPostInit	40	static
../Core/Src/stm32h7xx_hal_msp.c:405:6:HAL_TIM_Base_MspDeInit	8	static
../Core/Src/stm32h7xx_hal_msp.c:447:6:HAL_TIM_OC_MspDeInit	0	static
../Core/Src/stm32h7xx_hal_msp.c:472:6:HAL_UART_MspInit	240	static
../Core/Src/stm32h7xx_hal_msp.c:550:6:HAL_UART_MspDeInit	8	static
