../Core/Inc/rhdinterface.h:127:20:write_pin	24	static
../Core/Inc/rhdinterface.h:153:20:allocate_sample_memory	16	static
../Core/Inc/rhdinterface.h:166:20:free_sample_memory	8	static
../Core/Inc/userfunctions.h:85:20:wait_ms	16	static
../Core/Inc/userfunctions.h:97:20:enable_interrupt_timer	16	static
../Core/Src/main.c:111:5:main	8	static
../Core/Src/main.c:249:6:SystemClock_Config	128	static
../Core/Src/main.c:301:13:SystemPower_Config	8	static
../Core/Src/main.c:326:13:MX_GPDMA1_Init	16	static
../Core/Src/main.c:358:13:MX_ICACHE_Init	8	static
../Core/Src/main.c:390:13:MX_SPI1_Init	24	static
../Core/Src/main.c:446:13:MX_SPI3_Init	24	static
../Core/Src/main.c:503:13:MX_TIM1_Init	120	static
../Core/Src/main.c:593:13:MX_TIM3_Init	48	static
../Core/Src/main.c:641:13:MX_USART1_UART_Init	8	static
../Core/Src/main.c:689:13:MX_GPIO_Init	56	static
../Core/Src/main.c:778:6:Error_Handler	4	static,ignoring_inline_asm
