../Core/Inc/rhdinterface.h:127:20:write_pin	1
../Core/Inc/rhdinterface.h:153:20:allocate_sample_memory	2
../Core/Inc/rhdinterface.h:166:20:free_sample_memory	1
../Core/Inc/userfunctions.h:85:20:wait_ms	1
../Core/Inc/userfunctions.h:97:20:enable_interrupt_timer	2
../Core/Src/main.c:111:5:main	5
../Core/Src/main.c:249:6:SystemClock_Config	4
../Core/Src/main.c:301:13:SystemPower_Config	2
../Core/Src/main.c:326:13:MX_GPDMA1_Init	1
../Core/Src/main.c:358:13:MX_ICACHE_Init	3
../Core/Src/main.c:390:13:MX_SPI1_Init	3
../Core/Src/main.c:446:13:MX_SPI3_Init	3
../Core/Src/main.c:503:13:MX_TIM1_Init	8
../Core/Src/main.c:593:13:MX_TIM3_Init	4
../Core/Src/main.c:641:13:MX_USART1_UART_Init	5
../Core/Src/main.c:689:13:MX_GPIO_Init	1
../Core/Src/main.c:778:6:Error_Handler	1
