../Core/Inc/rhdregisters.h:132:24:convert_command	24	static
../Core/Inc/rhdregisters.h:147:24:calibrate_command	4	static
../Core/Inc/rhdregisters.h:174:24:write_command	16	static
../Core/Inc/rhdregisters.h:184:24:read_command	16	static
../Core/Inc/rhdinterface.h:127:20:write_pin	24	static
../Core/Src/rhdinterface.c:56:20:extract_error_code_bit	16	static
../Core/Src/rhdinterface.c:72:13:transfer_sequence_spi_dma	8	static
../Core/Src/rhdinterface.c:98:13:spi_rx_cplt_callback	8	static
../Core/Src/rhdinterface.c:131:20:spi_error_callback	4	static
../Core/Src/rhdinterface.c:140:13:send_receive_spi_command	32	static
../Core/Src/rhdinterface.c:166:20:cycle_aux_commands	16	static
../Core/Src/rhdinterface.c:187:6:handle_error	16	static
../Core/Src/rhdinterface.c:209:6:copy_next_aux_commands_to_MOSI	16	static
../Core/Src/rhdinterface.c:225:6:sample_processing_routine	8	static
../Core/Src/rhdinterface.c:275:6:initialize_spi_with_dma	4	static
../Core/Src/rhdinterface.c:324:6:end_spi_with_dma	4	static
../Core/Src/rhdinterface.c:335:6:initialize_ddr_sclk_timers	8	static
../Core/Src/rhdinterface.c:348:6:end_ddr_sclk_timers	8	static
../Core/Src/rhdinterface.c:363:24:morton_deinterleave	16	static
../Core/Src/rhdinterface.c:375:6:extract_ddr_words	24	static
../Core/Src/rhdinterface.c:399:6:write_initial_reg_values	72	static
../Core/Src/rhdinterface.c:432:8:calculate_sample_rate	56	static
../Core/Src/rhdinterface.c:465:6:send_spi_command	24	static
../Core/Src/rhdinterface.c:478:6:create_convert_sequence	24	static
../Core/Src/rhdinterface.c:501:5:create_command_list_RHD_register_config	48	static
../Core/Src/rhdinterface.c:569:5:create_command_list_RHD_sample_aux_ins	32	static
../Core/Src/rhdinterface.c:599:5:create_command_list_RHD_update_DigOut	40	static
../Core/Src/rhdinterface.c:615:5:create_command_list_dummy	32	static
../Core/Src/rhdinterface.c:631:5:create_command_list_zcheck_DAC	72	static
../Core/Src/rhdinterface.c:678:6:HAL_SPI_RxCpltCallback	16	static
../Core/Src/rhdinterface.c:687:6:HAL_SPI_ErrorCallback	16	static
../Core/Src/rhdinterface.c:694:6:HAL_UART_TxCpltCallback	16	static
