../Core/Src/rhdinterface.c:363:24:morton_deinterleave	0	static
../Core/Src/rhdinterface.c:187:6:handle_error.part.0	8	static
../Core/Src/rhdinterface.c:187:6:handle_error	8	static
../Core/Src/rhdinterface.c:209:6:copy_next_aux_commands_to_MOSI	0	static
../Core/Src/rhdinterface.c:225:6:sample_processing_routine	16	static
../Core/Src/rhdinterface.c:275:6:initialize_spi_with_dma	0	static
../Core/Src/rhdinterface.c:324:6:end_spi_with_dma	0	static
../Core/Src/rhdinterface.c:335:6:initialize_ddr_sclk_timers	0	static
../Core/Src/rhdinterface.c:348:6:end_ddr_sclk_timers	0	static
../Core/Src/rhdinterface.c:375:6:extract_ddr_words	8	static
../Core/Src/rhdinterface.c:432:8:calculate_sample_rate	32	static
../Core/Src/rhdinterface.c:465:6:send_spi_command	16	static
../Core/Src/rhdinterface.c:399:6:write_initial_reg_values	72	static
../Core/Src/rhdinterface.c:478:6:create_convert_sequence	0	static
../Core/Src/rhdinterface.c:501:5:create_command_list_RHD_register_config	48	static
../Core/Src/rhdinterface.c:569:5:create_command_list_RHD_sample_aux_ins	20	static
../Core/Src/rhdinterface.c:599:5:create_command_list_RHD_update_DigOut	24	static
../Core/Src/rhdinterface.c:615:5:create_command_list_dummy	0	static
../Core/Src/rhdinterface.c:631:5:create_command_list_zcheck_DAC	48	static
../Core/Src/rhdinterface.c:678:6:HAL_SPI_RxCpltCallback	8	static
../Core/Src/rhdinterface.c:687:6:HAL_SPI_ErrorCallback	0	static
../Core/Src/rhdinterface.c:694:6:HAL_UART_TxCpltCallback	0	static
