../Core/Src/rhdinterface.c:178:6:handle_error.part.0	8	static
../Core/Src/rhdinterface.c:178:6:handle_error	8	static
../Core/Src/rhdinterface.c:200:6:copy_next_aux_commands_to_MOSI	0	static
../Core/Src/rhdinterface.c:216:6:sample_processing_routine	16	static
../Core/Src/rhdinterface.c:265:6:initialize_spi_with_dma	0	static
../Core/Src/rhdinterface.c:329:6:end_spi_with_dma	0	static
../Core/Src/rhdinterface.c:376:8:calculate_sample_rate	8	static
../Core/Src/rhdinterface.c:409:6:send_spi_command	16	static
../Core/Src/rhdinterface.c:343:6:write_initial_reg_values	64	static
../Core/Src/rhdinterface.c:421:6:create_convert_sequence	0	static
../Core/Src/rhdinterface.c:444:5:create_command_list_RHD_register_config	40	static
../Core/Src/rhdinterface.c:518:5:create_command_list_RHD_sample_aux_ins	20	static
../Core/Src/rhdinterface.c:548:5:create_command_list_RHD_update_DigOut	24	static
../Core/Src/rhdinterface.c:564:5:create_command_list_dummy	0	static
../Core/Src/rhdinterface.c:580:5:create_command_list_zcheck_DAC	80	static
../Core/Src/rhdinterface.c:627:6:HAL_SPI_TxRxCpltCallback	8	static
../Core/Src/rhdinterface.c:636:6:HAL_SPI_ErrorCallback	0	static
../Core/Src/rhdinterface.c:643:6:HAL_UART_TxCpltCallback	0	static
