../Core/Inc/rhsinterface.h:135:20:write_pin	1
../Core/Inc/rhsinterface.h:161:20:allocate_sample_memory	2
../Core/Inc/rhsinterface.h:174:20:free_sample_memory	1
../Core/Inc/userfunctions.h:89:20:wait_ms	1
../Core/Inc/userfunctions.h:101:20:enable_interrupt_timer	2
../Core/Src/main.c:105:5:main	5
../Core/Src/main.c:236:6:SystemClock_Config	4
../Core/Src/main.c:295:13:MX_SPI3_Init	2
../Core/Src/main.c:343:13:MX_TIM3_Init	4
../Core/Src/main.c:391:13:MX_USART3_UART_Init	5
../Core/Src/main.c:437:13:MX_DMA_Init	1
../Core/Src/main.c:461:13:MX_GPIO_Init	1
../Core/Src/main.c:557:6:Error_Handler	1
