../Core/Inc/rhsregisters.h:198:24:convert_command	24	static
../Core/Inc/rhsregisters.h:222:24:clear_command	4	static
../Core/Inc/rhsregisters.h:236:24:write_command	16	static
../Core/Inc/rhsregisters.h:246:24:read_command	16	static
../Core/Inc/rhsinterface.h:135:20:write_pin	24	static
../Core/Src/rhsinterface.c:58:20:extract_error_code_bit	16	static
../Core/Src/rhsinterface.c:67:20:result_is_delayed	16	static
../Core/Src/rhsinterface.c:74:13:transfer_sequence_spi_dma	8	static
../Core/Src/rhsinterface.c:95:15:find_compliance	16	static
../Core/Src/rhsinterface.c:115:17:locate_compliance_result	16	static
../Core/Src/rhsinterface.c:159:13:process_compliance_data	16	static
../Core/Src/rhsinterface.c:174:13:spi_txrx_cplt_callback	8	static
../Core/Src/rhsinterface.c:210:20:spi_error_callback	4	static
../Core/Src/rhsinterface.c:219:13:send_receive_spi_command	16	static
../Core/Src/rhsinterface.c:261:6:handle_error	16	static
../Core/Src/rhsinterface.c:283:6:copy_next_aux_commands_to_MOSI	16	static
../Core/Src/rhsinterface.c:299:6:sample_processing_routine	8	static
../Core/Src/rhsinterface.c:361:6:initialize_spi_with_dma	4	static
../Core/Src/rhsinterface.c:425:6:end_spi_with_dma	4	static
../Core/Src/rhsinterface.c:439:6:write_initial_reg_values	248	static
../Core/Src/rhsinterface.c:482:8:calculate_sample_rate	48	static
../Core/Src/rhsinterface.c:515:6:send_spi_command	24	static
../Core/Src/rhsinterface.c:527:6:create_convert_sequence	40	static
../Core/Src/rhsinterface.c:559:5:create_command_list_RHS_register_config	64	static
../Core/Src/rhsinterface.c:668:5:create_command_list_RHS_register_read	48	static
../Core/Src/rhsinterface.c:732:5:create_command_list_set_stim_magnitudes	40	static
../Core/Src/rhsinterface.c:759:5:create_command_list_set_stim_magnitudes_all_channels	40	static
../Core/Src/rhsinterface.c:786:5:create_command_list_config_charge_recovery	48	static
../Core/Src/rhsinterface.c:812:5:create_command_list_dummy	32	static
../Core/Src/rhsinterface.c:828:5:create_command_list_zcheck_DAC	72	static
../Core/Src/rhsinterface.c:875:6:HAL_SPI_TxRxCpltCallback	16	static
../Core/Src/rhsinterface.c:884:6:HAL_SPI_ErrorCallback	16	static
../Core/Src/rhsinterface.c:891:6:HAL_UART_TxCpltCallback	16	static
../Core/Src/rhsinterface.c:1144:6:process_trigger	24	static
