../Core/Inc/rhsregisters.h:236:24:write_command	16	static
../Core/Inc/rhsregisters.h:246:24:read_command	16	static
../Core/Src/stimscheduler.c:37:23:num_commands_in_buffer	4	static
../Core/Src/stimscheduler.c:46:13:set_last_command_update	16	static
../Core/Src/stimscheduler.c:60:13:write_command_to_buffer	16	static
../Core/Src/stimscheduler.c:81:37:read_command_from_buffer	16	static
../Core/Src/stimscheduler.c:102:20:load_write_to_next	24	static
../Core/Src/stimscheduler.c:107:20:load_read_to_next	24	static
../Core/Src/stimscheduler.c:113:13:load_aux_commands	16	static
../Core/Src/stimscheduler.c:163:6:initialize_stim_sequences	16	static
../Core/Src/stimscheduler.c:182:6:initialize_command_buffer	16	static
../Core/Src/stimscheduler.c:194:9:register_differs	16	static
../Core/Src/stimscheduler.c:370:6:sync_parameters_queue	24	static
../Core/Src/stimscheduler.c:410:6:sync_parameters_immediate	144	static
../Core/Src/stimscheduler.c:444:6:set_parameters_for_segment	32	static
../Core/Src/stimscheduler.c:514:20:begin_sequence	16	static
../Core/Src/stimscheduler.c:523:20:end_sequence	16	static
../Core/Src/stimscheduler.c:530:20:advance_segment_timestep	16	static
../Core/Src/stimscheduler.c:575:20:set_parameters_for_sequence	16	static
../Core/Src/stimscheduler.c:599:6:process_stim_sequences	16	static
