../Core/Inc/rhdregisters.h:132:24:convert_command	24	static
../Core/Inc/rhdregisters.h:147:24:calibrate_command	4	static
../Core/Inc/rhdregisters.h:174:24:write_command	16	static
../Core/Inc/rhdregisters.h:184:24:read_command	16	static
../Core/Inc/rhdinterface.h:96:20:write_pin	24	static
../Core/Src/rhdinterface.c:56:20:extract_error_code_bit	16	static
../Core/Src/rhdinterface.c:72:13:transfer_sequence_spi_dma	8	static
../Core/Src/rhdinterface.c:94:13:spi_txrx_cplt_callback	8	static
../Core/Src/rhdinterface.c:127:20:spi_error_callback	4	static
../Core/Src/rhdinterface.c:136:13:send_receive_spi_command	16	static
../Core/Src/rhdinterface.c:157:20:cycle_aux_commands	16	static
../Core/Src/rhdinterface.c:178:6:handle_error	16	static
../Core/Src/rhdinterface.c:200:6:copy_next_aux_commands_to_MOSI	16	static
../Core/Src/rhdinterface.c:216:6:sample_processing_routine	8	static
../Core/Src/rhdinterface.c:265:6:initialize_spi_with_dma	4	static
../Core/Src/rhdinterface.c:329:6:end_spi_with_dma	4	static
../Core/Src/rhdinterface.c:343:6:write_initial_reg_values	64	static
../Core/Src/rhdinterface.c:376:8:calculate_sample_rate	56	static
../Core/Src/rhdinterface.c:409:6:send_spi_command	24	static
../Core/Src/rhdinterface.c:421:6:create_convert_sequence	24	static
../Core/Src/rhdinterface.c:444:5:create_command_list_RHD_register_config	48	static
../Core/Src/rhdinterface.c:518:5:create_command_list_RHD_sample_aux_ins	32	static
../Core/Src/rhdinterface.c:548:5:create_command_list_RHD_update_DigOut	40	static
../Core/Src/rhdinterface.c:564:5:create_command_list_dummy	32	static
../Core/Src/rhdinterface.c:580:5:create_command_list_zcheck_DAC	72	static
../Core/Src/rhdinterface.c:627:6:HAL_SPI_TxRxCpltCallback	16	static
../Core/Src/rhdinterface.c:636:6:HAL_SPI_ErrorCallback	16	static
../Core/Src/rhdinterface.c:643:6:HAL_UART_TxCpltCallback	16	static
