../Core/Src/rhdregisters.c:51:20:channel_out_of_range	16	static
../Core/Src/rhdregisters.c:74:20:set_DigOutHiZ	16	static
../Core/Src/rhdregisters.c:83:22:set_DSP_cutoff_freq	216	static
../Core/Src/rhdregisters.c:132:20:power_up_all_amps	24	static
../Core/Src/rhdregisters.c:150:22:rH1_from_upper_bandwidth	32	static
../Core/Src/rhdregisters.c:159:22:rH2_from_upper_bandwidth	32	static
../Core/Src/rhdregisters.c:168:22:rL_from_lower_bandwidth	32	static
../Core/Src/rhdregisters.c:182:22:upper_bandwidth_from_rH1	56	static
../Core/Src/rhdregisters.c:190:22:upper_bandwidth_from_rH2	56	static
../Core/Src/rhdregisters.c:198:22:lower_bandwidth_from_rL	64	static
../Core/Src/rhdregisters.c:221:15:set_upper_bandwidth	152	static
../Core/Src/rhdregisters.c:291:15:set_lower_bandwidth	88	static
../Core/Src/rhdregisters.c:336:20:set_biases_based_on_sample_rate	32	static
../Core/Src/rhdregisters.c:373:6:set_zcheck_scale	16	static
../Core/Src/rhdregisters.c:391:6:set_zcheck_polarity	16	static
../Core/Src/rhdregisters.c:398:5:set_zcheck_channel	16	static
../Core/Src/rhdregisters.c:409:6:set_default_rhd_settings	16	static
../Core/Src/rhdregisters.c:534:10:get_register_value	24	static
