Archive member included to satisfy reference by file (symbol)

C:/ST/STM32CubeIDE_1.9.0/STM32CubeIDE/plugins/com.st.stm32cube.ide.mcu.externaltools.gnu-tools-for-stm32.13.3.rel1.win32_1.0.0.202411081344/tools/bin/../lib/gcc/arm-none-eabi/13.3.1/../../../../arm-none-eabi/lib/thumb/v7e-m+dp/hard\libc_nano.a(libc_a-exit.o)
                              C:/ST/STM32CubeIDE_1.9.0/STM32CubeIDE/plugins/com.st.stm32cube.ide.mcu.externaltools.gnu-tools-for-stm32.13.3.rel1.win32_1.0.0.202411081344/tools/bin/../lib/gcc/arm-none-eabi/13.3.1/../../../../arm-none-eabi/lib/thumb/v7e-m+dp/hard/crt0.o (exit)
C:/ST/STM32CubeIDE_1.9.0/STM32CubeIDE/plugins/com.st.stm32cube.ide.mcu.externaltools.gnu-tools-for-stm32.13.3.rel1.win32_1.0.0.202411081344/tools/bin/../lib/gcc/arm-none-eabi/13.3.1/../../../../arm-none-eabi/lib/thumb/v7e-m+dp/hard\libc_nano.a(libc_a-malloc.o)
                              ./Core/Src/main.o (malloc)
C:/ST/STM32CubeIDE_1.9.0/STM32CubeIDE/plugins/com.st.stm32cube.ide.mcu.externaltools.gnu-tools-for-stm32.13.3.rel1.win32_1.0.0.202411081344/tools/bin/../lib/gcc/arm-none-eabi/13.3.1/../../../../arm-none-eabi/lib/thumb/v7e-m+dp/hard\libc_nano.a(libc_a-mallocr.o)
                              C:/ST/STM32CubeIDE_1.9.0/STM32CubeIDE/plugins/com.st.stm32cube.ide.mcu.externaltools.gnu-tools-for-stm32.13.3.rel1.win32_1.0.0.202411081344/tools/bin/../lib/gcc/arm-none-eabi/13.3.1/../../../../arm-none-eabi/lib/thumb/v7e-m+dp/hard\libc_nano.a(libc_a-malloc.o) (_malloc_r)
C:/ST/STM32CubeIDE_1.9.0/STM32CubeIDE/plugins/com.st.stm32cube.ide.mcu.externaltools.gnu-tools-for-stm32.13.3.rel1.win32_1.0.0.202411081344/tools/bin/../lib/gcc/arm-none-eabi/13.3.1/../../../../arm-none-eabi/lib/thumb/v7e-m+dp/hard\libc_nano.a(libc_a-mlock.o)
                              C:/ST/STM32CubeIDE_1.9.0/STM32CubeIDE/plugins/com.st.stm32cube.ide.mcu.externaltools.gnu-tools-for-stm32.13.3.rel1.win32_1.0.0.202411081344/tools/bin/../lib/gcc/arm-none-eabi/13.3.1/../../../../arm-none-eabi/lib/thumb/v7e-m+dp/hard\libc_nano.a(libc_a-mallocr.o) (__malloc_lock)
C:/ST/STM32CubeIDE_1.9.0/STM32CubeIDE/plugins/com.st.stm32cube.ide.mcu.externaltools.gnu-tools-for-stm32.13.3.rel1.win32_1.0.0.202411081344/tools/bin/../lib/gcc/arm-none-eabi/13.3.1/../../../../arm-none-eabi/lib/thumb/v7e-m+dp/hard\libc_nano.a(libc_a-findfp.o)
                              C:/ST/STM32CubeIDE_1.9.0/STM32CubeIDE/plugins/com.st.stm32cube.ide.mcu.externaltools.gnu-tools-for-stm32.13.3.rel1.win32_1.0.0.202411081344/tools/bin/../lib/gcc/arm-none-eabi/13.3.1/../../../../arm-none-eabi/lib/thumb/v7e-m+dp/hard\libc_nano.a(libc_a-exit.o) (__stdio_exit_handler)
C:/ST/STM32CubeIDE_1.9.0/STM32CubeIDE/plugins/com.st.stm32cube.ide.mcu.externaltools.gnu-tools-for-stm32.13.3.rel1.win32_1.0.0.202411081344/tools/bin/../lib/gcc/arm-none-eabi/13.3.1/../../../../arm-none-eabi/lib/thumb/v7e-m+dp/hard\libc_nano.a(libc_a-fwalk.o)
                              C:/ST/STM32CubeIDE_1.9.0/STM32CubeIDE/plugins/com.st.stm32cube.ide.mcu.externaltools.gnu-tools-for-stm32.13.3.rel1.win32_1.0.0.202411081344/tools/bin/../lib/gcc/arm-none-eabi/13.3.1/../../../../arm-none-eabi/lib/thumb/v7e-m+dp/hard\libc_nano.a(libc_a-findfp.o) (_fwalk_sglue)
C:/ST/STM32CubeIDE_1.9.0/STM32CubeIDE/plugins/com.st.stm32cube.ide.mcu.externaltools.gnu-tools-for-stm32.13.3.rel1.win32_1.0.0.202411081344/tools/bin/../lib/gcc/arm-none-eabi/13.3.1/../../../../arm-none-eabi/lib/thumb/v7e-m+dp/hard\libc_nano.a(libc_a-stdio.o)
                              C:/ST/STM32CubeIDE_1.9.0/STM32CubeIDE/plugins/com.st.stm32cube.ide.mcu.externaltools.gnu-tools-for-stm32.13.3.rel1.win32_1.0.0.202411081344/tools/bin/../lib/gcc/arm-none-eabi/13.3.1/../../../../arm-none-eabi/lib/thumb/v7e-m+dp/hard\libc_nano.a(libc_a-findfp.o) (__sread)
C:/ST/STM32CubeIDE_1.9.0/STM32CubeIDE/plugins/com.st.stm32cube.ide.mcu.externaltools.gnu-tools-for-stm32.13.3.rel1.win32_1.0.0.202411081344/tools/bin/../lib/gcc/arm-none-eabi/13.3.1/../../../../arm-none-eabi/lib/thumb/v7e-m+dp/hard\libc_nano.a(libc_a-memcmp.o)
                              ./Core/Src/stimscheduler.o (memcmp)
C:/ST/STM32CubeIDE_1.9.0/STM32CubeIDE/plugins/com.st.stm32cube.ide.mcu.externaltools.gnu-tools-for-stm32.13.3.rel1.win32_1.0.0.202411081344/tools/bin/../lib/gcc/arm-none-eabi/13.3.1/../../../../arm-none-eabi/lib/thumb/v7e-m+dp/hard\libc_nano.a(libc_a-memset.o)
                              C:/ST/STM32CubeIDE_1.9.0/STM32CubeIDE/plugins/com.st.stm32cube.ide.mcu.externaltools.gnu-tools-for-stm32.13.3.rel1.win32_1.0.0.202411081344/tools/bin/../lib/gcc/arm-none-eabi/13.3.1/../../../../arm-none-eabi/lib/thumb/v7e-m+dp/hard/crt0.o (memset)
C:/ST/STM32CubeIDE_1.9.0/STM32CubeIDE/plugins/com.st.stm32cube.ide.mcu.externaltools.gnu-tools-for-stm32.13.3.rel1.win32_1.0.0.202411081344/tools/bin/../lib/gcc/arm-none-eabi/13.3.1/../../../../arm-none-eabi/lib/thumb/v7e-m+dp/hard\libc_nano.a(libc_a-closer.o)
[...]
Memory Configuration

Name             Origin             Length             Attributes
ITCMRAM          0x00000000         0x00010000         xrw
DTCMRAM          0x20000000         0x00020000         xrw
FLASH            0x08000000         0x00100000         xr
RAM_D1           0x24000000         0x00050000         xrw
RAM_D2           0x30000000         0x00008000         xrw
RAM_D3           0x38000000         0x00004000         xrw
*default*        0x00000000         0xffffffff

Linker script and memory map

LOAD C:/ST/STM32CubeIDE_1.9.0/STM32CubeIDE/plugins/com.st.stm32cube.ide.mcu.externaltools.gnu-tools-for-stm32.13.3.rel1.win32_1.0.0.202411081344/tools/bin/../lib/gcc/arm-none-eabi/13.3.1/thumb/v7e-m+dp/hard/crti.o
LOAD C:/ST/STM32CubeIDE_1.9.0/STM32CubeIDE/plugins/com.st.stm32cube.ide.mcu.externaltools.gnu-tools-for-stm32.13.3.rel1.win32_1.0.0.202411081344/tools/bin/../lib/gcc/arm-none-eabi/13.3.1/thumb/v7e-m+dp/hard/crtbegin.o
LOAD C:/ST/STM32CubeIDE_1.9.0/STM32CubeIDE/plugins/com.st.stm32cube.ide.mcu.externaltools.gnu-tools-for-stm32.13.3.rel1.win32_1.0.0.202411081344/tools/bin/../lib/gcc/arm-none-eabi/13.3.1/../../../../arm-none-eabi/lib/thumb/v7e-m+dp/hard/crt0.o
LOAD ./Core/Src/commonautosequences.o
LOAD ./Core/Src/main.o
LOAD ./Core/Src/rhsinterface.o
LOAD ./Core/Src/rhsregisters.o
LOAD ./Core/Src/stimscheduler.o
LOAD ./Core/Src/stm32h7xx_hal_msp.o
LOAD ./Core/Src/stm32h7xx_it.o
LOAD ./Core/Src/syscalls.o
LOAD ./Core/Src/sysmem.o
LOAD ./Core/Src/system_stm32h7xx.o
LOAD ./Core/Src/userfunctions.o
LOAD ./Core/Startup/startup_stm32h723zgtx.o
LOAD ./Drivers/STM32H7xx_HAL_Driver/Src/stm32h7xx_hal.o
LOAD ./Drivers/STM32H7xx_HAL_Driver/Src/stm32h7xx_hal_cortex.o
LOAD ./Drivers/STM32H7xx_HAL_Driver/Src/stm32h7xx_hal_dma.o
LOAD ./Drivers/STM32H7xx_HAL_Driver/Src/stm32h7xx_hal_dma_ex.o
LOAD ./Drivers/STM32H7xx_HAL_Driver/Src/stm32h7xx_hal_exti.o
LOAD ./Drivers/STM32H7xx_HAL_Driver/Src/stm32h7xx_hal_flash.o
LOAD ./Drivers/STM32H7xx_HAL_Driver/Src/stm32h7xx_hal_flash_ex.o
LOAD ./Drivers/STM32H7xx_HAL_Driver/Src/stm32h7xx_hal_gpio.o
LOAD ./Drivers/STM32H7xx_HAL_Driver/Src/stm32h7xx_hal_hsem.o
LOAD ./Drivers/STM32H7xx_HAL_Driver/Src/stm32h7xx_hal_i2c.o
LOAD ./Drivers/STM32H7xx_HAL_Driver/Src/stm32h7xx_hal_i2c_ex.o
LOAD ./Drivers/STM32H7xx_HAL_Driver/Src/stm32h7xx_hal_mdma.o
LOAD ./Drivers/STM32H7xx_HAL_Driver/Src/stm32h7xx_hal_pwr.o
LOAD ./Drivers/STM32H7xx_HAL_Driver/Src/stm32h7xx_hal_pwr_ex.o
LOAD ./Drivers/STM32H7xx_HAL_Driver/Src/stm32h7xx_hal_rcc.o
LOAD ./Drivers/STM32H7xx_HAL_Driver/Src/stm32h7xx_hal_rcc_ex.o
LOAD ./Drivers/STM32H7xx_HAL_Driver/Src/stm32h7xx_hal_spi.o
LOAD ./Drivers/STM32H7xx_HAL_Driver/Src/stm32h7xx_hal_spi_ex.o
LOAD ./Drivers/STM32H7xx_HAL_Driver/Src/stm32h7xx_hal_tim.o
LOAD ./Drivers/STM32H7xx_HAL_Driver/Src/stm32h7xx_hal_tim_ex.o
LOAD ./Drivers/STM32H7xx_HAL_Driver/Src/stm32h7xx_hal_uart.o
LOAD ./Drivers/STM32H7xx_HAL_Driver/Src/stm32h7xx_hal_uart_ex.o
START GROUP
LOAD C:/ST/STM32CubeIDE_1.9.0/STM32CubeIDE/plugins/com.st.stm32cube.ide.mcu.externaltools.gnu-tools-for-stm32.13.3.rel1.win32_1.0.0.202411081344/tools/bin/../lib/gcc/arm-none-eabi/13.3.1/../../../../arm-none-eabi/lib/thumb/v7e-m+dp/hard\libc_nano.a
LOAD C:/ST/STM32CubeIDE_1.9.0/STM32CubeIDE/plugins/com.st.stm32cube.ide.mcu.externaltools.gnu-tools-for-stm32.13.3.rel1.win32_1.0.0.202411081344/tools/bin/../lib/gcc/arm-none-eabi/13.3.1/../../../../arm-none-eabi/lib/thumb/v7e-m+dp/hard\libm.a
END GROUP
START GROUP
LOAD C:/ST/STM32CubeIDE_1.9.0/STM32CubeIDE/plugins/com.st.stm32cube.ide.mcu.externaltools.gnu-tools-for-stm32.13.3.rel1.win32_1.0.0.202411081344/tools/bin/../lib/gcc/arm-none-eabi/13.3.1/thumb/v7e-m+dp/hard\libgcc.a
LOAD C:/ST/STM32CubeIDE_1.9.0/STM32CubeIDE/plugins/com.st.stm32cube.ide.mcu.externaltools.gnu-tools-for-stm32.13.3.rel1.win32_1.0.0.202411081344/tools/bin/../lib/gcc/arm-none-eabi/13.3.1/../../../../arm-none-eabi/lib/thumb/v7e-m+dp/hard\libc_nano.a
END GROUP
START GROUP
LOAD C:/ST/STM32CubeIDE_1.9.0/STM32CubeIDE/plugins/com.st.stm32cube.ide.mcu.externaltools.gnu-tools-for-stm32.13.3.rel1.win32_1.0.0.202411081344/tools/bin/../lib/gcc/arm-none-eabi/13.3.1/thumb/v7e-m+dp/hard\libgcc.a
LOAD C:/ST/STM32CubeIDE_1.9.0/STM32CubeIDE/plugins/com.st.stm32cube.ide.mcu.externaltools.gnu-tools-for-stm32.13.3.rel1.win32_1.0.0.202411081344/tools/bin/../lib/gcc/arm-none-eabi/13.3.1/../../../../arm-none-eabi/lib/thumb/v7e-m+dp/hard\libc_nano.a
LOAD C:/ST/STM32CubeIDE_1.9.0/STM32CubeIDE/plugins/com.st.stm32cube.ide.mcu.externaltools.gnu-tools-for-stm32.13.3.rel1.win32_1.0.0.202411081344/tools/bin/../lib/gcc/arm-none-eabi/13.3.1/../../../../arm-none-eabi/lib/thumb/v7e-m+dp/hard\libnosys.a
END GROUP
START GROUP
LOAD C:/ST/STM32CubeIDE_1.9.0/STM32CubeIDE/plugins/com.st.stm32cube.ide.mcu.externaltools.gnu-tools-for-stm32.13.3.rel1.win32_1.0.0.202411081344/tools/bin/../lib/gcc/arm-none-eabi/13.3.1/thumb/v7e-m+dp/hard\libgcc.a
LOAD C:/ST/STM32CubeIDE_1.9.0/STM32CubeIDE/plugins/com.st.stm32cube.ide.mcu.externaltools.gnu-tools-for-stm32.13.3.rel1.win32_1.0.0.202411081344/tools/bin/../lib/gcc/arm-none-eabi/13.3.1/../../../../arm-none-eabi/lib/thumb/v7e-m+dp/hard\libc_nano.a
LOAD C:/ST/STM32CubeIDE_1.9.0/STM32CubeIDE/plugins/com.st.stm32cube.ide.mcu.externaltools.gnu-tools-for-stm32.13.3.rel1.win32_1.0.0.202411081344/tools/bin/../lib/gcc/arm-none-eabi/13.3.1/../../../../arm-none-eabi/lib/thumb/v7e-m+dp/hard\libnosys.a
END GROUP
LOAD C:/ST/STM32CubeIDE_1.9.0/STM32CubeIDE/plugins/com.st.stm32cube.ide.mcu.externaltools.gnu-tools-for-stm32.13.3.rel1.win32_1.0.0.202411081344/tools/bin/../lib/gcc/arm-none-eabi/13.3.1/thumb/v7e-m+dp/hard/crtend.o
LOAD C:/ST/STM32CubeIDE_1.9.0/STM32CubeIDE/plugins/com.st.stm32cube.ide.mcu.externaltools.gnu-tools-for-stm32.13.3.rel1.win32_1.0.0.202411081344/tools/bin/../lib/gcc/arm-none-eabi/13.3.1/thumb/v7e-m+dp/hard/crtn.o
                0x24050000                        _estack = (ORIGIN (RAM_D1) + LENGTH (RAM_D1))
                0x00000200                        _Min_Heap_Size = 0x200
                0x00000400                        _Min_Stack_Size = 0x400

.isr_vector     0x08000000      0x2cc
                0x08000000                        . = ALIGN (0x4)
 *(.isr_vector)
 .isr_vector    0x08000000      0x2cc ./Core/Startup/startup_stm32h723zgtx.o
                0x08000000                g_pfnVectors
                0x080002cc                        . = ALIGN (0x4)

.text           0x080002d0    0x104c0
                0x080002d0                        . = ALIGN (0x4)
 *(.text)
 .text          0x080002d0       0x40 C:/ST/STM32CubeIDE_1.9.0/STM32CubeIDE/plugins/com.st.stm32cube.ide.mcu.externaltools.gnu-tools-for-stm32.13.3.rel1.win32_1.0.0.202411081344/tools/bin/../lib/gcc/arm-none-eabi/13.3.1/thumb/v7e-m+dp/hard/crtbegin.o
 .text          0x08000310       0x30 C:/ST/STM32CubeIDE_1.9.0/STM32CubeIDE/plugins/com.st.stm32cube.ide.mcu.externaltools.gnu-tools-for-stm32.13.3.rel1.win32_1.0.0.202411081344/tools/bin/../lib/gcc/arm-none-eabi/13.3.1/thumb/v7e-m+dp/hard\libgcc.a(_aeabi_uldivmod.o)
                0x08000310                __aeabi_uldivmod
 .text          0x08000340      0x2f8 C:/ST/STM32CubeIDE_1.9.0/STM32CubeIDE/plugins/com.st.stm32cube.ide.mcu.externaltools.gnu-tools-for-stm32.13.3.rel1.win32_1.0.0.202411081344/tools/bin/../lib/gcc/arm-none-eabi/13.3.1/thumb/v7e-m+dp/hard\libgcc.a(_udivmoddi4.o)
                0x08000340                __udivmoddi4
 .text          0x08000638        0x4 C:/ST/STM32CubeIDE_1.9.0/STM32CubeIDE/plugins/com.st.stm32cube.ide.mcu.externaltools.gnu-tools-for-stm32.13.3.rel1.win32_1.0.0.202411081344/tools/bin/../lib/gcc/arm-none-eabi/13.3.1/thumb/v7e-m+dp/hard\libgcc.a(_dvmd_tls.o)
                0x08000638                __aeabi_idiv0
                0x08000638                __aeabi_ldiv0
 *(.text*)
 .text.populate_segment
                0x0800063c       0x7c ./Core/Src/commonautosequences.o
 .text.valid_amplitude
                0x080006b8       0x2e ./Core/Src/commonautosequences.o
 .text.validate_biphasic
                0x080006e6      0x238 ./Core/Src/commonautosequences.o
                0x080006e6                validate_biphasic
 .text.create_biphasic_train
                0x0800091e      0x2c6 ./Core/Src/commonautosequences.o
                0x0800091e                create_biphasic_train
 .text.create_biphasic_pulse
                0x08000be4      0x142 ./Core/Src/commonautosequences.o
                0x08000be4                create_biphasic_pulse
 .text.populate_end_of_biphasic_sequence
                0x08000d26      0x390 ./Core/Src/commonautosequences.o
                0x08000d26                populate_end_of_biphasic_sequence
 .text.create_biphasic_waveform
                0x080010b6       0x2c ./Core/Src/commonautosequences.o
                0x080010b6                create_biphasic_waveform
 .text.validate_triphasic
                0x080010e2      0x254 ./Core/Src/commonautosequences.o
                0x080010e2                validate_triphasic
 .text.create_triphasic_waveform
                0x08001336       0x2c ./Core/Src/commonautosequences.o
                0x08001336                create_triphasic_waveform
 .text.create_triphasic_train
                0x08001362      0x2b6 ./Core/Src/commonautosequences.o
                0x08001362                create_triphasic_train
 .text.create_triphasic_pulse
                0x08001618      0x13a ./Core/Src/commonautosequences.o
                0x08001618                create_triphasic_pulse
 .text.populate_end_of_triphasic_sequence
                0x08001752      0x390 ./Core/Src/commonautosequences.o
                0x08001752                populate_end_of_triphasic_sequence
 .text.write_pin
                0x08001ae2       0x24 ./Core/Src/main.o
 *fill*         0x08001b06        0x2 
 .text.allocate_sample_memory
                0x08001b08       0x5c ./Core/Src/main.o
 .text.free_sample_memory
                0x08001b64       0x18 ./Core/Src/main.o
 .text.wait_ms  0x08001b7c       0x18 ./Core/Src/main.o
 .text.enable_interrupt_timer
                0x08001b94       0x2c ./Core/Src/main.o
 .text.main     0x08001bc0      0x10c ./Core/Src/main.o
                0x08001bc0                main
 .text.SystemClock_Config
                0x08001ccc       0xdc ./Core/Src/main.o
                0x08001ccc                SystemClock_Config
 .text.MX_SPI3_Init
                0x08001da8       0xb0 ./Core/Src/main.o
 .text.MX_TIM3_Init
                0x08001e58       0xb0 ./Core/Src/main.o
 .text.MX_USART3_UART_Init
                0x08001f08       0x9c ./Core/Src/main.o
 .text.MX_DMA_Init
                0x08001fa4       0x60 ./Core/Src/main.o
 .text.MX_GPIO_Init
                0x08002004      0x220 ./Core/Src/main.o
 .text.Error_Handler
                0x08002224        0xc ./Core/Src/main.o
                0x08002224                Error_Handler
 .text.convert_command
                0x08002230       0x72 ./Core/Src/rhsinterface.o
 .text.clear_command
                0x080022a2       0x12 ./Core/Src/rhsinterface.o
 .text.write_command
                0x080022b4       0x52 ./Core/Src/rhsinterface.o
 .text.read_command
                0x08002306       0x44 ./Core/Src/rhsinterface.o
 .text.write_pin
                0x0800234a       0x24 ./Core/Src/rhsinterface.o
 .text.extract_error_code_bit
                0x0800236e       0x34 ./Core/Src/rhsinterface.o
 .text.result_is_delayed
                0x080023a2       0x24 ./Core/Src/rhsinterface.o
 *fill*         0x080023c6        0x2 
 .text.transfer_sequence_spi_dma
                0x080023c8       0x2c ./Core/Src/rhsinterface.o
 .text.find_compliance
                0x080023f4       0x54 ./Core/Src/rhsinterface.o
 .text.locate_compliance_result
                0x08002448       0xb0 ./Core/Src/rhsinterface.o
 .text.process_compliance_data
                0x080024f8       0x28 ./Core/Src/rhsinterface.o
 .text.spi_txrx_cplt_callback
                0x08002520       0x58 ./Core/Src/rhsinterface.o
 .text.spi_error_callback
                0x08002578       0x18 ./Core/Src/rhsinterface.o
 .text.send_receive_spi_command
                0x08002590       0x44 ./Core/Src/rhsinterface.o
 .text.handle_error
                0x080025d4       0x90 ./Core/Src/rhsinterface.o
                0x080025d4                handle_error
 .text.copy_next_aux_commands_to_MOSI
                0x08002664       0x40 ./Core/Src/rhsinterface.o
                0x08002664                copy_next_aux_commands_to_MOSI
 .text.sample_processing_routine
                0x080026a4       0x7c ./Core/Src/rhsinterface.o
                0x080026a4                sample_processing_routine
 .text.initialize_spi_with_dma
                0x08002720        0xe ./Core/Src/rhsinterface.o
                0x08002720                initialize_spi_with_dma
 .text.end_spi_with_dma
                0x0800272e        0xe ./Core/Src/rhsinterface.o
                0x0800272e                end_spi_with_dma
 .text.write_initial_reg_values
                0x0800273c      0x13e ./Core/Src/rhsinterface.o
                0x0800273c                write_initial_reg_values
 *fill*         0x0800287a        0x2 
 .text.calculate_sample_rate
                0x0800287c       0xac ./Core/Src/rhsinterface.o
                0x0800287c                calculate_sample_rate
 .text.send_spi_command
                0x08002928       0x20 ./Core/Src/rhsinterface.o
                0x08002928                send_spi_command
 .text.create_convert_sequence
                0x08002948       0x8c ./Core/Src/rhsinterface.o
                0x08002948                create_convert_sequence
 .text.HAL_SPI_TxRxCpltCallback
                0x080029d4       0x20 ./Core/Src/rhsinterface.o
                0x080029d4                HAL_SPI_TxRxCpltCallback
 .text.HAL_SPI_ErrorCallback
                0x080029f4       0x14 ./Core/Src/rhsinterface.o
                0x080029f4                HAL_SPI_ErrorCallback
 .text.HAL_UART_TxCpltCallback
                0x08002a08       0x20 ./Core/Src/rhsinterface.o
                0x08002a08                HAL_UART_TxCpltCallback
 .text.process_trigger
                0x08002a28       0x78 ./Core/Src/rhsinterface.o
                0x08002a28                process_trigger
 .text.array_to_word
                0x08002aa0       0x48 ./Core/Src/rhsregisters.o
 .text.channel_out_of_range
                0x08002ae8       0x2c ./Core/Src/rhsregisters.o
 .text.set_DigOut_hiZ
                0x08002b14       0x50 ./Core/Src/rhsregisters.o
 *fill*         0x08002b64        0x4 
 .text.set_DSP_cutoff_freq
                0x08002b68      0x188 ./Core/Src/rhsregisters.o
 .text.power_up_all_amps
                0x08002cf0       0x34 ./Core/Src/rhsregisters.o
 .text.power_up_all_DC_amps
                0x08002d24       0x34 ./Core/Src/rhsregisters.o
 .text.set_stim_enable
                0x08002d58       0x42 ./Core/Src/rhsregisters.o
 *fill*         0x08002d9a        0x6 
 .text.rH1_from_upper_bandwidth
                0x08002da0       0x88 ./Core/Src/rhsregisters.o
 .text.rH2_from_upper_bandwidth
                0x08002e28       0x88 ./Core/Src/rhsregisters.o
 .text.rL_from_lower_bandwidth
                0x08002eb0      0x120 ./Core/Src/rhsregisters.o
 .text.upper_bandwidth_from_rH1
                0x08002fd0       0xc8 ./Core/Src/rhsregisters.o
 .text.upper_bandwidth_from_rH2
                0x08003098       0xc8 ./Core/Src/rhsregisters.o
 .text.lower_bandwidth_from_rL
                0x08003160      0x160 ./Core/Src/rhsregisters.o
 .text.set_upper_bandwidth
                0x080032c0      0x284 ./Core/Src/rhsregisters.o
 *fill*         0x08003544        0x4 
 .text.set_lower_bandwidth
                0x08003548      0x1d0 ./Core/Src/rhsregisters.o
 .text.set_biases_based_on_sample_rate
                0x08003718      0x178 ./Core/Src/rhsregisters.o
 .text.set_zcheck_scale
                0x08003890       0x44 ./Core/Src/rhsregisters.o
                0x08003890                set_zcheck_scale
 .text.set_zcheck_channel
                0x080038d4       0x30 ./Core/Src/rhsregisters.o
                0x080038d4                set_zcheck_channel
 .text.set_stim_step_size
                0x08003904      0x24c ./Core/Src/rhsregisters.o
                0x08003904                set_stim_step_size
 .text.set_pos_stim_magnitude
                0x08003b50       0x68 ./Core/Src/rhsregisters.o
                0x08003b50                set_pos_stim_magnitude
 .text.set_neg_stim_magnitude
                0x08003bb8       0x68 ./Core/Src/rhsregisters.o
                0x08003bb8                set_neg_stim_magnitude
 .text.set_stim_on
                0x08003c20       0x30 ./Core/Src/rhsregisters.o
                0x08003c20                set_stim_on
 .text.set_stim_polarity
                0x08003c50       0x30 ./Core/Src/rhsregisters.o
                0x08003c50                set_stim_polarity
 .text.set_charge_recovery_switch
                0x08003c80       0x30 ./Core/Src/rhsregisters.o
                0x08003c80                set_charge_recovery_switch
 .text.set_c_l_charge_recovery_enable
                0x08003cb0       0x30 ./Core/Src/rhsregisters.o
                0x08003cb0                set_c_l_charge_recovery_enable
 .text.set_amp_fast_settle
                0x08003ce0       0x30 ./Core/Src/rhsregisters.o
                0x08003ce0                set_amp_fast_settle
 .text.set_amp_f_l_select
                0x08003d10       0x3c ./Core/Src/rhsregisters.o
                0x08003d10                set_amp_f_l_select
 .text.set_charge_recovery_current_limit
                0x08003d4c      0x190 ./Core/Src/rhsregisters.o
                0x08003d4c                set_charge_recovery_current_limit
 *fill*         0x08003edc        0x4 
 .text.set_charge_recovery_target_voltage
                0x08003ee0       0x88 ./Core/Src/rhsregisters.o
                0x08003ee0                set_charge_recovery_target_voltage
 .text.set_default_rhs_settings
                0x08003f68      0x1d8 ./Core/Src/rhsregisters.o
                0x08003f68                set_default_rhs_settings
 .text.get_register_value
                0x08004140      0x640 ./Core/Src/rhsregisters.o
                0x08004140                get_register_value
 .text.write_command
                0x08004780       0x52 ./Core/Src/stimscheduler.o
 .text.read_command
                0x080047d2       0x44 ./Core/Src/stimscheduler.o
 *fill*         0x08004816        0x2 
 .text.num_commands_in_buffer
                0x08004818       0x44 ./Core/Src/stimscheduler.o
 .text.set_last_command_update
                0x0800485c       0x38 ./Core/Src/stimscheduler.o
 .text.write_command_to_buffer
                0x08004894       0x50 ./Core/Src/stimscheduler.o
 .text.read_command_from_buffer
                0x080048e4       0x60 ./Core/Src/stimscheduler.o
 .text.load_write_to_next
                0x08004944       0x50 ./Core/Src/stimscheduler.o
 .text.load_read_to_next
                0x08004994       0x40 ./Core/Src/stimscheduler.o
 .text.load_aux_commands
                0x080049d4       0xf0 ./Core/Src/stimscheduler.o
 .text.initialize_stim_sequences
                0x08004ac4      0x138 ./Core/Src/stimscheduler.o
                0x08004ac4                initialize_stim_sequences
 .text.initialize_command_buffer
                0x08004bfc       0x50 ./Core/Src/stimscheduler.o
                0x08004bfc                initialize_command_buffer
 .text.register_differs
                0x08004c4c      0x624 ./Core/Src/stimscheduler.o
                0x08004c4c                register_differs
 .text.sync_parameters_queue
                0x08005270       0x94 ./Core/Src/stimscheduler.o
                0x08005270                sync_parameters_queue
 .text.sync_parameters_immediate
                0x08005304       0xd0 ./Core/Src/stimscheduler.o
                0x08005304                sync_parameters_immediate
 .text.set_parameters_for_segment
                0x080053d4      0x20c ./Core/Src/stimscheduler.o
                0x080053d4                set_parameters_for_segment
 .text.begin_sequence
                0x080055e0       0x46 ./Core/Src/stimscheduler.o
 .text.end_sequence
                0x08005626       0x26 ./Core/Src/stimscheduler.o
 .text.advance_segment_timestep
                0x0800564c       0xb4 ./Core/Src/stimscheduler.o
 .text.set_parameters_for_sequence
                0x08005700       0x6a ./Core/Src/stimscheduler.o
 *fill*         0x0800576a        0x2 
 .text.process_stim_sequences
                0x0800576c       0x68 ./Core/Src/stimscheduler.o
                0x0800576c                process_stim_sequences
 .text.HAL_MspInit
                0x080057d4       0x34 ./Core/Src/stm32h7xx_hal_msp.o
                0x080057d4                HAL_MspInit
 .text.HAL_SPI_MspInit
                0x08005808      0x26c ./Core/Src/stm32h7xx_hal_msp.o
                0x08005808                HAL_SPI_MspInit
 .text.HAL_TIM_OC_MspInit
                0x08005a74       0x50 ./Core/Src/stm32h7xx_hal_msp.o
                0x08005a74                HAL_TIM_OC_MspInit
 .text.HAL_UART_MspInit
                0x08005ac4      0x198 ./Core/Src/stm32h7xx_hal_msp.o
                0x08005ac4                HAL_UART_MspInit
 .text.NMI_Handler
                0x08005c5c        0x8 ./Core/Src/stm32h7xx_it.o
                0x08005c5c                NMI_Handler
 .text.HardFault_Handler
                0x08005c64        0x8 ./Core/Src/stm32h7xx_it.o
                0x08005c64                HardFault_Handler
 .text.MemManage_Handler
                0x08005c6c        0x8 ./Core/Src/stm32h7xx_it.o
                0x08005c6c                MemManage_Handler
 .text.BusFault_Handler
                0x08005c74        0x8 ./Core/Src/stm32h7xx_it.o
                0x08005c74                BusFault_Handler
 .text.UsageFault_Handler
                0x08005c7c        0x8 ./Core/Src/stm32h7xx_it.o
                0x08005c7c                UsageFault_Handler
 .text.SVC_Handler
                0x08005c84        0xe ./Core/Src/stm32h7xx_it.o
                0x08005c84                SVC_Handler
 .text.DebugMon_Handler
                0x08005c92        0xe ./Core/Src/stm32h7xx_it.o
                0x08005c92                DebugMon_Handler
 .text.PendSV_Handler
                0x08005ca0        0xe ./Core/Src/stm32h7xx_it.o
                0x08005ca0                PendSV_Handler
 *fill*         0x08005cae        0x2 
 .text.SysTick_Handler
                0x08005cb0       0x24 ./Core/Src/stm32h7xx_it.o
                0x08005cb0                SysTick_Handler
 .text.DMA1_Stream0_IRQHandler
                0x08005cd4       0x14 ./Core/Src/stm32h7xx_it.o
                0x08005cd4                DMA1_Stream0_IRQHandler
 .text.DMA1_Stream1_IRQHandler
                0x08005ce8       0x14 ./Core/Src/stm32h7xx_it.o
                0x08005ce8                DMA1_Stream1_IRQHandler
 .text.DMA1_Stream2_IRQHandler
                0x08005cfc       0x14 ./Core/Src/stm32h7xx_it.o
                0x08005cfc                DMA1_Stream2_IRQHandler
 .text.TIM3_IRQHandler
                0x08005d10       0x14 ./Core/Src/stm32h7xx_it.o
                0x08005d10                TIM3_IRQHandler
 .text.USART3_IRQHandler
                0x08005d24       0x14 ./Core/Src/stm32h7xx_it.o
                0x08005d24                USART3_IRQHandler
 .text.EXTI15_10_IRQHandler
                0x08005d38       0x10 ./Core/Src/stm32h7xx_it.o
                0x08005d38                EXTI15_10_IRQHandler
 .text.SPI3_IRQHandler
                0x08005d48       0x14 ./Core/Src/stm32h7xx_it.o
                0x08005d48                SPI3_IRQHandler
 .text.HAL_GPIO_EXTI_Callback
                0x08005d5c       0x18 ./Core/Src/stm32h7xx_it.o
                0x08005d5c                HAL_GPIO_EXTI_Callback
 .text.HAL_TIM_PeriodElapsedCallback
                0x08005d74       0x20 ./Core/Src/stm32h7xx_it.o
                0x08005d74                HAL_TIM_PeriodElapsedCallback
 .text._sbrk    0x08005d94       0x6c ./Core/Src/sysmem.o
                0x08005d94                _sbrk
 .text.SystemInit
                0x08005e00      0x120 ./Core/Src/system_stm32h7xx.o
                0x08005e00                SystemInit
 .text.ExitRun0Mode
                0x08005f20       0x30 ./Core/Src/system_stm32h7xx.o
                0x08005f20                ExitRun0Mode
 .text.write_pin
                0x08005f50       0x24 ./Core/Src/userfunctions.o
 .text.loop_escape
                0x08005f74       0x2c ./Core/Src/userfunctions.o
                0x08005f74                loop_escape
 .text.write_data_to_memory
                0x08005fa0       0x5c ./Core/Src/userfunctions.o
                0x08005fa0                write_data_to_memory
 .text.transmit_data_realtime
                0x08005ffc        0xe ./Core/Src/userfunctions.o
                0x08005ffc                transmit_data_realtime
 *fill*         0x0800600a        0x2 
 .text.transmit_data_offline
                0x0800600c       0xec ./Core/Src/userfunctions.o
                0x0800600c                transmit_data_offline
 .text.configure_registers
                0x080060f8       0x28 ./Core/Src/userfunctions.o
                0x080060f8                configure_registers
 .text.configure_stim_sequences
                0x08006120       0xc0 ./Core/Src/userfunctions.o
                0x08006120                configure_stim_sequences
 .text.handle_compliance_result
                0x080061e0       0x38 ./Core/Src/userfunctions.o
                0x080061e0                handle_compliance_result
 .text.configure_convert_commands
                0x08006218        0xe ./Core/Src/userfunctions.o
                0x08006218                configure_convert_commands
 *fill*         0x08006226        0x2 
 .text.transmit_dma_to_usart
                0x08006228       0x30 ./Core/Src/userfunctions.o
                0x08006228                transmit_dma_to_usart
 .text.Reset_Handler
                0x08006258       0x54 ./Core/Startup/startup_stm32h723zgtx.o
                0x08006258                Reset_Handler
 .text.Default_Handler
                0x080062ac        0x2 ./Core/Startup/startup_stm32h723zgtx.o
                0x080062ac                RTC_Alarm_IRQHandler
                0x080062ac                EXTI2_IRQHandler
                0x080062ac                TIM8_CC_IRQHandler
                0x080062ac                UART8_IRQHandler
                0x080062ac                SPI4_IRQHandler
                0x080062ac                FDCAN3_IT0_IRQHandler
                0x080062ac                TIM1_CC_IRQHandler
                0x080062ac                BDMA_Channel6_IRQHandler
                0x080062ac                DMA2_Stream5_IRQHandler
                0x080062ac                DMA1_Stream5_IRQHandler
                0x080062ac                CORDIC_IRQHandler
                0x080062ac                BDMA_Channel1_IRQHandler
                0x080062ac                TAMP_STAMP_IRQHandler
                0x080062ac                EXTI3_IRQHandler
                0x080062ac                LPTIM4_IRQHandler
                0x080062ac                TIM8_TRG_COM_TIM14_IRQHandler
                0x080062ac                LPTIM2_IRQHandler
                0x080062ac                DFSDM1_FLT1_IRQHandler
                0x080062ac                DMAMUX2_OVR_IRQHandler
                0x080062ac                TIM8_UP_TIM13_IRQHandler
                0x080062ac                I2C3_ER_IRQHandler
                0x080062ac                DFSDM1_FLT2_IRQHandler
                0x080062ac                I2C5_EV_IRQHandler
                0x080062ac                USART10_IRQHandler
                0x080062ac                MDMA_IRQHandler
                0x080062ac                LPTIM3_IRQHandler
                0x080062ac                HSEM1_IRQHandler
                0x080062ac                EXTI0_IRQHandler
                0x080062ac                I2C2_EV_IRQHandler
                0x080062ac                FPU_IRQHandler
                0x080062ac                OTG_HS_WKUP_IRQHandler
                0x080062ac                FDCAN1_IT1_IRQHandler
                0x080062ac                LTDC_ER_IRQHandler
                0x080062ac                DMA2_Stream2_IRQHandler
                0x080062ac                SPI1_IRQHandler
                0x080062ac                OCTOSPI1_IRQHandler
                0x080062ac                TIM6_DAC_IRQHandler
                0x080062ac                DMA2_Stream3_IRQHandler
                0x080062ac                OCTOSPI2_IRQHandler
                0x080062ac                DFSDM1_FLT3_IRQHandler
                0x080062ac                TIM23_IRQHandler
                0x080062ac                USART6_IRQHandler
                0x080062ac                TIM17_IRQHandler
                0x080062ac                BDMA_Channel7_IRQHandler
                0x080062ac                LPTIM5_IRQHandler
                0x080062ac                UART5_IRQHandler
                0x080062ac                ADC3_IRQHandler
                0x080062ac                DMA2_Stream0_IRQHandler
                0x080062ac                TIM4_IRQHandler
                0x080062ac                BDMA_Channel2_IRQHandler
                0x080062ac                I2C1_EV_IRQHandler
                0x080062ac                DMA1_Stream6_IRQHandler
                0x080062ac                DMAMUX1_OVR_IRQHandler
                0x080062ac                TIM16_IRQHandler
                0x080062ac                UART4_IRQHandler
                0x080062ac                BDMA_Channel5_IRQHandler
                0x080062ac                RCC_IRQHandler
                0x080062ac                UART9_IRQHandler
                0x080062ac                TIM8_BRK_TIM12_IRQHandler
                0x080062ac                TIM1_TRG_COM_IRQHandler
                0x080062ac                Default_Handler
                0x080062ac                ECC_IRQHandler
                0x080062ac                FMAC_IRQHandler
                0x080062ac                CEC_IRQHandler
                0x080062ac                BDMA_Channel0_IRQHandler
                0x080062ac                ADC_IRQHandler
                0x080062ac                I2C5_ER_IRQHandler
                0x080062ac                DMA1_Stream7_IRQHandler
                0x080062ac                SPI5_IRQHandler
                0x080062ac                TIM7_IRQHandler
                0x080062ac                FDCAN3_IT1_IRQHandler
                0x080062ac                SDMMC1_IRQHandler
                0x080062ac                TIM5_IRQHandler
                0x080062ac                DMA2_Stream7_IRQHandler
                0x080062ac                TIM15_IRQHandler
                0x080062ac                PVD_AVD_IRQHandler
                0x080062ac                I2C3_EV_IRQHandler
                0x080062ac                EXTI9_5_IRQHandler
                0x080062ac                RTC_WKUP_IRQHandler
                0x080062ac                LTDC_IRQHandler
                0x080062ac                ETH_WKUP_IRQHandler
                0x080062ac                SPDIF_RX_IRQHandler
                0x080062ac                SPI2_IRQHandler
                0x080062ac                OTG_HS_EP1_IN_IRQHandler
                0x080062ac                TIM24_IRQHandler
                0x080062ac                CRS_IRQHandler
                0x080062ac                EXTI4_IRQHandler
                0x080062ac                RNG_IRQHandler
                0x080062ac                FDCAN2_IT1_IRQHandler
                0x080062ac                ETH_IRQHandler
                0x080062ac                TIM1_UP_IRQHandler
                0x080062ac                BDMA_Channel4_IRQHandler
                0x080062ac                OTG_HS_EP1_OUT_IRQHandler
                0x080062ac                WWDG_IRQHandler
                0x080062ac                SPI6_IRQHandler
                0x080062ac                MDIOS_IRQHandler
                0x080062ac                I2C4_EV_IRQHandler
                0x080062ac                FDCAN2_IT0_IRQHandler
                0x080062ac                LPUART1_IRQHandler
                0x080062ac                FDCAN1_IT0_IRQHandler
                0x080062ac                TIM2_IRQHandler
                0x080062ac                OTG_HS_IRQHandler
                0x080062ac                DMA2D_IRQHandler
                0x080062ac                TIM1_BRK_IRQHandler
                0x080062ac                EXTI1_IRQHandler
                0x080062ac                SDMMC2_IRQHandler
                0x080062ac                BDMA_Channel3_IRQHandler
                0x080062ac                DTS_IRQHandler
                0x080062ac                UART7_IRQHandler
                0x080062ac                MDIOS_WKUP_IRQHandler
                0x080062ac                USART2_IRQHandler
                0x080062ac                DFSDM1_FLT0_IRQHandler
                0x080062ac                SAI4_IRQHandler
                0x080062ac                I2C2_ER_IRQHandler
                0x080062ac                DMA2_Stream1_IRQHandler
                0x080062ac                FLASH_IRQHandler
                0x080062ac                DMA2_Stream4_IRQHandler
                0x080062ac                USART1_IRQHandler
                0x080062ac                WAKEUP_PIN_IRQHandler
                0x080062ac                DMA1_Stream4_IRQHandler
                0x080062ac                I2C1_ER_IRQHandler
                0x080062ac                FMC_IRQHandler
                0x080062ac                FDCAN_CAL_IRQHandler
                0x080062ac                SWPMI1_IRQHandler
                0x080062ac                COMP1_IRQHandler
                0x080062ac                LPTIM1_IRQHandler
                0x080062ac                DCMI_PSSI_IRQHandler
                0x080062ac                I2C4_ER_IRQHandler
                0x080062ac                DMA2_Stream6_IRQHandler
                0x080062ac                SAI1_IRQHandler
                0x080062ac                DMA1_Stream3_IRQHandler
 *fill*         0x080062ae        0x2 
 .text.HAL_Init
                0x080062b0       0x78 ./Drivers/STM32H7xx_HAL_Driver/Src/stm32h7xx_hal.o
                0x080062b0                HAL_Init
 .text.HAL_InitTick
                0x08006328       0x6c ./Drivers/STM32H7xx_HAL_Driver/Src/stm32h7xx_hal.o
                0x08006328                HAL_InitTick
 .text.HAL_IncTick
                0x08006394       0x28 ./Drivers/STM32H7xx_HAL_Driver/Src/stm32h7xx_hal.o
                0x08006394                HAL_IncTick
 .text.HAL_GetTick
                0x080063bc       0x18 ./Drivers/STM32H7xx_HAL_Driver/Src/stm32h7xx_hal.o
                0x080063bc                HAL_GetTick
 .text.HAL_Delay
                0x080063d4       0x48 ./Drivers/STM32H7xx_HAL_Driver/Src/stm32h7xx_hal.o
                0x080063d4                HAL_Delay
 .text.__NVIC_SetPriorityGrouping
                0x0800641c       0x48 ./Drivers/STM32H7xx_HAL_Driver/Src/stm32h7xx_hal_cortex.o
 .text.__NVIC_GetPriorityGrouping
                0x08006464       0x1c ./Drivers/STM32H7xx_HAL_Driver/Src/stm32h7xx_hal_cortex.o
 .text.__NVIC_EnableIRQ
                0x08006480       0x3c ./Drivers/STM32H7xx_HAL_Driver/Src/stm32h7xx_hal_cortex.o
 .text.__NVIC_SetPriority
                0x080064bc       0x54 ./Drivers/STM32H7xx_HAL_Driver/Src/stm32h7xx_hal_cortex.o
 .text.NVIC_EncodePriority
                0x08006510       0x66 ./Drivers/STM32H7xx_HAL_Driver/Src/stm32h7xx_hal_cortex.o
 *fill*         0x08006576        0x2 
 .text.SysTick_Config
                0x08006578       0x44 ./Drivers/STM32H7xx_HAL_Driver/Src/stm32h7xx_hal_cortex.o
 .text.HAL_NVIC_SetPriorityGrouping
                0x080065bc       0x16 ./Drivers/STM32H7xx_HAL_Driver/Src/stm32h7xx_hal_cortex.o
                0x080065bc                HAL_NVIC_SetPriorityGrouping
 .text.HAL_NVIC_SetPriority
                0x080065d2       0x34 ./Drivers/STM32H7xx_HAL_Driver/Src/stm32h7xx_hal_cortex.o
                0x080065d2                HAL_NVIC_SetPriority
 .text.HAL_NVIC_EnableIRQ
                0x08006606       0x1c ./Drivers/STM32H7xx_HAL_Driver/Src/stm32h7xx_hal_cortex.o
                0x08006606                HAL_NVIC_EnableIRQ
 .text.HAL_SYSTICK_Config
                0x08006622       0x18 ./Drivers/STM32H7xx_HAL_Driver/Src/stm32h7xx_hal_cortex.o
                0x08006622                HAL_SYSTICK_Config
 *fill*         0x0800663a        0x2 
 .text.HAL_DMA_Init
                0x0800663c      0x6b0 ./Drivers/STM32H7xx_HAL_Driver/Src/stm32h7xx_hal_dma.o
                0x0800663c                HAL_DMA_Init
 .text.HAL_DMA_Start_IT
                0x08006cec      0x4d4 ./Drivers/STM32H7xx_HAL_Driver/Src/stm32h7xx_hal_dma.o
                0x08006cec                HAL_DMA_Start_IT
 .text.HAL_DMA_Abort
                0x080071c0      0x63c ./Drivers/STM32H7xx_HAL_Driver/Src/stm32h7xx_hal_dma.o
                0x080071c0                HAL_DMA_Abort
 .text.HAL_DMA_Abort_IT
                0x080077fc      0x48c ./Drivers/STM32H7xx_HAL_Driver/Src/stm32h7xx_hal_dma.o
                0x080077fc                HAL_DMA_Abort_IT
 .text.HAL_DMA_IRQHandler
                0x08007c88      0xe54 ./Drivers/STM32H7xx_HAL_Driver/Src/stm32h7xx_hal_dma.o
                0x08007c88                HAL_DMA_IRQHandler
 .text.HAL_DMA_GetError
                0x08008adc       0x18 ./Drivers/STM32H7xx_HAL_Driver/Src/stm32h7xx_hal_dma.o
                0x08008adc                HAL_DMA_GetError
 .text.DMA_SetConfig
                0x08008af4      0x358 ./Drivers/STM32H7xx_HAL_Driver/Src/stm32h7xx_hal_dma.o
 .text.DMA_CalcBaseAndBitshift
                0x08008e4c      0x164 ./Drivers/STM32H7xx_HAL_Driver/Src/stm32h7xx_hal_dma.o
 .text.DMA_CheckFifoParam
                0x08008fb0       0xf8 ./Drivers/STM32H7xx_HAL_Driver/Src/stm32h7xx_hal_dma.o
 .text.DMA_CalcDMAMUXChannelBaseAndMask
                0x080090a8      0x134 ./Drivers/STM32H7xx_HAL_Driver/Src/stm32h7xx_hal_dma.o
 .text.DMA_CalcDMAMUXRequestGenBaseAndMask
                0x080091dc       0xe8 ./Drivers/STM32H7xx_HAL_Driver/Src/stm32h7xx_hal_dma.o
 .text.HAL_GPIO_Init
                0x080092c4      0x350 ./Drivers/STM32H7xx_HAL_Driver/Src/stm32h7xx_hal_gpio.o
                0x080092c4                HAL_GPIO_Init
 .text.HAL_GPIO_WritePin
                0x08009614       0x32 ./Drivers/STM32H7xx_HAL_Driver/Src/stm32h7xx_hal_gpio.o
                0x08009614                HAL_GPIO_WritePin
 .text.HAL_GPIO_EXTI_IRQHandler
                0x08009646       0x34 ./Drivers/STM32H7xx_HAL_Driver/Src/stm32h7xx_hal_gpio.o
                0x08009646                HAL_GPIO_EXTI_IRQHandler
 *fill*         0x0800967a        0x2 
 .text.HAL_PWREx_ConfigSupply
                0x0800967c       0x74 ./Drivers/STM32H7xx_HAL_Driver/Src/stm32h7xx_hal_pwr_ex.o
                0x0800967c                HAL_PWREx_ConfigSupply
 .text.HAL_RCC_OscConfig
                0x080096f0      0x7b4 ./Drivers/STM32H7xx_HAL_Driver/Src/stm32h7xx_hal_rcc.o
                0x080096f0                HAL_RCC_OscConfig
 .text.HAL_RCC_ClockConfig
                0x08009ea4      0x36c ./Drivers/STM32H7xx_HAL_Driver/Src/stm32h7xx_hal_rcc.o
                0x08009ea4                HAL_RCC_ClockConfig
 .text.HAL_RCC_GetSysClockFreq
                0x0800a210      0x2f4 ./Drivers/STM32H7xx_HAL_Driver/Src/stm32h7xx_hal_rcc.o
                0x0800a210                HAL_RCC_GetSysClockFreq
 .text.HAL_RCC_GetHCLKFreq
                0x0800a504       0x60 ./Drivers/STM32H7xx_HAL_Driver/Src/stm32h7xx_hal_rcc.o
                0x0800a504                HAL_RCC_GetHCLKFreq
 .text.HAL_RCC_GetPCLK1Freq
                0x0800a564       0x2c ./Drivers/STM32H7xx_HAL_Driver/Src/stm32h7xx_hal_rcc.o
                0x0800a564                HAL_RCC_GetPCLK1Freq
 .text.HAL_RCC_GetPCLK2Freq
                0x0800a590       0x2c ./Drivers/STM32H7xx_HAL_Driver/Src/stm32h7xx_hal_rcc.o
                0x0800a590                HAL_RCC_GetPCLK2Freq
 .text.HAL_RCCEx_PeriphCLKConfig
                0x0800a5bc     0x1340 ./Drivers/STM32H7xx_HAL_Driver/Src/stm32h7xx_hal_rcc_ex.o
                0x0800a5bc                HAL_RCCEx_PeriphCLKConfig
 .text.HAL_RCCEx_GetD3PCLK1Freq
                0x0800b8fc       0x2c ./Drivers/STM32H7xx_HAL_Driver/Src/stm32h7xx_hal_rcc_ex.o
                0x0800b8fc                HAL_RCCEx_GetD3PCLK1Freq
 .text.HAL_RCCEx_GetPLL2ClockFreq
                0x0800b928      0x2a8 ./Drivers/STM32H7xx_HAL_Driver/Src/stm32h7xx_hal_rcc_ex.o
                0x0800b928                HAL_RCCEx_GetPLL2ClockFreq
 .text.HAL_RCCEx_GetPLL3ClockFreq
                0x0800bbd0      0x2a8 ./Drivers/STM32H7xx_HAL_Driver/Src/stm32h7xx_hal_rcc_ex.o
                0x0800bbd0                HAL_RCCEx_GetPLL3ClockFreq
 .text.RCCEx_PLL2_Config
                0x0800be78      0x164 ./Drivers/STM32H7xx_HAL_Driver/Src/stm32h7xx_hal_rcc_ex.o
 .text.RCCEx_PLL3_Config
                0x0800bfdc      0x164 ./Drivers/STM32H7xx_HAL_Driver/Src/stm32h7xx_hal_rcc_ex.o
 .text.HAL_SPI_Init
                0x0800c140      0x248 ./Drivers/STM32H7xx_HAL_Driver/Src/stm32h7xx_hal_spi.o
                0x0800c140                HAL_SPI_Init
 .text.HAL_SPI_TransmitReceive_DMA
                0x0800c388      0x370 ./Drivers/STM32H7xx_HAL_Driver/Src/stm32h7xx_hal_spi.o
                0x0800c388                HAL_SPI_TransmitReceive_DMA
 .text.HAL_SPI_IRQHandler
                0x0800c6f8      0x39c ./Drivers/STM32H7xx_HAL_Driver/Src/stm32h7xx_hal_spi.o
                0x0800c6f8                HAL_SPI_IRQHandler
 .text.HAL_SPI_TxCpltCallback
                0x0800ca94       0x14 ./Drivers/STM32H7xx_HAL_Driver/Src/stm32h7xx_hal_spi.o
                0x0800ca94                HAL_SPI_TxCpltCallback
 .text.HAL_SPI_RxCpltCallback
                0x0800caa8       0x14 ./Drivers/STM32H7xx_HAL_Driver/Src/stm32h7xx_hal_spi.o
                0x0800caa8                HAL_SPI_RxCpltCallback
 .text.HAL_SPI_TxRxHalfCpltCallback
                0x0800cabc       0x14 ./Drivers/STM32H7xx_HAL_Driver/Src/stm32h7xx_hal_spi.o
                0x0800cabc                HAL_SPI_TxRxHalfCpltCallback
 .text.HAL_SPI_SuspendCallback
                0x0800cad0       0x14 ./Drivers/STM32H7xx_HAL_Driver/Src/stm32h7xx_hal_spi.o
                0x0800cad0                HAL_SPI_SuspendCallback
 .text.SPI_DMATransmitReceiveCplt
                0x0800cae4       0x46 ./Drivers/STM32H7xx_HAL_Driver/Src/stm32h7xx_hal_spi.o
 .text.SPI_DMAHalfTransmitReceiveCplt
                0x0800cb2a       0x1c ./Drivers/STM32H7xx_HAL_Driver/Src/stm32h7xx_hal_spi.o
 .text.SPI_DMAError
                0x0800cb46       0x46 ./Drivers/STM32H7xx_HAL_Driver/Src/stm32h7xx_hal_spi.o
 .text.SPI_DMAAbortOnError
                0x0800cb8c       0x34 ./Drivers/STM32H7xx_HAL_Driver/Src/stm32h7xx_hal_spi.o
 .text.SPI_CloseTransfer
                0x0800cbc0      0x140 ./Drivers/STM32H7xx_HAL_Driver/Src/stm32h7xx_hal_spi.o
 .text.SPI_GetPacketSize
                0x0800cd00       0x36 ./Drivers/STM32H7xx_HAL_Driver/Src/stm32h7xx_hal_spi.o
 *fill*         0x0800cd36        0x2 
 .text.HAL_TIM_Base_Start_IT
                0x0800cd38      0x10c ./Drivers/STM32H7xx_HAL_Driver/Src/stm32h7xx_hal_tim.o
                0x0800cd38                HAL_TIM_Base_Start_IT
 .text.HAL_TIM_Base_Stop_IT
                0x0800ce44       0x5e ./Drivers/STM32H7xx_HAL_Driver/Src/stm32h7xx_hal_tim.o
                0x0800ce44                HAL_TIM_Base_Stop_IT
 .text.HAL_TIM_OC_Init
                0x0800cea2       0xae ./Drivers/STM32H7xx_HAL_Driver/Src/stm32h7xx_hal_tim.o
                0x0800cea2                HAL_TIM_OC_Init
 .text.HAL_TIM_IRQHandler
                0x0800cf50      0x20e ./Drivers/STM32H7xx_HAL_Driver/Src/stm32h7xx_hal_tim.o
                0x0800cf50                HAL_TIM_IRQHandler
 *fill*         0x0800d15e        0x2 
 .text.HAL_TIM_OC_ConfigChannel
                0x0800d160       0xf4 ./Drivers/STM32H7xx_HAL_Driver/Src/stm32h7xx_hal_tim.o
                0x0800d160                HAL_TIM_OC_ConfigChannel
 .text.HAL_TIM_OC_DelayElapsedCallback
                0x0800d254       0x14 ./Drivers/STM32H7xx_HAL_Driver/Src/stm32h7xx_hal_tim.o
                0x0800d254                HAL_TIM_OC_DelayElapsedCallback
 .text.HAL_TIM_IC_CaptureCallback
                0x0800d268       0x14 ./Drivers/STM32H7xx_HAL_Driver/Src/stm32h7xx_hal_tim.o
                0x0800d268                HAL_TIM_IC_CaptureCallback
 .text.HAL_TIM_PWM_PulseFinishedCallback
                0x0800d27c       0x14 ./Drivers/STM32H7xx_HAL_Driver/Src/stm32h7xx_hal_tim.o
                0x0800d27c                HAL_TIM_PWM_PulseFinishedCallback
 .text.HAL_TIM_TriggerCallback
                0x0800d290       0x14 ./Drivers/STM32H7xx_HAL_Driver/Src/stm32h7xx_hal_tim.o
                0x0800d290                HAL_TIM_TriggerCallback
 .text.TIM_Base_SetConfig
                0x0800d2a4      0x158 ./Drivers/STM32H7xx_HAL_Driver/Src/stm32h7xx_hal_tim.o
                0x0800d2a4                TIM_Base_SetConfig
 .text.TIM_OC1_SetConfig
                0x0800d3fc      0x120 ./Drivers/STM32H7xx_HAL_Driver/Src/stm32h7xx_hal_tim.o
 .text.TIM_OC2_SetConfig
                0x0800d51c      0x114 ./Drivers/STM32H7xx_HAL_Driver/Src/stm32h7xx_hal_tim.o
                0x0800d51c                TIM_OC2_SetConfig
 .text.TIM_OC3_SetConfig
                0x0800d630      0x110 ./Drivers/STM32H7xx_HAL_Driver/Src/stm32h7xx_hal_tim.o
 .text.TIM_OC4_SetConfig
                0x0800d740       0xd4 ./Drivers/STM32H7xx_HAL_Driver/Src/stm32h7xx_hal_tim.o
 .text.TIM_OC5_SetConfig
                0x0800d814       0xc8 ./Drivers/STM32H7xx_HAL_Driver/Src/stm32h7xx_hal_tim.o
 .text.TIM_OC6_SetConfig
                0x0800d8dc       0xcc ./Drivers/STM32H7xx_HAL_Driver/Src/stm32h7xx_hal_tim.o
 .text.HAL_TIMEx_MasterConfigSynchronization
                0x0800d9a8      0x138 ./Drivers/STM32H7xx_HAL_Driver/Src/stm32h7xx_hal_tim_ex.o
                0x0800d9a8                HAL_TIMEx_MasterConfigSynchronization
 .text.HAL_TIMEx_CommutCallback
                0x0800dae0       0x14 ./Drivers/STM32H7xx_HAL_Driver/Src/stm32h7xx_hal_tim_ex.o
                0x0800dae0                HAL_TIMEx_CommutCallback
 .text.HAL_TIMEx_BreakCallback
                0x0800daf4       0x14 ./Drivers/STM32H7xx_HAL_Driver/Src/stm32h7xx_hal_tim_ex.o
                0x0800daf4                HAL_TIMEx_BreakCallback
 .text.HAL_TIMEx_Break2Callback
                0x0800db08       0x14 ./Drivers/STM32H7xx_HAL_Driver/Src/stm32h7xx_hal_tim_ex.o
                0x0800db08                HAL_TIMEx_Break2Callback
 .text.HAL_UART_Init
                0x0800db1c       0xa0 ./Drivers/STM32H7xx_HAL_Driver/Src/stm32h7xx_hal_uart.o
                0x0800db1c                HAL_UART_Init
 .text.HAL_UART_Transmit_DMA
                0x0800dbbc      0x100 ./Drivers/STM32H7xx_HAL_Driver/Src/stm32h7xx_hal_uart.o
                0x0800dbbc                HAL_UART_Transmit_DMA
 .text.HAL_UART_IRQHandler
                0x0800dcbc      0x7ac ./Drivers/STM32H7xx_HAL_Driver/Src/stm32h7xx_hal_uart.o
                0x0800dcbc                HAL_UART_IRQHandler
 .text.HAL_UART_TxHalfCpltCallback
                0x0800e468       0x14 ./Drivers/STM32H7xx_HAL_Driver/Src/stm32h7xx_hal_uart.o
                0x0800e468                HAL_UART_TxHalfCpltCallback
 .text.HAL_UART_ErrorCallback
                0x0800e47c       0x14 ./Drivers/STM32H7xx_HAL_Driver/Src/stm32h7xx_hal_uart.o
                0x0800e47c                HAL_UART_ErrorCallback
 .text.HAL_UARTEx_RxEventCallback
                0x0800e490       0x18 ./Drivers/STM32H7xx_HAL_Driver/Src/stm32h7xx_hal_uart.o
                0x0800e490                HAL_UARTEx_RxEventCallback
 .text.UART_SetConfig
                0x0800e4a8      0xcd8 ./Drivers/STM32H7xx_HAL_Driver/Src/stm32h7xx_hal_uart.o
                0x0800e4a8                UART_SetConfig
 .text.UART_AdvFeatureConfig
                0x0800f180      0x144 ./Drivers/STM32H7xx_HAL_Driver/Src/stm32h7xx_hal_uart.o
                0x0800f180                UART_AdvFeatureConfig
 .text.UART_CheckIdleState
                0x0800f2c4      0x154 ./Drivers/STM32H7xx_HAL_Driver/Src/stm32h7xx_hal_uart.o
                0x0800f2c4                UART_CheckIdleState
 .text.UART_WaitOnFlagUntilTimeout
                0x0800f418       0xda ./Drivers/STM32H7xx_HAL_Driver/Src/stm32h7xx_hal_uart.o
                0x0800f418                UART_WaitOnFlagUntilTimeout
 .text.UART_EndTxTransfer
                0x0800f4f2       0x82 ./Drivers/STM32H7xx_HAL_Driver/Src/stm32h7xx_hal_uart.o
 .text.UART_EndRxTransfer
                0x0800f574       0xcc ./Drivers/STM32H7xx_HAL_Driver/Src/stm32h7xx_hal_uart.o
 .text.UART_DMATransmitCplt
                0x0800f640       0x96 ./Drivers/STM32H7xx_HAL_Driver/Src/stm32h7xx_hal_uart.o
 .text.UART_DMATxHalfCplt
                0x0800f6d6       0x1c ./Drivers/STM32H7xx_HAL_Driver/Src/stm32h7xx_hal_uart.o
 .text.UART_DMAError
                0x0800f6f2       0x80 ./Drivers/STM32H7xx_HAL_Driver/Src/stm32h7xx_hal_uart.o
 .text.UART_DMAAbortOnError
                0x0800f772       0x24 ./Drivers/STM32H7xx_HAL_Driver/Src/stm32h7xx_hal_uart.o
 .text.UART_EndTransmit_IT
                0x0800f796       0x56 ./Drivers/STM32H7xx_HAL_Driver/Src/stm32h7xx_hal_uart.o
 .text.HAL_UARTEx_WakeupCallback
                0x0800f7ec       0x14 ./Drivers/STM32H7xx_HAL_Driver/Src/stm32h7xx_hal_uart_ex.o
                0x0800f7ec                HAL_UARTEx_WakeupCallback
 .text.HAL_UARTEx_RxFifoFullCallback
                0x0800f800       0x14 ./Drivers/STM32H7xx_HAL_Driver/Src/stm32h7xx_hal_uart_ex.o
                0x0800f800                HAL_UARTEx_RxFifoFullCallback
 .text.HAL_UARTEx_TxFifoEmptyCallback
                0x0800f814       0x14 ./Drivers/STM32H7xx_HAL_Driver/Src/stm32h7xx_hal_uart_ex.o
                0x0800f814                HAL_UARTEx_TxFifoEmptyCallback
 .text.HAL_UARTEx_DisableFifoMode
                0x0800f828       0x72 ./Drivers/STM32H7xx_HAL_Driver/Src/stm32h7xx_hal_uart_ex.o
                0x0800f828                HAL_UARTEx_DisableFifoMode
 .text.HAL_UARTEx_SetTxFifoThreshold
                0x0800f89a       0x7c ./Drivers/STM32H7xx_HAL_Driver/Src/stm32h7xx_hal_uart_ex.o
                0x0800f89a                HAL_UARTEx_SetTxFifoThreshold
 .text.HAL_UARTEx_SetRxFifoThreshold
                0x0800f916       0x7c ./Drivers/STM32H7xx_HAL_Driver/Src/stm32h7xx_hal_uart_ex.o
                0x0800f916                HAL_UARTEx_SetRxFifoThreshold
 *fill*         0x0800f992        0x2 
 .text.UARTEx_SetNbDataToProcess
                0x0800f994       0x9c ./Drivers/STM32H7xx_HAL_Driver/Src/stm32h7xx_hal_uart_ex.o
 .text.malloc   0x0800fa30       0x10 C:/ST/STM32CubeIDE_1.9.0/STM32CubeIDE/plugins/com.st.stm32cube.ide.mcu.externaltools.gnu-tools-for-stm32.13.3.rel1.win32_1.0.0.202411081344/tools/bin/../lib/gcc/arm-none-eabi/13.3.1/../../../../arm-none-eabi/lib/thumb/v7e-m+dp/hard\libc_nano.a(libc_a-malloc.o)
                0x0800fa30                malloc
 .text.free     0x0800fa40       0x10 C:/ST/STM32CubeIDE_1.9.0/STM32CubeIDE/plugins/com.st.stm32cube.ide.mcu.externaltools.gnu-tools-for-stm32.13.3.rel1.win32_1.0.0.202411081344/tools/bin/../lib/gcc/arm-none-eabi/13.3.1/../../../../arm-none-eabi/lib/thumb/v7e-m+dp/hard\libc_nano.a(libc_a-malloc.o)
                0x0800fa40                free
 .text.sbrk_aligned
                0x0800fa50       0x44 C:/ST/STM32CubeIDE_1.9.0/STM32CubeIDE/plugins/com.st.stm32cube.ide.mcu.externaltools.gnu-tools-for-stm32.13.3.rel1.win32_1.0.0.202411081344/tools/bin/../lib/gcc/arm-none-eabi/13.3.1/../../../../arm-none-eabi/lib/thumb/v7e-m+dp/hard\libc_nano.a(libc_a-mallocr.o)
 .text._malloc_r
                0x0800fa94      0x100 C:/ST/STM32CubeIDE_1.9.0/STM32CubeIDE/plugins/com.st.stm32cube.ide.mcu.externaltools.gnu-tools-for-stm32.13.3.rel1.win32_1.0.0.202411081344/tools/bin/../lib/gcc/arm-none-eabi/13.3.1/../../../../arm-none-eabi/lib/thumb/v7e-m+dp/hard\libc_nano.a(libc_a-mallocr.o)
                0x0800fa94                _malloc_r
 .text.__malloc_lock
                0x0800fb94        0xc C:/ST/STM32CubeIDE_1.9.0/STM32CubeIDE/plugins/com.st.stm32cube.ide.mcu.externaltools.gnu-tools-for-stm32.13.3.rel1.win32_1.0.0.202411081344/tools/bin/../lib/gcc/arm-none-eabi/13.3.1/../../../../arm-none-eabi/lib/thumb/v7e-m+dp/hard\libc_nano.a(libc_a-mlock.o)
                0x0800fb94                __malloc_lock
 .text.__malloc_unlock
                0x0800fba0        0xc C:/ST/STM32CubeIDE_1.9.0/STM32CubeIDE/plugins/com.st.stm32cube.ide.mcu.externaltools.gnu-tools-for-stm32.13.3.rel1.win32_1.0.0.202411081344/tools/bin/../lib/gcc/arm-none-eabi/13.3.1/../../../../arm-none-eabi/lib/thumb/v7e-m+dp/hard\libc_nano.a(libc_a-mlock.o)
                0x0800fba0                __malloc_unlock
 .text.memcmp   0x0800fbac       0x20 C:/ST/STM32CubeIDE_1.9.0/STM32CubeIDE/plugins/com.st.stm32cube.ide.mcu.externaltools.gnu-tools-for-stm32.13.3.rel1.win32_1.0.0.202411081344/tools/bin/../lib/gcc/arm-none-eabi/13.3.1/../../../../arm-none-eabi/lib/thumb/v7e-m+dp/hard\libc_nano.a(libc_a-memcmp.o)
                0x0800fbac                memcmp
 .text.memset   0x0800fbcc       0x10 C:/ST/STM32CubeIDE_1.9.0/STM32CubeIDE/plugins/com.st.stm32cube.ide.mcu.externaltools.gnu-tools-for-stm32.13.3.rel1.win32_1.0.0.202411081344/tools/bin/../lib/gcc/arm-none-eabi/13.3.1/../../../../arm-none-eabi/lib/thumb/v7e-m+dp/hard\libc_nano.a(libc_a-memset.o)
                0x0800fbcc                memset
 .text._sbrk_r  0x0800fbdc       0x20 C:/ST/STM32CubeIDE_1.9.0/STM32CubeIDE/plugins/com.st.stm32cube.ide.mcu.externaltools.gnu-tools-for-stm32.13.3.rel1.win32_1.0.0.202411081344/tools/bin/../lib/gcc/arm-none-eabi/13.3.1/../../../../arm-none-eabi/lib/thumb/v7e-m+dp/hard\libc_nano.a(libc_a-sbrkr.o)
                0x0800fbdc                _sbrk_r
 .text.__errno  0x0800fbfc        0xc C:/ST/STM32CubeIDE_1.9.0/STM32CubeIDE/plugins/com.st.stm32cube.ide.mcu.externaltools.gnu-tools-for-stm32.13.3.rel1.win32_1.0.0.202411081344/tools/bin/../lib/gcc/arm-none-eabi/13.3.1/../../../../arm-none-eabi/lib/thumb/v7e-m+dp/hard\libc_nano.a(libc_a-errno.o)
                0x0800fbfc                __errno
 .text.__libc_init_array
                0x0800fc08       0x48 C:/ST/STM32CubeIDE_1.9.0/STM32CubeIDE/plugins/com.st.stm32cube.ide.mcu.externaltools.gnu-tools-for-stm32.13.3.rel1.win32_1.0.0.202411081344/tools/bin/../lib/gcc/arm-none-eabi/13.3.1/../../../../arm-none-eabi/lib/thumb/v7e-m+dp/hard\libc_nano.a(libc_a-init.o)
                0x0800fc08                __libc_init_array
 .text.__retarget_lock_acquire_recursive
                0x0800fc50        0x2 C:/ST/STM32CubeIDE_1.9.0/STM32CubeIDE/plugins/com.st.stm32cube.ide.mcu.externaltools.gnu-tools-for-stm32.13.3.rel1.win32_1.0.0.202411081344/tools/bin/../lib/gcc/arm-none-eabi/13.3.1/../../../../arm-none-eabi/lib/thumb/v7e-m+dp/hard\libc_nano.a(libc_a-lock.o)
                0x0800fc50                __retarget_lock_acquire_recursive
 .text.__retarget_lock_release_recursive
                0x0800fc52        0x2 C:/ST/STM32CubeIDE_1.9.0/STM32CubeIDE/plugins/com.st.stm32cube.ide.mcu.externaltools.gnu-tools-for-stm32.13.3.rel1.win32_1.0.0.202411081344/tools/bin/../lib/gcc/arm-none-eabi/13.3.1/../../../../arm-none-eabi/lib/thumb/v7e-m+dp/hard\libc_nano.a(libc_a-lock.o)
                0x0800fc52                __retarget_lock_release_recursive
 .text.memcpy   0x0800fc54       0x1c C:/ST/STM32CubeIDE_1.9.0/STM32CubeIDE/plugins/com.st.stm32cube.ide.mcu.externaltools.gnu-tools-for-stm32.13.3.rel1.win32_1.0.0.202411081344/tools/bin/../lib/gcc/arm-none-eabi/13.3.1/../../../../arm-none-eabi/lib/thumb/v7e-m+dp/hard\libc_nano.a(libc_a-memcpy-stub.o)
                0x0800fc54                memcpy
 .text._free_r  0x0800fc70       0x94 C:/ST/STM32CubeIDE_1.9.0/STM32CubeIDE/plugins/com.st.stm32cube.ide.mcu.externaltools.gnu-tools-for-stm32.13.3.rel1.win32_1.0.0.202411081344/tools/bin/../lib/gcc/arm-none-eabi/13.3.1/../../../../arm-none-eabi/lib/thumb/v7e-m+dp/hard\libc_nano.a(libc_a-freer.o)
                0x0800fc70                _free_r
 *fill*         0x0800fd04        0x4 
 .text.log10    0x0800fd08       0x64 C:/ST/STM32CubeIDE_1.9.0/STM32CubeIDE/plugins/com.st.stm32cube.ide.mcu.externaltools.gnu-tools-for-stm32.13.3.rel1.win32_1.0.0.202411081344/tools/bin/../lib/gcc/arm-none-eabi/13.3.1/../../../../arm-none-eabi/lib/thumb/v7e-m+dp/hard\libm.a(libm_a-w_log10.o)
                0x0800fd08                log10
 *fill*         0x0800fd6c        0x4 
 .text.sqrt     0x0800fd70       0x40 C:/ST/STM32CubeIDE_1.9.0/STM32CubeIDE/plugins/com.st.stm32cube.ide.mcu.externaltools.gnu-tools-for-stm32.13.3.rel1.win32_1.0.0.202411081344/tools/bin/../lib/gcc/arm-none-eabi/13.3.1/../../../../arm-none-eabi/lib/thumb/v7e-m+dp/hard\libm.a(libm_a-w_sqrt.o)
                0x0800fd70                sqrt
 .text.nan      0x0800fdb0       0x10 C:/ST/STM32CubeIDE_1.9.0/STM32CubeIDE/plugins/com.st.stm32cube.ide.mcu.externaltools.gnu-tools-for-stm32.13.3.rel1.win32_1.0.0.202411081344/tools/bin/../lib/gcc/arm-none-eabi/13.3.1/../../../../arm-none-eabi/lib/thumb/v7e-m+dp/hard\libm.a(libm_a-s_nan.o)
                0x0800fdb0                nan
 .text.log      0x0800fdc0      0x1f0 C:/ST/STM32CubeIDE_1.9.0/STM32CubeIDE/plugins/com.st.stm32cube.ide.mcu.externaltools.gnu-tools-for-stm32.13.3.rel1.win32_1.0.0.202411081344/tools/bin/../lib/gcc/arm-none-eabi/13.3.1/../../../../arm-none-eabi/lib/thumb/v7e-m+dp/hard\libm.a(libm_a-log.o)
                0x0800fdc0                log
 .text.checkint
                0x0800ffb0       0x68 C:/ST/STM32CubeIDE_1.9.0/STM32CubeIDE/plugins/com.st.stm32cube.ide.mcu.externaltools.gnu-tools-for-stm32.13.3.rel1.win32_1.0.0.202411081344/tools/bin/../lib/gcc/arm-none-eabi/13.3.1/../../../../arm-none-eabi/lib/thumb/v7e-m+dp/hard\libm.a(libm_a-pow.o)
 .text.pow      0x08010018      0x4a0 C:/ST/STM32CubeIDE_1.9.0/STM32CubeIDE/plugins/com.st.stm32cube.ide.mcu.externaltools.gnu-tools-for-stm32.13.3.rel1.win32_1.0.0.202411081344/tools/bin/../lib/gcc/arm-none-eabi/13.3.1/../../../../arm-none-eabi/lib/thumb/v7e-m+dp/hard\libm.a(libm_a-pow.o)
                0x08010018                pow
 .text.__ieee754_sqrt
                0x080104b8        0x6 C:/ST/STM32CubeIDE_1.9.0/STM32CubeIDE/plugins/com.st.stm32cube.ide.mcu.externaltools.gnu-tools-for-stm32.13.3.rel1.win32_1.0.0.202411081344/tools/bin/../lib/gcc/arm-none-eabi/13.3.1/../../../../arm-none-eabi/lib/thumb/v7e-m+dp/hard\libm.a(libm_a-e_sqrt.o)
                0x080104b8                __ieee754_sqrt
 *fill*         0x080104be        0x2 
 .text.floor    0x080104c0       0xf0 C:/ST/STM32CubeIDE_1.9.0/STM32CubeIDE/plugins/com.st.stm32cube.ide.mcu.externaltools.gnu-tools-for-stm32.13.3.rel1.win32_1.0.0.202411081344/tools/bin/../lib/gcc/arm-none-eabi/13.3.1/../../../../arm-none-eabi/lib/thumb/v7e-m+dp/hard\libm.a(libm_a-s_floor.o)
                0x080104c0                floor
 .text.__ieee754_log10
                0x080105b0       0xdc C:/ST/STM32CubeIDE_1.9.0/STM32CubeIDE/plugins/com.st.stm32cube.ide.mcu.externaltools.gnu-tools-for-stm32.13.3.rel1.win32_1.0.0.202411081344/tools/bin/../lib/gcc/arm-none-eabi/13.3.1/../../../../arm-none-eabi/lib/thumb/v7e-m+dp/hard\libm.a(libm_a-e_log10.o)
                0x080105b0                __ieee754_log10
 .text.with_errno
                0x0801068c       0x1c C:/ST/STM32CubeIDE_1.9.0/STM32CubeIDE/plugins/com.st.stm32cube.ide.mcu.externaltools.gnu-tools-for-stm32.13.3.rel1.win32_1.0.0.202411081344/tools/bin/../lib/gcc/arm-none-eabi/13.3.1/../../../../arm-none-eabi/lib/thumb/v7e-m+dp/hard\libm.a(libm_a-math_err.o)
 .text.xflow    0x080106a8       0x22 C:/ST/STM32CubeIDE_1.9.0/STM32CubeIDE/plugins/com.st.stm32cube.ide.mcu.externaltools.gnu-tools-for-stm32.13.3.rel1.win32_1.0.0.202411081344/tools/bin/../lib/gcc/arm-none-eabi/13.3.1/../../../../arm-none-eabi/lib/thumb/v7e-m+dp/hard\libm.a(libm_a-math_err.o)
 *fill*         0x080106ca        0x6 
 .text.__math_uflow
                0x080106d0       0x10 C:/ST/STM32CubeIDE_1.9.0/STM32CubeIDE/plugins/com.st.stm32cube.ide.mcu.externaltools.gnu-tools-for-stm32.13.3.rel1.win32_1.0.0.202411081344/tools/bin/../lib/gcc/arm-none-eabi/13.3.1/../../../../arm-none-eabi/lib/thumb/v7e-m+dp/hard\libm.a(libm_a-math_err.o)
                0x080106d0                __math_uflow
 .text.__math_oflow
                0x080106e0       0x10 C:/ST/STM32CubeIDE_1.9.0/STM32CubeIDE/plugins/com.st.stm32cube.ide.mcu.externaltools.gnu-tools-for-stm32.13.3.rel1.win32_1.0.0.202411081344/tools/bin/../lib/gcc/arm-none-eabi/13.3.1/../../../../arm-none-eabi/lib/thumb/v7e-m+dp/hard\libm.a(libm_a-math_err.o)
                0x080106e0                __math_oflow
 .text.__math_divzero
                0x080106f0       0x30 C:/ST/STM32CubeIDE_1.9.0/STM32CubeIDE/plugins/com.st.stm32cube.ide.mcu.externaltools.gnu-tools-for-stm32.13.3.rel1.win32_1.0.0.202411081344/tools/bin/../lib/gcc/arm-none-eabi/13.3.1/../../../../arm-none-eabi/lib/thumb/v7e-m+dp/hard\libm.a(libm_a-math_err.o)
                0x080106f0                __math_divzero
 .text.__math_invalid
                0x08010720       0x1e C:/ST/STM32CubeIDE_1.9.0/STM32CubeIDE/plugins/com.st.stm32cube.ide.mcu.externaltools.gnu-tools-for-stm32.13.3.rel1.win32_1.0.0.202411081344/tools/bin/../lib/gcc/arm-none-eabi/13.3.1/../../../../arm-none-eabi/lib/thumb/v7e-m+dp/hard\libm.a(libm_a-math_err.o)
                0x08010720                __math_invalid
 .text.__math_check_uflow
                0x0801073e       0x12 C:/ST/STM32CubeIDE_1.9.0/STM32CubeIDE/plugins/com.st.stm32cube.ide.mcu.externaltools.gnu-tools-for-stm32.13.3.rel1.win32_1.0.0.202411081344/tools/bin/../lib/gcc/arm-none-eabi/13.3.1/../../../../arm-none-eabi/lib/thumb/v7e-m+dp/hard\libm.a(libm_a-math_err.o)
                0x0801073e                __math_check_uflow
 .text.__math_check_oflow
                0x08010750       0x28 C:/ST/STM32CubeIDE_1.9.0/STM32CubeIDE/plugins/com.st.stm32cube.ide.mcu.externaltools.gnu-tools-for-stm32.13.3.rel1.win32_1.0.0.202411081344/tools/bin/../lib/gcc/arm-none-eabi/13.3.1/../../../../arm-none-eabi/lib/thumb/v7e-m+dp/hard\libm.a(libm_a-math_err.o)
                0x08010750                __math_check_oflow
 *(.glue_7)
 .glue_7        0x08010778        0x0 linker stubs
 *(.glue_7t)
 .glue_7t       0x08010778        0x0 linker stubs
 *(.eh_frame)
 .eh_frame      0x08010778        0x0 C:/ST/STM32CubeIDE_1.9.0/STM32CubeIDE/plugins/com.st.stm32cube.ide.mcu.externaltools.gnu-tools-for-stm32.13.3.rel1.win32_1.0.0.202411081344/tools/bin/../lib/gcc/arm-none-eabi/13.3.1/thumb/v7e-m+dp/hard/crtbegin.o
 *(.init)
 .init          0x08010778        0x4 C:/ST/STM32CubeIDE_1.9.0/STM32CubeIDE/plugins/com.st.stm32cube.ide.mcu.externaltools.gnu-tools-for-stm32.13.3.rel1.win32_1.0.0.202411081344/tools/bin/../lib/gcc/arm-none-eabi/13.3.1/thumb/v7e-m+dp/hard/crti.o
                0x08010778                _init
 .init          0x0801077c        0x8 C:/ST/STM32CubeIDE_1.9.0/STM32CubeIDE/plugins/com.st.stm32cube.ide.mcu.externaltools.gnu-tools-for-stm32.13.3.rel1.win32_1.0.0.202411081344/tools/bin/../lib/gcc/arm-none-eabi/13.3.1/thumb/v7e-m+dp/hard/crtn.o
 *(.fini)
 .fini          0x08010784        0x4 C:/ST/STM32CubeIDE_1.9.0/STM32CubeIDE/plugins/com.st.stm32cube.ide.mcu.externaltools.gnu-tools-for-stm32.13.3.rel1.win32_1.0.0.202411081344/tools/bin/../lib/gcc/arm-none-eabi/13.3.1/thumb/v7e-m+dp/hard/crti.o
                0x08010784                _fini
 .fini          0x08010788        0x8 C:/ST/STM32CubeIDE_1.9.0/STM32CubeIDE/plugins/com.st.stm32cube.ide.mcu.externaltools.gnu-tools-for-stm32.13.3.rel1.win32_1.0.0.202411081344/tools/bin/../lib/gcc/arm-none-eabi/13.3.1/thumb/v7e-m+dp/hard/crtn.o
                0x08010790                        . = ALIGN (0x4)
                0x08010790                        _etext = .

.vfp11_veneer   0x08010790        0x0
 .vfp11_veneer  0x08010790        0x0 linker stubs

.v4_bx          0x08010790        0x0
 .v4_bx         0x08010790        0x0 linker stubs

.iplt           0x08010790        0x0
 .iplt          0x08010790        0x0 C:/ST/STM32CubeIDE_1.9.0/STM32CubeIDE/plugins/com.st.stm32cube.ide.mcu.externaltools.gnu-tools-for-stm32.13.3.rel1.win32_1.0.0.202411081344/tools/bin/../lib/gcc/arm-none-eabi/13.3.1/thumb/v7e-m+dp/hard/crtbegin.o

.rodata         0x08010790     0x2228
                0x08010790                        . = ALIGN (0x4)
 *(.rodata)
 .rodata        0x08010790       0x90 ./Core/Src/userfunctions.o
 *(.rodata*)
 .rodata.COMPLIANCE_READ_MASK.1
                0x08010820        0x4 ./Core/Src/rhsinterface.o
 .rodata.COMPLIANCE_READ_COMMAND.0
                0x08010824        0x4 ./Core/Src/rhsinterface.o
 .rodata.D1CorePrescTable
                0x08010828       0x10 ./Core/Src/system_stm32h7xx.o
                0x08010828                D1CorePrescTable
 .rodata.flagBitshiftOffset.0
                0x08010838        0x8 ./Drivers/STM32H7xx_HAL_Driver/Src/stm32h7xx_hal_dma.o
 .rodata.UARTPrescTable
                0x08010840       0x18 ./Drivers/STM32H7xx_HAL_Driver/Src/stm32h7xx_hal_uart.o
                0x08010840                UARTPrescTable
 .rodata.numerator.1
                0x08010858        0x8 ./Drivers/STM32H7xx_HAL_Driver/Src/stm32h7xx_hal_uart_ex.o
 .rodata.denominator.0
                0x08010860        0x8 ./Drivers/STM32H7xx_HAL_Driver/Src/stm32h7xx_hal_uart_ex.o
 .rodata.log10.str1.1
                0x08010868        0x1 C:/ST/STM32CubeIDE_1.9.0/STM32CubeIDE/plugins/com.st.stm32cube.ide.mcu.externaltools.gnu-tools-for-stm32.13.3.rel1.win32_1.0.0.202411081344/tools/bin/../lib/gcc/arm-none-eabi/13.3.1/../../../../arm-none-eabi/lib/thumb/v7e-m+dp/hard\libm.a(libm_a-w_log10.o)
 *fill*         0x08010869        0x7 
 .rodata.__log_data
                0x08010870      0x890 C:/ST/STM32CubeIDE_1.9.0/STM32CubeIDE/plugins/com.st.stm32cube.ide.mcu.externaltools.gnu-tools-for-stm32.13.3.rel1.win32_1.0.0.202411081344/tools/bin/../lib/gcc/arm-none-eabi/13.3.1/../../../../arm-none-eabi/lib/thumb/v7e-m+dp/hard\libm.a(libm_a-log_data.o)
                0x08010870                __log_data
 .rodata.__pow_log_data
                0x08011100     0x1048 C:/ST/STM32CubeIDE_1.9.0/STM32CubeIDE/plugins/com.st.stm32cube.ide.mcu.externaltools.gnu-tools-for-stm32.13.3.rel1.win32_1.0.0.202411081344/tools/bin/../lib/gcc/arm-none-eabi/13.3.1/../../../../arm-none-eabi/lib/thumb/v7e-m+dp/hard\libm.a(libm_a-pow_log_data.o)
                0x08011100                __pow_log_data
 .rodata.__exp_data
                0x08012148      0x870 C:/ST/STM32CubeIDE_1.9.0/STM32CubeIDE/plugins/com.st.stm32cube.ide.mcu.externaltools.gnu-tools-for-stm32.13.3.rel1.win32_1.0.0.202411081344/tools/bin/../lib/gcc/arm-none-eabi/13.3.1/../../../../arm-none-eabi/lib/thumb/v7e-m+dp/hard\libm.a(libm_a-exp_data.o)
                0x08012148                __exp_data
                0x080129b8                        . = ALIGN (0x4)

.ARM.extab
 *(.ARM.extab* .gnu.linkonce.armextab.*)

.ARM            0x080129b8        0x8
                0x080129b8                        __exidx_start = .
 *(.ARM.exidx*)
 .ARM.exidx     0x080129b8        0x8 C:/ST/STM32CubeIDE_1.9.0/STM32CubeIDE/plugins/com.st.stm32cube.ide.mcu.externaltools.gnu-tools-for-stm32.13.3.rel1.win32_1.0.0.202411081344/tools/bin/../lib/gcc/arm-none-eabi/13.3.1/thumb/v7e-m+dp/hard\libgcc.a(_udivmoddi4.o)
                0x080129c0                        __exidx_end = .

.preinit_array  0x080129c0        0x0
                0x080129c0                        PROVIDE (__preinit_array_start = .)
 *(.preinit_array*)
                0x080129c0                        PROVIDE (__preinit_array_end = .)

.init_array     0x080129c0        0x4
                0x080129c0                        PROVIDE (__init_array_start = .)
 *(SORT_BY_NAME(.init_array.*))
 *(.init_array*)
 .init_array    0x080129c0        0x4 C:/ST/STM32CubeIDE_1.9.0/STM32CubeIDE/plugins/com.st.stm32cube.ide.mcu.externaltools.gnu-tools-for-stm32.13.3.rel1.win32_1.0.0.202411081344/tools/bin/../lib/gcc/arm-none-eabi/13.3.1/thumb/v7e-m+dp/hard/crtbegin.o
                0x080129c4                        PROVIDE (__init_array_end = .)

.fini_array     0x080129c4        0x4
                [!provide]                        PROVIDE (__fini_array_start = .)
 *(SORT_BY_NAME(.fini_array.*))
 *(.fini_array*)
 .fini_array    0x080129c4        0x4 C:/ST/STM32CubeIDE_1.9.0/STM32CubeIDE/plugins/com.st.stm32cube.ide.mcu.externaltools.gnu-tools-for-stm32.13.3.rel1.win32_1.0.0.202411081344/tools/bin/../lib/gcc/arm-none-eabi/13.3.1/thumb/v7e-m+dp/hard/crtbegin.o
                [!provide]                        PROVIDE (__fini_array_end = .)
                0x080129c8                        _sidata = LOADADDR (.data)

.rel.dyn        0x080129c8        0x0
 .rel.iplt      0x080129c8        0x0 C:/ST/STM32CubeIDE_1.9.0/STM32CubeIDE/plugins/com.st.stm32cube.ide.mcu.externaltools.gnu-tools-for-stm32.13.3.rel1.win32_1.0.0.202411081344/tools/bin/../lib/gcc/arm-none-eabi/13.3.1/thumb/v7e-m+dp/hard/crtbegin.o

.data           0x24000000       0x68 load address 0x080129c8
                0x24000000                        . = ALIGN (0x4)
                0x24000000                        _sdata = .
 *(.data)
 *(.data*)
 .data.per_channel_sample_memory_capacity
                0x24000000        0x4 ./Core/Src/rhsinterface.o
                0x24000000                per_channel_sample_memory_capacity
 .data.uart_ready
                0x24000004        0x1 ./Core/Src/rhsinterface.o
                0x24000004                uart_ready
 .data.compliance_aux_slot
                0x24000005        0x1 ./Core/Src/rhsinterface.o
                0x24000005                compliance_aux_slot
 .data.command_transfer_state
                0x24000006        0x1 ./Core/Src/rhsinterface.o
 .data.prev_compliance_aux_slot
                0x24000007        0x1 ./Core/Src/rhsinterface.o
 .data.SystemCoreClock
                0x24000008        0x4 ./Core/Src/system_stm32h7xx.o
                0x24000008                SystemCoreClock
 .data.SystemD2Clock
                0x2400000c        0x4 ./Core/Src/system_stm32h7xx.o
                0x2400000c                SystemD2Clock
 .data.uwTickPrio
                0x24000010        0x4 ./Drivers/STM32H7xx_HAL_Driver/Src/stm32h7xx_hal.o
                0x24000010                uwTickPrio
 .data.uwTickFreq
                0x24000014        0x1 ./Drivers/STM32H7xx_HAL_Driver/Src/stm32h7xx_hal.o
                0x24000014                uwTickFreq
 *fill*         0x24000015        0x3 
 .data._impure_ptr
                0x24000018        0x4 C:/ST/STM32CubeIDE_1.9.0/STM32CubeIDE/plugins/com.st.stm32cube.ide.mcu.externaltools.gnu-tools-for-stm32.13.3.rel1.win32_1.0.0.202411081344/tools/bin/../lib/gcc/arm-none-eabi/13.3.1/../../../../arm-none-eabi/lib/thumb/v7e-m+dp/hard\libc_nano.a(libc_a-impure.o)
                0x24000018                _impure_ptr
 .data._impure_data
                0x2400001c       0x4c C:/ST/STM32CubeIDE_1.9.0/STM32CubeIDE/plugins/com.st.stm32cube.ide.mcu.externaltools.gnu-tools-for-stm32.13.3.rel1.win32_1.0.0.202411081344/tools/bin/../lib/gcc/arm-none-eabi/13.3.1/../../../../arm-none-eabi/lib/thumb/v7e-m+dp/hard\libc_nano.a(libc_a-impure.o)
                0x2400001c                _impure_data
 *(.RamFunc)
 *(.RamFunc*)
                0x24000068                        . = ALIGN (0x4)
                0x24000068                        _edata = .

.igot.plt       0x24000068        0x0 load address 0x08012a30
 .igot.plt      0x24000068        0x0 C:/ST/STM32CubeIDE_1.9.0/STM32CubeIDE/plugins/com.st.stm32cube.ide.mcu.externaltools.gnu-tools-for-stm32.13.3.rel1.win32_1.0.0.202411081344/tools/bin/../lib/gcc/arm-none-eabi/13.3.1/thumb/v7e-m+dp/hard/crtbegin.o
                0x24000068                        . = ALIGN (0x4)

.bss            0x24000068     0x4090 load address 0x08012a30
                0x24000068                        _sbss = .
                0x24000068                        __bss_start__ = _sbss
 *(.bss)
 .bss           0x24000068       0x1c C:/ST/STM32CubeIDE_1.9.0/STM32CubeIDE/plugins/com.st.stm32cube.ide.mcu.externaltools.gnu-tools-for-stm32.13.3.rel1.win32_1.0.0.202411081344/tools/bin/../lib/gcc/arm-none-eabi/13.3.1/thumb/v7e-m+dp/hard/crtbegin.o
 *(.bss*)
 .bss.hspi3     0x24000084       0x88 ./Core/Src/main.o
                0x24000084                hspi3
 .bss.hdma_spi3_rx
                0x2400010c       0x78 ./Core/Src/main.o
                0x2400010c                hdma_spi3_rx
 .bss.hdma_spi3_tx
                0x24000184       0x78 ./Core/Src/main.o
                0x24000184                hdma_spi3_tx
 .bss.htim3     0x240001fc       0x4c ./Core/Src/main.o
                0x240001fc                htim3
 .bss.huart3    0x24000248       0x94 ./Core/Src/main.o
                0x24000248                huart3
 .bss.hdma_usart3_tx
                0x240002dc       0x78 ./Core/Src/main.o
                0x240002dc                hdma_usart3_tx
 .bss.command_sequence_MOSI
                0x24000354       0x50 ./Core/Src/rhsinterface.o
                0x24000354                command_sequence_MOSI
 .bss.command_sequence_MISO
                0x240003a4       0x50 ./Core/Src/rhsinterface.o
                0x240003a4                command_sequence_MISO
 .bss.next_aux_commands
                0x240003f4       0x10 ./Core/Src/rhsinterface.o
                0x240003f4                next_aux_commands
 .bss.sample_counter
                0x24000404        0x2 ./Core/Src/rhsinterface.o
                0x24000404                sample_counter
 *fill*         0x24000406        0x2 
 .bss.sample_memory
                0x24000408        0x4 ./Core/Src/rhsinterface.o
                0x24000408                sample_memory
 .bss.main_loop_active
                0x2400040c        0x1 ./Core/Src/rhsinterface.o
                0x2400040c                main_loop_active
 .bss.sample_interrupt_occurred
                0x2400040d        0x1 ./Core/Src/rhsinterface.o
                0x2400040d                sample_interrupt_occurred
 .bss.main_pin_status
                0x2400040e        0x1 ./Core/Src/rhsinterface.o
                0x2400040e                main_pin_status
 *fill*         0x2400040f        0x1 
 .bss.parameters
                0x24000410      0x108 ./Core/Src/rhsinterface.o
                0x24000410                parameters
 .bss.reception_in_progress
                0x24000518        0x1 ./Core/Src/rhsinterface.o
 *fill*         0x24000519        0x7 
 .bss.on_chip_parameters
                0x24000520      0x108 ./Core/Src/stimscheduler.o
                0x24000520                on_chip_parameters
 .bss.sequences
                0x24000628     0x37f0 ./Core/Src/stimscheduler.o
                0x24000628                sequences
 .bss.scheduled_write_commands
                0x24003e18      0x102 ./Core/Src/stimscheduler.o
 *fill*         0x24003f1a        0x2 
 .bss.regs_needing_writes
                0x24003f1c       0x80 ./Core/Src/stimscheduler.o
 .bss.regs_needing_writes_index
                0x24003f9c        0x1 ./Core/Src/stimscheduler.o
 .bss.odd_iteration
                0x24003f9d        0x1 ./Core/Src/stimscheduler.o
 *fill*         0x24003f9e        0x2 
 .bss.SysTick_counter
                0x24003fa0        0x8 ./Core/Src/stm32h7xx_it.o
                0x24003fa0                SysTick_counter
 .bss.__sbrk_heap_end
                0x24003fa8        0x4 ./Core/Src/sysmem.o
 .bss.uwTick    0x24003fac        0x4 ./Drivers/STM32H7xx_HAL_Driver/Src/stm32h7xx_hal.o
                0x24003fac                uwTick
 .bss.__malloc_sbrk_start
                0x24003fb0        0x4 C:/ST/STM32CubeIDE_1.9.0/STM32CubeIDE/plugins/com.st.stm32cube.ide.mcu.externaltools.gnu-tools-for-stm32.13.3.rel1.win32_1.0.0.202411081344/tools/bin/../lib/gcc/arm-none-eabi/13.3.1/../../../../arm-none-eabi/lib/thumb/v7e-m+dp/hard\libc_nano.a(libc_a-mallocr.o)
                0x24003fb0                __malloc_sbrk_start
 .bss.__malloc_free_list
                0x24003fb4        0x4 C:/ST/STM32CubeIDE_1.9.0/STM32CubeIDE/plugins/com.st.stm32cube.ide.mcu.externaltools.gnu-tools-for-stm32.13.3.rel1.win32_1.0.0.202411081344/tools/bin/../lib/gcc/arm-none-eabi/13.3.1/../../../../arm-none-eabi/lib/thumb/v7e-m+dp/hard\libc_nano.a(libc_a-mallocr.o)
                0x24003fb4                __malloc_free_list
 .bss.__sf      0x24003fb8      0x138 C:/ST/STM32CubeIDE_1.9.0/STM32CubeIDE/plugins/com.st.stm32cube.ide.mcu.externaltools.gnu-tools-for-stm32.13.3.rel1.win32_1.0.0.202411081344/tools/bin/../lib/gcc/arm-none-eabi/13.3.1/../../../../arm-none-eabi/lib/thumb/v7e-m+dp/hard\libc_nano.a(libc_a-findfp.o)
                0x24003fb8                __sf
 .bss.errno     0x240040f0        0x4 C:/ST/STM32CubeIDE_1.9.0/STM32CubeIDE/plugins/com.st.stm32cube.ide.mcu.externaltools.gnu-tools-for-stm32.13.3.rel1.win32_1.0.0.202411081344/tools/bin/../lib/gcc/arm-none-eabi/13.3.1/../../../../arm-none-eabi/lib/thumb/v7e-m+dp/hard\libc_nano.a(libc_a-reent.o)
                0x240040f0                errno
 .bss.__lock___malloc_recursive_mutex
                0x240040f4        0x1 C:/ST/STM32CubeIDE_1.9.0/STM32CubeIDE/plugins/com.st.stm32cube.ide.mcu.externaltools.gnu-tools-for-stm32.13.3.rel1.win32_1.0.0.202411081344/tools/bin/../lib/gcc/arm-none-eabi/13.3.1/../../../../arm-none-eabi/lib/thumb/v7e-m+dp/hard\libc_nano.a(libc_a-lock.o)
                0x240040f4                __lock___malloc_recursive_mutex
 *(COMMON)
                0x240040f8                        . = ALIGN (0x4)
 *fill*         0x240040f5        0x3 
                0x240040f8                        _ebss = .
                0x240040f8                        __bss_end__ = _ebss

._user_heap_stack
                0x240040f8      0x600 load address 0x08012a30
                0x240040f8                        . = ALIGN (0x8)
                [!provide]                        PROVIDE (end = .)
                0x240040f8                        PROVIDE (_end = .)
                0x240042f8                        . = (. + _Min_Heap_Size)
 *fill*         0x240040f8      0x200 
                0x240046f8                        . = (. + _Min_Stack_Size)
 *fill*         0x240042f8      0x400 
                0x240046f8                        . = ALIGN (0x8)

/DISCARD/
 libc.a(*)
 libm.a(*)
 libgcc.a(*)

.ARM.attributes
                0x00000000       0x2e
 *(.ARM.attributes)
 .ARM.attributes
                0x00000000       0x20 C:/ST/STM32CubeIDE_1.9.0/STM32CubeIDE/plugins/com.st.stm32cube.ide.mcu.externaltools.gnu-tools-for-stm32.13.3.rel1.win32_1.0.0.202411081344/tools/bin/../lib/gcc/arm-none-eabi/13.3.1/thumb/v7e-m+dp/hard/crti.o
 .ARM.attributes
                0x00000020       0x32 C:/ST/STM32CubeIDE_1.9.0/STM32CubeIDE/plugins/com.st.stm32cube.ide.mcu.externaltools.gnu-tools-for-stm32.13.3.rel1.win32_1.0.0.202411081344/tools/bin/../lib/gcc/arm-none-eabi/13.3.1/thumb/v7e-m+dp/hard/crtbegin.o
 .ARM.attributes
                0x00000052       0x32 ./Core/Src/commonautosequences.o
 .ARM.attributes
                0x00000084       0x32 ./Core/Src/main.o
 .ARM.attributes
                0x000000b6       0x32 ./Core/Src/rhsinterface.o
 .ARM.attributes
                0x000000e8       0x32 ./Core/Src/rhsregisters.o
 .ARM.attributes
                0x0000011a       0x32 ./Core/Src/stimscheduler.o
 .ARM.attributes
                0x0000014c       0x32 ./Core/Src/stm32h7xx_hal_msp.o
 .ARM.attributes
                0x0000017e       0x32 ./Core/Src/stm32h7xx_it.o
 .ARM.attributes
                0x000001b0       0x32 ./Core/Src/sysmem.o
 .ARM.attributes
                0x000001e2       0x32 ./Core/Src/system_stm32h7xx.o
 .ARM.attributes
                0x00000214       0x32 ./Core/Src/userfunctions.o
 .ARM.attributes
                0x00000246       0x21 ./Core/Startup/startup_stm32h723zgtx.o
 .ARM.attributes
                0x00000267       0x32 ./Drivers/STM32H7xx_HAL_Driver/Src/stm32h7xx_hal.o
 .ARM.attributes
                0x00000299       0x32 ./Drivers/STM32H7xx_HAL_Driver/Src/stm32h7xx_hal_cortex.o
 .ARM.attributes
                0x000002cb       0x32 ./Drivers/STM32H7xx_HAL_Driver/Src/stm32h7xx_hal_dma.o
 .ARM.attributes
                0x000002fd       0x32 ./Drivers/STM32H7xx_HAL_Driver/Src/stm32h7xx_hal_gpio.o
 .ARM.attributes
                0x0000032f       0x32 ./Drivers/STM32H7xx_HAL_Driver/Src/stm32h7xx_hal_pwr_ex.o
 .ARM.attributes
                0x00000361       0x32 ./Drivers/STM32H7xx_HAL_Driver/Src/stm32h7xx_hal_rcc.o
 .ARM.attributes
                0x00000393       0x32 ./Drivers/STM32H7xx_HAL_Driver/Src/stm32h7xx_hal_rcc_ex.o
 .ARM.attributes
                0x000003c5       0x32 ./Drivers/STM32H7xx_HAL_Driver/Src/stm32h7xx_hal_spi.o
 .ARM.attributes
                0x000003f7       0x32 ./Drivers/STM32H7xx_HAL_Driver/Src/stm32h7xx_hal_tim.o
 .ARM.attributes
                0x00000429       0x32 ./Drivers/STM32H7xx_HAL_Driver/Src/stm32h7xx_hal_tim_ex.o
 .ARM.attributes
                0x0000045b       0x32 ./Drivers/STM32H7xx_HAL_Driver/Src/stm32h7xx_hal_uart.o
 .ARM.attributes
                0x0000048d       0x32 ./Drivers/STM32H7xx_HAL_Driver/Src/stm32h7xx_hal_uart_ex.o
 .ARM.attributes
                0x000004bf       0x32 C:/ST/STM32CubeIDE_1.9.0/STM32CubeIDE/plugins/com.st.stm32cube.ide.mcu.externaltools.gnu-tools-for-stm32.13.3.rel1.win32_1.0.0.202411081344/tools/bin/../lib/gcc/arm-none-eabi/13.3.1/../../../../arm-none-eabi/lib/thumb/v7e-m+dp/hard\libc_nano.a(libc_a-malloc.o)
 .ARM.attributes
                0x000004f1       0x32 C:/ST/STM32CubeIDE_1.9.0/STM32CubeIDE/plugins/com.st.stm32cube.ide.mcu.externaltools.gnu-tools-for-stm32.13.3.rel1.win32_1.0.0.202411081344/tools/bin/../lib/gcc/arm-none-eabi/13.3.1/../../../../arm-none-eabi/lib/thumb/v7e-m+dp/hard\libc_nano.a(libc_a-mallocr.o)
 .ARM.attributes
                0x00000523       0x32 C:/ST/STM32CubeIDE_1.9.0/STM32CubeIDE/plugins/com.st.stm32cube.ide.mcu.externaltools.gnu-tools-for-stm32.13.3.rel1.win32_1.0.0.202411081344/tools/bin/../lib/gcc/arm-none-eabi/13.3.1/../../../../arm-none-eabi/lib/thumb/v7e-m+dp/hard\libc_nano.a(libc_a-mlock.o)
 .ARM.attributes
                0x00000555       0x32 C:/ST/STM32CubeIDE_1.9.0/STM32CubeIDE/plugins/com.st.stm32cube.ide.mcu.externaltools.gnu-tools-for-stm32.13.3.rel1.win32_1.0.0.202411081344/tools/bin/../lib/gcc/arm-none-eabi/13.3.1/../../../../arm-none-eabi/lib/thumb/v7e-m+dp/hard\libc_nano.a(libc_a-findfp.o)
 .ARM.attributes
                0x00000587       0x32 C:/ST/STM32CubeIDE_1.9.0/STM32CubeIDE/plugins/com.st.stm32cube.ide.mcu.externaltools.gnu-tools-for-stm32.13.3.rel1.win32_1.0.0.202411081344/tools/bin/../lib/gcc/arm-none-eabi/13.3.1/../../../../arm-none-eabi/lib/thumb/v7e-m+dp/hard\libc_nano.a(libc_a-memcmp.o)
 .ARM.attributes
                0x000005b9       0x32 C:/ST/STM32CubeIDE_1.9.0/STM32CubeIDE/plugins/com.st.stm32cube.ide.mcu.externaltools.gnu-tools-for-stm32.13.3.rel1.win32_1.0.0.202411081344/tools/bin/../lib/gcc/arm-none-eabi/13.3.1/../../../../arm-none-eabi/lib/thumb/v7e-m+dp/hard\libc_nano.a(libc_a-memset.o)
 .ARM.attributes
                0x000005eb       0x32 C:/ST/STM32CubeIDE_1.9.0/STM32CubeIDE/plugins/com.st.stm32cube.ide.mcu.externaltools.gnu-tools-for-stm32.13.3.rel1.win32_1.0.0.202411081344/tools/bin/../lib/gcc/arm-none-eabi/13.3.1/../../../../arm-none-eabi/lib/thumb/v7e-m+dp/hard\libc_nano.a(libc_a-reent.o)
 .ARM.attributes
                0x0000061d       0x32 C:/ST/STM32CubeIDE_1.9.0/STM32CubeIDE/plugins/com.st.stm32cube.ide.mcu.externaltools.gnu-tools-for-stm32.13.3.rel1.win32_1.0.0.202411081344/tools/bin/../lib/gcc/arm-none-eabi/13.3.1/../../../../arm-none-eabi/lib/thumb/v7e-m+dp/hard\libc_nano.a(libc_a-impure.o)
 .ARM.attributes
                0x0000064f       0x32 C:/ST/STM32CubeIDE_1.9.0/STM32CubeIDE/plugins/com.st.stm32cube.ide.mcu.externaltools.gnu-tools-for-stm32.13.3.rel1.win32_1.0.0.202411081344/tools/bin/../lib/gcc/arm-none-eabi/13.3.1/../../../../arm-none-eabi/lib/thumb/v7e-m+dp/hard\libc_nano.a(libc_a-sbrkr.o)
 .ARM.attributes
                0x00000681       0x32 C:/ST/STM32CubeIDE_1.9.0/STM32CubeIDE/plugins/com.st.stm32cube.ide.mcu.externaltools.gnu-tools-for-stm32.13.3.rel1.win32_1.0.0.202411081344/tools/bin/../lib/gcc/arm-none-eabi/13.3.1/../../../../arm-none-eabi/lib/thumb/v7e-m+dp/hard\libc_nano.a(libc_a-errno.o)
 .ARM.attributes
                0x000006b3       0x32 C:/ST/STM32CubeIDE_1.9.0/STM32CubeIDE/plugins/com.st.stm32cube.ide.mcu.externaltools.gnu-tools-for-stm32.13.3.rel1.win32_1.0.0.202411081344/tools/bin/../lib/gcc/arm-none-eabi/13.3.1/../../../../arm-none-eabi/lib/thumb/v7e-m+dp/hard\libc_nano.a(libc_a-init.o)
 .ARM.attributes
                0x000006e5       0x32 C:/ST/STM32CubeIDE_1.9.0/STM32CubeIDE/plugins/com.st.stm32cube.ide.mcu.externaltools.gnu-tools-for-stm32.13.3.rel1.win32_1.0.0.202411081344/tools/bin/../lib/gcc/arm-none-eabi/13.3.1/../../../../arm-none-eabi/lib/thumb/v7e-m+dp/hard\libc_nano.a(libc_a-lock.o)
 .ARM.attributes
                0x00000717       0x32 C:/ST/STM32CubeIDE_1.9.0/STM32CubeIDE/plugins/com.st.stm32cube.ide.mcu.externaltools.gnu-tools-for-stm32.13.3.rel1.win32_1.0.0.202411081344/tools/bin/../lib/gcc/arm-none-eabi/13.3.1/../../../../arm-none-eabi/lib/thumb/v7e-m+dp/hard\libc_nano.a(libc_a-memcpy-stub.o)
 .ARM.attributes
                0x00000749       0x32 C:/ST/STM32CubeIDE_1.9.0/STM32CubeIDE/plugins/com.st.stm32cube.ide.mcu.externaltools.gnu-tools-for-stm32.13.3.rel1.win32_1.0.0.202411081344/tools/bin/../lib/gcc/arm-none-eabi/13.3.1/../../../../arm-none-eabi/lib/thumb/v7e-m+dp/hard\libc_nano.a(libc_a-freer.o)
 .ARM.attributes
                0x0000077b       0x32 C:/ST/STM32CubeIDE_1.9.0/STM32CubeIDE/plugins/com.st.stm32cube.ide.mcu.externaltools.gnu-tools-for-stm32.13.3.rel1.win32_1.0.0.202411081344/tools/bin/../lib/gcc/arm-none-eabi/13.3.1/../../../../arm-none-eabi/lib/thumb/v7e-m+dp/hard\libm.a(libm_a-w_log10.o)
 .ARM.attributes
                0x000007ad       0x32 C:/ST/STM32CubeIDE_1.9.0/STM32CubeIDE/plugins/com.st.stm32cube.ide.mcu.externaltools.gnu-tools-for-stm32.13.3.rel1.win32_1.0.0.202411081344/tools/bin/../lib/gcc/arm-none-eabi/13.3.1/../../../../arm-none-eabi/lib/thumb/v7e-m+dp/hard\libm.a(libm_a-w_sqrt.o)
 .ARM.attributes
                0x000007df       0x32 C:/ST/STM32CubeIDE_1.9.0/STM32CubeIDE/plugins/com.st.stm32cube.ide.mcu.externaltools.gnu-tools-for-stm32.13.3.rel1.win32_1.0.0.202411081344/tools/bin/../lib/gcc/arm-none-eabi/13.3.1/../../../../arm-none-eabi/lib/thumb/v7e-m+dp/hard\libm.a(libm_a-s_nan.o)
 .ARM.attributes
                0x00000811       0x32 C:/ST/STM32CubeIDE_1.9.0/STM32CubeIDE/plugins/com.st.stm32cube.ide.mcu.externaltools.gnu-tools-for-stm32.13.3.rel1.win32_1.0.0.202411081344/tools/bin/../lib/gcc/arm-none-eabi/13.3.1/../../../../arm-none-eabi/lib/thumb/v7e-m+dp/hard\libm.a(libm_a-log.o)
 .ARM.attributes
                0x00000843       0x32 C:/ST/STM32CubeIDE_1.9.0/STM32CubeIDE/plugins/com.st.stm32cube.ide.mcu.externaltools.gnu-tools-for-stm32.13.3.rel1.win32_1.0.0.202411081344/tools/bin/../lib/gcc/arm-none-eabi/13.3.1/../../../../arm-none-eabi/lib/thumb/v7e-m+dp/hard\libm.a(libm_a-log_data.o)
 .ARM.attributes
                0x00000875       0x32 C:/ST/STM32CubeIDE_1.9.0/STM32CubeIDE/plugins/com.st.stm32cube.ide.mcu.externaltools.gnu-tools-for-stm32.13.3.rel1.win32_1.0.0.202411081344/tools/bin/../lib/gcc/arm-none-eabi/13.3.1/../../../../arm-none-eabi/lib/thumb/v7e-m+dp/hard\libm.a(libm_a-pow.o)
 .ARM.attributes
                0x000008a7       0x32 C:/ST/STM32CubeIDE_1.9.0/STM32CubeIDE/plugins/com.st.stm32cube.ide.mcu.externaltools.gnu-tools-for-stm32.13.3.rel1.win32_1.0.0.202411081344/tools/bin/../lib/gcc/arm-none-eabi/13.3.1/../../../../arm-none-eabi/lib/thumb/v7e-m+dp/hard\libm.a(libm_a-pow_log_data.o)
 .ARM.attributes
                0x000008d9       0x32 C:/ST/STM32CubeIDE_1.9.0/STM32CubeIDE/plugins/com.st.stm32cube.ide.mcu.externaltools.gnu-tools-for-stm32.13.3.rel1.win32_1.0.0.202411081344/tools/bin/../lib/gcc/arm-none-eabi/13.3.1/../../../../arm-none-eabi/lib/thumb/v7e-m+dp/hard\libm.a(libm_a-e_sqrt.o)
 .ARM.attributes
                0x0000090b       0x32 C:/ST/STM32CubeIDE_1.9.0/STM32CubeIDE/plugins/com.st.stm32cube.ide.mcu.externaltools.gnu-tools-for-stm32.13.3.rel1.win32_1.0.0.202411081344/tools/bin/../lib/gcc/arm-none-eabi/13.3.1/../../../../arm-none-eabi/lib/thumb/v7e-m+dp/hard\libm.a(libm_a-s_floor.o)
 .ARM.attributes
                0x0000093d       0x32 C:/ST/STM32CubeIDE_1.9.0/STM32CubeIDE/plugins/com.st.stm32cube.ide.mcu.externaltools.gnu-tools-for-stm32.13.3.rel1.win32_1.0.0.202411081344/tools/bin/../lib/gcc/arm-none-eabi/13.3.1/../../../../arm-none-eabi/lib/thumb/v7e-m+dp/hard\libm.a(libm_a-e_log10.o)
 .ARM.attributes
                0x0000096f       0x32 C:/ST/STM32CubeIDE_1.9.0/STM32CubeIDE/plugins/com.st.stm32cube.ide.mcu.externaltools.gnu-tools-for-stm32.13.3.rel1.win32_1.0.0.202411081344/tools/bin/../lib/gcc/arm-none-eabi/13.3.1/../../../../arm-none-eabi/lib/thumb/v7e-m+dp/hard\libm.a(libm_a-exp_data.o)
 .ARM.attributes
                0x000009a1       0x32 C:/ST/STM32CubeIDE_1.9.0/STM32CubeIDE/plugins/com.st.stm32cube.ide.mcu.externaltools.gnu-tools-for-stm32.13.3.rel1.win32_1.0.0.202411081344/tools/bin/../lib/gcc/arm-none-eabi/13.3.1/../../../../arm-none-eabi/lib/thumb/v7e-m+dp/hard\libm.a(libm_a-math_err.o)
 .ARM.attributes
                0x000009d3       0x20 C:/ST/STM32CubeIDE_1.9.0/STM32CubeIDE/plugins/com.st.stm32cube.ide.mcu.externaltools.gnu-tools-for-stm32.13.3.rel1.win32_1.0.0.202411081344/tools/bin/../lib/gcc/arm-none-eabi/13.3.1/thumb/v7e-m+dp/hard\libgcc.a(_aeabi_uldivmod.o)
 .ARM.attributes
                0x000009f3       0x32 C:/ST/STM32CubeIDE_1.9.0/STM32CubeIDE/plugins/com.st.stm32cube.ide.mcu.externaltools.gnu-tools-for-stm32.13.3.rel1.win32_1.0.0.202411081344/tools/bin/../lib/gcc/arm-none-eabi/13.3.1/thumb/v7e-m+dp/hard\libgcc.a(_udivmoddi4.o)
 .ARM.attributes
                0x00000a25       0x20 C:/ST/STM32CubeIDE_1.9.0/STM32CubeIDE/plugins/com.st.stm32cube.ide.mcu.externaltools.gnu-tools-for-stm32.13.3.rel1.win32_1.0.0.202411081344/tools/bin/../lib/gcc/arm-none-eabi/13.3.1/thumb/v7e-m+dp/hard\libgcc.a(_dvmd_tls.o)
 .ARM.attributes
                0x00000a45       0x20 C:/ST/STM32CubeIDE_1.9.0/STM32CubeIDE/plugins/com.st.stm32cube.ide.mcu.externaltools.gnu-tools-for-stm32.13.3.rel1.win32_1.0.0.202411081344/tools/bin/../lib/gcc/arm-none-eabi/13.3.1/thumb/v7e-m+dp/hard/crtn.o
OUTPUT(rhs_acquisition.elf elf32-littlearm)
LOAD linker stubs
LOAD C:/ST/STM32CubeIDE_1.9.0/STM32CubeIDE/plugins/com.st.stm32cube.ide.mcu.externaltools.gnu-tools-for-stm32.13.3.rel1.win32_1.0.0.202411081344/tools/bin/../lib/gcc/arm-none-eabi/13.3.1/../../../../arm-none-eabi/lib/thumb/v7e-m+dp/hard\libc.a
LOAD C:/ST/STM32CubeIDE_1.9.0/STM32CubeIDE/plugins/com.st.stm32cube.ide.mcu.externaltools.gnu-tools-for-stm32.13.3.rel1.win32_1.0.0.202411081344/tools/bin/../lib/gcc/arm-none-eabi/13.3.1/../../../../arm-none-eabi/lib/thumb/v7e-m+dp/hard\libm.a
LOAD C:/ST/STM32CubeIDE_1.9.0/STM32CubeIDE/plugins/com.st.stm32cube.ide.mcu.externaltools.gnu-tools-for-stm32.13.3.rel1.win32_1.0.0.202411081344/tools/bin/../lib/gcc/arm-none-eabi/13.3.1/thumb/v7e-m+dp/hard\libgcc.a

.debug_info     0x00000000    0x1dc75
 .debug_info    0x00000000      0x93f ./Core/Src/commonautosequences.o
 .debug_info    0x0000093f     0x2276 ./Core/Src/main.o
 .debug_info    0x00002bb5     0x22f8 ./Core/Src/rhsinterface.o
 .debug_info    0x00004ead     0x10c6 ./Core/Src/rhsregisters.o
 .debug_info    0x00005f73      0xd1e ./Core/Src/stimscheduler.o
 .debug_info    0x00006c91     0x1d55 ./Core/Src/stm32h7xx_hal_msp.o
 .debug_info    0x000089e6     0x1102 ./Core/Src/stm32h7xx_it.o
 .debug_info    0x00009ae8      0x168 ./Core/Src/sysmem.o
 .debug_info    0x00009c50      0xbf0 ./Core/Src/system_stm32h7xx.o
 .debug_info    0x0000a840     0x13fc ./Core/Src/userfunctions.o
 .debug_info    0x0000bc3c       0x30 ./Core/Startup/startup_stm32h723zgtx.o
 .debug_info    0x0000bc6c     0x1698 ./Drivers/STM32H7xx_HAL_Driver/Src/stm32h7xx_hal.o
 .debug_info    0x0000d304     0x10a5 ./Drivers/STM32H7xx_HAL_Driver/Src/stm32h7xx_hal_cortex.o
 .debug_info    0x0000e3a9      0xb71 ./Drivers/STM32H7xx_HAL_Driver/Src/stm32h7xx_hal_dma.o
 .debug_info    0x0000ef1a      0xc6b ./Drivers/STM32H7xx_HAL_Driver/Src/stm32h7xx_hal_gpio.o
 .debug_info    0x0000fb85      0xdce ./Drivers/STM32H7xx_HAL_Driver/Src/stm32h7xx_hal_pwr_ex.o
 .debug_info    0x00010953      0xd82 ./Drivers/STM32H7xx_HAL_Driver/Src/stm32h7xx_hal_rcc.o
 .debug_info    0x000116d5     0x120b ./Drivers/STM32H7xx_HAL_Driver/Src/stm32h7xx_hal_rcc_ex.o
 .debug_info    0x000128e0     0x144a ./Drivers/STM32H7xx_HAL_Driver/Src/stm32h7xx_hal_spi.o
 .debug_info    0x00013d2a     0x2bae ./Drivers/STM32H7xx_HAL_Driver/Src/stm32h7xx_hal_tim.o
 .debug_info    0x000168d8     0x18c1 ./Drivers/STM32H7xx_HAL_Driver/Src/stm32h7xx_hal_tim_ex.o
 .debug_info    0x00018199     0x4b1d ./Drivers/STM32H7xx_HAL_Driver/Src/stm32h7xx_hal_uart.o
 .debug_info    0x0001ccb6      0xfbf ./Drivers/STM32H7xx_HAL_Driver/Src/stm32h7xx_hal_uart_ex.o

.debug_abbrev   0x00000000     0x3830
 .debug_abbrev  0x00000000      0x195 ./Core/Src/commonautosequences.o