../Core/Inc/rhdinterface.h:122:20:write_pin	1
../Core/Inc/rhdinterface.h:148:20:allocate_sample_memory	2
../Core/Inc/rhdinterface.h:161:20:free_sample_memory	1
../Core/Inc/userfunctions.h:85:20:wait_ms	1
../Core/Inc/userfunctions.h:97:20:enable_interrupt_timer	2
../Core/Src/main.c:104:5:main	5
../Core/Src/main.c:229:6:SystemClock_Config	4
../Core/Src/main.c:288:13:MX_SPI3_Init	2
../Core/Src/main.c:336:13:MX_TIM3_Init	4
../Core/Src/main.c:384:13:MX_USART3_UART_Init	5
../Core/Src/main.c:430:13:MX_DMA_Init	1
../Core/Src/main.c:454:13:MX_GPIO_Init	1
../Core/Src/main.c:546:6:Error_Handler	1
